Component: Arm Compiler for Embedded 6.24 Tool: armlink [5f371500]

==============================================================================

Section Cross References

    display.o(.text.DisplaySetup) refers to crystalfontz128x128_st7735.o(.text.Crystalfontz128x128_Init) for Crystalfontz128x128_Init
    display.o(.text.DisplaySetup) refers to crystalfontz128x128_st7735.o(.text.Crystalfontz128x128_SetOrientation) for Crystalfontz128x128_SetOrientation
    display.o(.text.DisplaySetup) refers to display.o(.bss.grContext) for grContext
    display.o(.text.DisplaySetup) refers to crystalfontz128x128_st7735.o(.rodata.g_sCrystalfontz128x128) for g_sCrystalfontz128x128
    display.o(.text.DisplaySetup) refers to context.o(i.GrContextInit) for GrContextInit
    display.o(.text.DisplaySetup) refers to fontfixed6x8.o(.constdata) for g_sFontFixed6x8
    display.o(.text.DisplaySetup) refers to string.o(i.GrContextFontSet) for GrContextFontSet
    display.o(.ARM.exidx.text.DisplaySetup) refers to display.o(.text.DisplaySetup) for [Anonymous Symbol]
    display.o(.ARM.exidx.text.FormatarValor) refers to display.o(.text.FormatarValor) for [Anonymous Symbol]
    display.o(.text.DesenharMenuPrincipal) refers to display.o(.bss.grContext) for grContext
    display.o(.text.DesenharMenuPrincipal) refers to rectangle.o(i.GrRectFill) for GrRectFill
    display.o(.text.DesenharMenuPrincipal) refers to fontfixed6x8.o(.constdata) for g_sFontFixed6x8
    display.o(.text.DesenharMenuPrincipal) refers to string.o(i.GrContextFontSet) for GrContextFontSet
    display.o(.text.DesenharMenuPrincipal) refers to display.o(.rodata.str1.1) for .L.str.10
    display.o(.text.DesenharMenuPrincipal) refers to string.o(i.GrStringWidthGet) for GrStringWidthGet
    display.o(.text.DesenharMenuPrincipal) refers to string.o(i.GrFontBaselineGet) for GrFontBaselineGet
    display.o(.text.DesenharMenuPrincipal) refers to string.o(i.GrStringDraw) for GrStringDraw
    display.o(.text.DesenharMenuPrincipal) refers to line.o(i.GrLineDraw) for GrLineDraw
    display.o(.text.DesenharMenuPrincipal) refers to display.o(.bss.menu_selecionado) for menu_selecionado
    display.o(.text.DesenharMenuPrincipal) refers to display.o(.data.titulos_menu) for titulos_menu
    display.o(.ARM.exidx.text.DesenharMenuPrincipal) refers to display.o(.text.DesenharMenuPrincipal) for [Anonymous Symbol]
    display.o(.text.DesenharSubMenu) refers to display.o(.bss.grContext) for grContext
    display.o(.text.DesenharSubMenu) refers to rectangle.o(i.GrRectFill) for GrRectFill
    display.o(.text.DesenharSubMenu) refers to string.o(i.GrStringWidthGet) for GrStringWidthGet
    display.o(.text.DesenharSubMenu) refers to string.o(i.GrFontBaselineGet) for GrFontBaselineGet
    display.o(.text.DesenharSubMenu) refers to string.o(i.GrStringDraw) for GrStringDraw
    display.o(.text.DesenharSubMenu) refers to line.o(i.GrLineDraw) for GrLineDraw
    display.o(.text.DesenharSubMenu) refers to display.o(.rodata.str1.1) for .L.str.12
    display.o(.ARM.exidx.text.DesenharSubMenu) refers to display.o(.text.DesenharSubMenu) for [Anonymous Symbol]
    display.o(.text.DesenharOsciloscopio) refers to rectangle.o(i.GrRectFill) for GrRectFill
    display.o(.text.DesenharOsciloscopio) refers to line.o(i.GrLineDraw) for GrLineDraw
    display.o(.text.DesenharOsciloscopio) refers to fontfixed6x8.o(.constdata) for g_sFontFixed6x8
    display.o(.text.DesenharOsciloscopio) refers to string.o(i.GrContextFontSet) for GrContextFontSet
    display.o(.text.DesenharOsciloscopio) refers to display.o(.rodata.str1.1) for .L.str.15
    display.o(.text.DesenharOsciloscopio) refers to string.o(i.GrStringDraw) for GrStringDraw
    display.o(.text.DesenharOsciloscopio) refers to display.o(.data.onda) for onda
    display.o(.ARM.exidx.text.DesenharOsciloscopio) refers to display.o(.text.DesenharOsciloscopio) for [Anonymous Symbol]
    display.o(.text.DesenharOsciloscopio2) refers to rectangle.o(i.GrRectFill) for GrRectFill
    display.o(.text.DesenharOsciloscopio2) refers to line.o(i.GrLineDraw) for GrLineDraw
    display.o(.text.DesenharOsciloscopio2) refers to fontfixed6x8.o(.constdata) for g_sFontFixed6x8
    display.o(.text.DesenharOsciloscopio2) refers to string.o(i.GrContextFontSet) for GrContextFontSet
    display.o(.text.DesenharOsciloscopio2) refers to display.o(.rodata.str1.1) for .L.str.15
    display.o(.text.DesenharOsciloscopio2) refers to string.o(i.GrStringDraw) for GrStringDraw
    display.o(.text.DesenharOsciloscopio2) refers to display.o(.data.onda) for onda
    display.o(.ARM.exidx.text.DesenharOsciloscopio2) refers to display.o(.text.DesenharOsciloscopio2) for [Anonymous Symbol]
    display.o(.data.titulos_menu) refers to display.o(.rodata.str1.1) for [Anonymous Symbol]
    display.o(.data.str_borda_trig) refers to display.o(.rodata.str1.1) for [Anonymous Symbol]
    display.o(.data.str_modo_single) refers to display.o(.rodata.str1.1) for [Anonymous Symbol]
[...]
    _initio                                   - Undefined Weak Reference
    _rand_init                                - Undefined Weak Reference
    _signal_finish                            - Undefined Weak Reference
    _signal_init                              - Undefined Weak Reference
    _terminate_alloc                          - Undefined Weak Reference
    _terminate_user_alloc                     - Undefined Weak Reference
    _terminateio                              - Undefined Weak Reference
    __Vectors_End                            0x00000200   Data           0  startup_tm4c129.o(RESET)
    __Vectors_Size                           0x00000200   Number         0  startup_tm4c129.o ABSOLUTE
    __main                                   0x00000201   Thumb Code     8  __main.o(!!!main)
    __scatterload                            0x00000209   Thumb Code     0  __scatter.o(!!!scatter)
    __scatterload_rt2                        0x00000209   Thumb Code    84  __scatter.o(!!!scatter)
    __scatterload_rt2_thumb_only             0x00000209   Thumb Code     0  __scatter.o(!!!scatter)
    __scatterload_loop                       0x00000213   Thumb Code     0  __scatter.o(!!!scatter)
    __decompress                             0x00000265   Thumb Code    58  __dczerorl.o(!!dczerorl)
    __decompress0                            0x00000265   Thumb Code     0  __dczerorl.o(!!dczerorl)
    __scatterload_null                       0x000002a1   Thumb Code     2  __scatter.o(!!handler_null)
    __scatterload_zeroinit                   0x000002a5   Thumb Code    28  __scatter_zi.o(!!handler_zi)
    __rt_lib_init                            0x000002c1   Thumb Code     0  libinit.o(.ARM.Collect$$libinit$$00000000)
    __rt_lib_init_fp_1                       0x000002c3   Thumb Code     0  libinit2.o(.ARM.Collect$$libinit$$00000001)
    __rt_lib_init_alloca_1                   0x000002c7   Thumb Code     0  libinit2.o(.ARM.Collect$$libinit$$00000030)
    __rt_lib_init_argv_1                     0x000002c7   Thumb Code     0  libinit2.o(.ARM.Collect$$libinit$$0000002E)
    __rt_lib_init_atexit_1                   0x000002c7   Thumb Code     0  libinit2.o(.ARM.Collect$$libinit$$0000001D)
    __rt_lib_init_clock_1                    0x000002c7   Thumb Code     0  libinit2.o(.ARM.Collect$$libinit$$00000023)
    __rt_lib_init_cpp_1                      0x000002c7   Thumb Code     0  libinit2.o(.ARM.Collect$$libinit$$00000034)
    __rt_lib_init_exceptions_1               0x000002c7   Thumb Code     0  libinit2.o(.ARM.Collect$$libinit$$00000032)
    __rt_lib_init_fp_trap_1                  0x000002c7   Thumb Code     0  libinit2.o(.ARM.Collect$$libinit$$00000021)
    __rt_lib_init_getenv_1                   0x000002c7   Thumb Code     0  libinit2.o(.ARM.Collect$$libinit$$00000025)
    __rt_lib_init_heap_1                     0x000002c7   Thumb Code     0  libinit2.o(.ARM.Collect$$libinit$$0000000C)
    __rt_lib_init_lc_collate_1               0x000002c7   Thumb Code     0  libinit2.o(.ARM.Collect$$libinit$$00000013)
    __rt_lib_init_lc_ctype_1                 0x000002c7   Thumb Code     0  libinit2.o(.ARM.Collect$$libinit$$00000015)
    __rt_lib_init_lc_monetary_1              0x000002c7   Thumb Code     0  libinit2.o(.ARM.Collect$$libinit$$00000017)
    __rt_lib_init_lc_numeric_1               0x000002c7   Thumb Code     0  libinit2.o(.ARM.Collect$$libinit$$00000019)
    __rt_lib_init_lc_time_1                  0x000002c7   Thumb Code     0  libinit2.o(.ARM.Collect$$libinit$$0000001B)
    __rt_lib_init_preinit_1                  0x000002c7   Thumb Code     0  libinit2.o(.ARM.Collect$$libinit$$00000006)
    __rt_lib_init_rand_1                     0x000002c7   Thumb Code     0  libinit2.o(.ARM.Collect$$libinit$$00000010)
    __rt_lib_init_relocate_pie_1             0x000002c7   Thumb Code     0  libinit2.o(.ARM.Collect$$libinit$$00000004)
    __rt_lib_init_return                     0x000002c7   Thumb Code     0  libinit2.o(.ARM.Collect$$libinit$$00000035)
    __rt_lib_init_signal_1                   0x000002c7   Thumb Code     0  libinit2.o(.ARM.Collect$$libinit$$0000001F)
    __rt_lib_init_stdio_1                    0x000002c7   Thumb Code     0  libinit2.o(.ARM.Collect$$libinit$$00000027)
    __rt_lib_init_user_alloc_1               0x000002c7   Thumb Code     0  libinit2.o(.ARM.Collect$$libinit$$0000000E)
    __rt_lib_shutdown                        0x000002c9   Thumb Code     0  libshutdown.o(.ARM.Collect$$libshutdown$$00000000)
    __rt_lib_shutdown_cpp_1                  0x000002cb   Thumb Code     0  libshutdown2.o(.ARM.Collect$$libshutdown$$00000002)
    __rt_lib_shutdown_fp_trap_1              0x000002cb   Thumb Code     0  libshutdown2.o(.ARM.Collect$$libshutdown$$00000007)
    __rt_lib_shutdown_heap_1                 0x000002cb   Thumb Code     0  libshutdown2.o(.ARM.Collect$$libshutdown$$0000000F)
    __rt_lib_shutdown_return                 0x000002cb   Thumb Code     0  libshutdown2.o(.ARM.Collect$$libshutdown$$00000010)
    __rt_lib_shutdown_signal_1               0x000002cb   Thumb Code     0  libshutdown2.o(.ARM.Collect$$libshutdown$$0000000A)
    __rt_lib_shutdown_stdio_1                0x000002cb   Thumb Code     0  libshutdown2.o(.ARM.Collect$$libshutdown$$00000004)
    __rt_lib_shutdown_user_alloc_1           0x000002cb   Thumb Code     0  libshutdown2.o(.ARM.Collect$$libshutdown$$0000000C)
    __rt_entry                               0x000002cd   Thumb Code     0  __rtentry.o(.ARM.Collect$$rtentry$$00000000)
    __rt_entry_presh_1                       0x000002cd   Thumb Code     0  __rtentry2.o(.ARM.Collect$$rtentry$$00000002)
    __rt_entry_sh                            0x000002cd   Thumb Code     0  __rtentry4.o(.ARM.Collect$$rtentry$$00000004)
    __rt_entry_li                            0x000002d3   Thumb Code     0  __rtentry2.o(.ARM.Collect$$rtentry$$0000000A)
    __rt_entry_postsh_1                      0x000002d3   Thumb Code     0  __rtentry2.o(.ARM.Collect$$rtentry$$00000009)
    __rt_entry_main                          0x000002d7   Thumb Code     0  __rtentry2.o(.ARM.Collect$$rtentry$$0000000D)
    __rt_entry_postli_1                      0x000002d7   Thumb Code     0  __rtentry2.o(.ARM.Collect$$rtentry$$0000000C)
    __rt_exit                                0x000002df   Thumb Code     0  rtexit.o(.ARM.Collect$$rtexit$$00000000)
    __rt_exit_ls                             0x000002e1   Thumb Code     0  rtexit2.o(.ARM.Collect$$rtexit$$00000003)
    __rt_exit_prels_1                        0x000002e1   Thumb Code     0  rtexit2.o(.ARM.Collect$$rtexit$$00000002)
    __rt_exit_exit                           0x000002e5   Thumb Code     0  rtexit2.o(.ARM.Collect$$rtexit$$00000004)
    SysCtlDelay                              0x000002ed   Thumb Code     6  sysctl.o(.emb_text)
    Reset_Handler                            0x000002f5   Thumb Code     8  startup_tm4c129.o(.text)
    NMI_Handler                              0x000002fd   Thumb Code     2  startup_tm4c129.o(.text)
    HardFault_Handler                        0x000002ff   Thumb Code     2  startup_tm4c129.o(.text)
    MemManage_Handler                        0x00000301   Thumb Code     2  startup_tm4c129.o(.text)
    BusFault_Handler                         0x00000303   Thumb Code     2  startup_tm4c129.o(.text)
    UsageFault_Handler                       0x00000305   Thumb Code     2  startup_tm4c129.o(.text)
    SVC_Handler                              0x00000307   Thumb Code     2  startup_tm4c129.o(.text)
    DebugMon_Handler                         0x00000309   Thumb Code     2  startup_tm4c129.o(.text)
    SysTick_Handler                          0x0000030d   Thumb Code     2  startup_tm4c129.o(.text)
    GPIOA_Handler                            0x0000030f   Thumb Code     2  startup_tm4c129.o(.text)
    GPIOB_Handler                            0x00000311   Thumb Code     2  startup_tm4c129.o(.text)
    GPIOC_Handler                            0x00000313   Thumb Code     2  startup_tm4c129.o(.text)
    GPIOD_Handler                            0x00000315   Thumb Code     2  startup_tm4c129.o(.text)
    GPIOE_Handler                            0x00000317   Thumb Code     2  startup_tm4c129.o(.text)
    UART0_Handler                            0x00000319   Thumb Code     2  startup_tm4c129.o(.text)
    UART1_Handler                            0x0000031b   Thumb Code     2  startup_tm4c129.o(.text)
    SSI0_Handler                             0x0000031d   Thumb Code     2  startup_tm4c129.o(.text)
    I2C0_Handler                             0x0000031f   Thumb Code     2  startup_tm4c129.o(.text)
    PMW0_FAULT_Handler                       0x00000321   Thumb Code     2  startup_tm4c129.o(.text)
    PWM0_0_Handler                           0x00000323   Thumb Code     2  startup_tm4c129.o(.text)
    PWM0_1_Handler                           0x00000325   Thumb Code     2  startup_tm4c129.o(.text)
    PWM0_2_Handler                           0x00000327   Thumb Code     2  startup_tm4c129.o(.text)
    QEI0_Handler                             0x00000329   Thumb Code     2  startup_tm4c129.o(.text)
    ADC0SS0_Handler                          0x0000032b   Thumb Code     2  startup_tm4c129.o(.text)
    ADC0SS1_Handler                          0x0000032d   Thumb Code     2  startup_tm4c129.o(.text)
    ADC0SS2_Handler                          0x0000032f   Thumb Code     2  startup_tm4c129.o(.text)
    ADC0SS3_Handler                          0x00000331   Thumb Code     2  startup_tm4c129.o(.text)
    WDT0_Handler                             0x00000333   Thumb Code     2  startup_tm4c129.o(.text)
    TIMER0A_Handler                          0x00000335   Thumb Code     2  startup_tm4c129.o(.text)
    TIMER0B_Handler                          0x00000337   Thumb Code     2  startup_tm4c129.o(.text)
    TIMER1A_Handler                          0x00000339   Thumb Code     2  startup_tm4c129.o(.text)
    TIMER1B_Handler                          0x0000033b   Thumb Code     2  startup_tm4c129.o(.text)
    TIMER2A_Handler                          0x0000033d   Thumb Code     2  startup_tm4c129.o(.text)
    TIMER2B_Handler                          0x0000033f   Thumb Code     2  startup_tm4c129.o(.text)
    COMP0_Handler                            0x00000341   Thumb Code     2  startup_tm4c129.o(.text)
    COMP1_Handler                            0x00000343   Thumb Code     2  startup_tm4c129.o(.text)
    COMP2_Handler                            0x00000345   Thumb Code     2  startup_tm4c129.o(.text)
    SYSCTL_Handler                           0x00000347   Thumb Code     2  startup_tm4c129.o(.text)
    FLASH_Handler                            0x00000349   Thumb Code     2  startup_tm4c129.o(.text)
    GPIOF_Handler                            0x0000034b   Thumb Code     2  startup_tm4c129.o(.text)
    GPIOG_Handler                            0x0000034d   Thumb Code     2  startup_tm4c129.o(.text)
    GPIOH_Handler                            0x0000034f   Thumb Code     2  startup_tm4c129.o(.text)
    UART2_Handler                            0x00000351   Thumb Code     2  startup_tm4c129.o(.text)
    SSI1_Handler                             0x00000353   Thumb Code     2  startup_tm4c129.o(.text)
    TIMER3A_Handler                          0x00000355   Thumb Code     2  startup_tm4c129.o(.text)
    TIMER3B_Handler                          0x00000357   Thumb Code     2  startup_tm4c129.o(.text)
    I2C1_Handler                             0x00000359   Thumb Code     2  startup_tm4c129.o(.text)
    CAN0_Handler                             0x0000035b   Thumb Code     2  startup_tm4c129.o(.text)
    CAN1_Handler                             0x0000035d   Thumb Code     2  startup_tm4c129.o(.text)
    ETH_Handler                              0x0000035f   Thumb Code     2  startup_tm4c129.o(.text)
    HIB_Handler                              0x00000361   Thumb Code     2  startup_tm4c129.o(.text)
    USB0_Handler                             0x00000363   Thumb Code     2  startup_tm4c129.o(.text)
    PWM0_3_Handler                           0x00000365   Thumb Code     2  startup_tm4c129.o(.text)
    UDMA_Handler                             0x00000367   Thumb Code     2  startup_tm4c129.o(.text)
    UDMAERR_Handler                          0x00000369   Thumb Code     2  startup_tm4c129.o(.text)
    ADC1SS0_Handler                          0x0000036b   Thumb Code     2  startup_tm4c129.o(.text)
    ADC1SS1_Handler                          0x0000036d   Thumb Code     2  startup_tm4c129.o(.text)
    ADC1SS2_Handler                          0x0000036f   Thumb Code     2  startup_tm4c129.o(.text)
    ADC1SS3_Handler                          0x00000371   Thumb Code     2  startup_tm4c129.o(.text)
    EBI0_Handler                             0x00000373   Thumb Code     2  startup_tm4c129.o(.text)
    GPIOJ_Handler                            0x00000375   Thumb Code     2  startup_tm4c129.o(.text)
    GPIOK_Handler                            0x00000377   Thumb Code     2  startup_tm4c129.o(.text)
    GPIOL_Handler                            0x00000379   Thumb Code     2  startup_tm4c129.o(.text)
    SSI2_Handler                             0x0000037b   Thumb Code     2  startup_tm4c129.o(.text)
    SSI3_Handler                             0x0000037d   Thumb Code     2  startup_tm4c129.o(.text)
    UART3_Handler                            0x0000037f   Thumb Code     2  startup_tm4c129.o(.text)
    UART4_Handler                            0x00000381   Thumb Code     2  startup_tm4c129.o(.text)
    UART5_Handler                            0x00000383   Thumb Code     2  startup_tm4c129.o(.text)
    UART6_Handler                            0x00000385   Thumb Code     2  startup_tm4c129.o(.text)
    UART7_Handler                            0x00000387   Thumb Code     2  startup_tm4c129.o(.text)
    I2C2_Handler                             0x00000389   Thumb Code     2  startup_tm4c129.o(.text)
    I2C3_Handler                             0x0000038b   Thumb Code     2  startup_tm4c129.o(.text)
    TIMER4A_Handler                          0x0000038d   Thumb Code     2  startup_tm4c129.o(.text)
    TIMER4B_Handler                          0x0000038f   Thumb Code     2  startup_tm4c129.o(.text)
    TIMER5A_Handler                          0x00000391   Thumb Code     2  startup_tm4c129.o(.text)
    TIMER5B_Handler                          0x00000393   Thumb Code     2  startup_tm4c129.o(.text)
    WTIMER0A_Handler                         0x00000395   Thumb Code     2  startup_tm4c129.o(.text)
    WTIMER0B_Handler                         0x00000397   Thumb Code     2  startup_tm4c129.o(.text)
    WTIMER1A_Handler                         0x00000399   Thumb Code     2  startup_tm4c129.o(.text)
    WTIMER1B_Handler                         0x0000039b   Thumb Code     2  startup_tm4c129.o(.text)
    WTIMER2A_Handler                         0x0000039d   Thumb Code     2  startup_tm4c129.o(.text)
    WTIMER2B_Handler                         0x0000039f   Thumb Code     2  startup_tm4c129.o(.text)
    WTIMER3A_Handler                         0x000003a1   Thumb Code     2  startup_tm4c129.o(.text)
    WTIMER3B_Handler                         0x000003a3   Thumb Code     2  startup_tm4c129.o(.text)
    WTIMER4A_Handler                         0x000003a5   Thumb Code     2  startup_tm4c129.o(.text)
    WTIMER4B_Handler                         0x000003a7   Thumb Code     2  startup_tm4c129.o(.text)
    WTIMER5A_Handler                         0x000003a9   Thumb Code     2  startup_tm4c129.o(.text)
    WTIMER5B_Handler                         0x000003ab   Thumb Code     2  startup_tm4c129.o(.text)
    FPU_Handler                              0x000003ad   Thumb Code     2  startup_tm4c129.o(.text)
    I2C4_Handler                             0x000003af   Thumb Code     2  startup_tm4c129.o(.text)
    I2C5_Handler                             0x000003b1   Thumb Code     2  startup_tm4c129.o(.text)
    GPIOM_Handler                            0x000003b3   Thumb Code     2  startup_tm4c129.o(.text)
    GPION_Handler                            0x000003b5   Thumb Code     2  startup_tm4c129.o(.text)
    TAMPER_Handler                           0x000003b7   Thumb Code     2  startup_tm4c129.o(.text)
    GPIOP0_Handler                           0x000003b9   Thumb Code     2  startup_tm4c129.o(.text)
    GPIOP1_Handler                           0x000003bb   Thumb Code     2  startup_tm4c129.o(.text)
    GPIOP2_Handler                           0x000003bd   Thumb Code     2  startup_tm4c129.o(.text)
    GPIOP3_Handler                           0x000003bf   Thumb Code     2  startup_tm4c129.o(.text)
    GPIOP4_Handler                           0x000003c1   Thumb Code     2  startup_tm4c129.o(.text)
    GPIOP5_Handler                           0x000003c3   Thumb Code     2  startup_tm4c129.o(.text)
    GPIOP6_Handler                           0x000003c5   Thumb Code     2  startup_tm4c129.o(.text)
    GPIOP7_Handler                           0x000003c7   Thumb Code     2  startup_tm4c129.o(.text)
    GPIOQ0_Handler                           0x000003c9   Thumb Code     2  startup_tm4c129.o(.text)
    GPIOQ1_Handler                           0x000003cb   Thumb Code     2  startup_tm4c129.o(.text)
    GPIOQ2_Handler                           0x000003cd   Thumb Code     2  startup_tm4c129.o(.text)
    GPIOQ3_Handler                           0x000003cf   Thumb Code     2  startup_tm4c129.o(.text)
    GPIOQ4_Handler                           0x000003d1   Thumb Code     2  startup_tm4c129.o(.text)
    GPIOQ5_Handler                           0x000003d3   Thumb Code     2  startup_tm4c129.o(.text)
    GPIOQ6_Handler                           0x000003d5   Thumb Code     2  startup_tm4c129.o(.text)
    GPIOQ7_Handler                           0x000003d7   Thumb Code     2  startup_tm4c129.o(.text)
    GPIOR_Handler                            0x000003d9   Thumb Code     2  startup_tm4c129.o(.text)
    GPIOS_Handler                            0x000003db   Thumb Code     2  startup_tm4c129.o(.text)
    SHAMD5_Handler                           0x000003dd   Thumb Code     2  startup_tm4c129.o(.text)
    AES_Handler                              0x000003df   Thumb Code     2  startup_tm4c129.o(.text)
    DES3DES_Handler                          0x000003e1   Thumb Code     2  startup_tm4c129.o(.text)
    LCDCONTROLLER_Handler                    0x000003e3   Thumb Code     2  startup_tm4c129.o(.text)
    TIMER6A_Handler                          0x000003e5   Thumb Code     2  startup_tm4c129.o(.text)
    TIMER6B_Handler                          0x000003e7   Thumb Code     2  startup_tm4c129.o(.text)
    TIMER7A_Handler                          0x000003e9   Thumb Code     2  startup_tm4c129.o(.text)
    TIMER7B_Handler                          0x000003eb   Thumb Code     2  startup_tm4c129.o(.text)
    I2C6_Handler                             0x000003ed   Thumb Code     2  startup_tm4c129.o(.text)
    I2C7_Handler                             0x000003ef   Thumb Code     2  startup_tm4c129.o(.text)
    HIMSCANKEYBOARD_Handler                  0x000003f1   Thumb Code     2  startup_tm4c129.o(.text)
    ONEWIRE_Handler                          0x000003f3   Thumb Code     2  startup_tm4c129.o(.text)
    HIMPS2_Handler                           0x000003f5   Thumb Code     2  startup_tm4c129.o(.text)
    HIMLEDSEQUENCER_Handler                  0x000003f7   Thumb Code     2  startup_tm4c129.o(.text)
    HIMCONSUMERIR_Handler                    0x000003f9   Thumb Code     2  startup_tm4c129.o(.text)
    I2C8_Handler                             0x000003fb   Thumb Code     2  startup_tm4c129.o(.text)
    I2C9_Handler                             0x000003fd   Thumb Code     2  startup_tm4c129.o(.text)
    GPIOT_Handler                            0x000003ff   Thumb Code     2  startup_tm4c129.o(.text)
    __user_initial_stackheap                 0x00000401   Thumb Code     0  startup_tm4c129.o(.text)
    _tx_initialize_low_level                 0x00000421   Thumb Code     0  tx_initialize_low_level.o(.text)
    __tx_SysTickHandler                      0x0000046f   Thumb Code     0  tx_initialize_low_level.o(.text)
    _tx_thread_context_restore               0x00000499   Thumb Code     0  tx_thread_context_restore.o(.text)
    _tx_thread_context_save                  0x000004a1   Thumb Code     0  tx_thread_context_save.o(.text)
    _tx_thread_schedule                      0x000004a5   Thumb Code     0  tx_thread_schedule.o(.text)
    PendSV_Handler                           0x000004d1   Thumb Code     0  tx_thread_schedule.o(.text)
    __tx_PendSVHandler                       0x000004d1   Thumb Code     0  tx_thread_schedule.o(.text)
    tx_thread_fpu_enable                     0x00000575   Thumb Code     0  tx_thread_schedule.o(.text)
    tx_thread_fpu_disable                    0x00000577   Thumb Code     0  tx_thread_schedule.o(.text)
    _tx_vfp_access                           0x00000579   Thumb Code     0  tx_thread_schedule.o(.text)
    _tx_timer_interrupt                      0x00000585   Thumb Code     0  tx_timer_interrupt.o(.text)
    _tx_initialize_high_level                0x0000066d   Thumb Code   134  tx_initialize_high_level.o(.text)
    _tx_initialize_kernel_enter              0x000006f5   Thumb Code    78  tx_initialize_kernel_enter.o(.text)
    _tx_thread_initialize                    0x00000745   Thumb Code   128  tx_thread_initialize.o(.text)
    _tx_thread_sleep                         0x000007c5   Thumb Code   142  tx_thread_sleep.o(.text)
    _txe_byte_allocate                       0x00000855   Thumb Code   182  txe_byte_allocate.o(.text)
    _txe_byte_pool_create                    0x0000090d   Thumb Code   366  txe_byte_pool_create.o(.text)
    _txe_event_flags_create                  0x00000a7d   Thumb Code   322  txe_event_flags_create.o(.text)
    _txe_event_flags_get                     0x00000bc1   Thumb Code   160  txe_event_flags_get.o(.text)
    _txe_event_flags_set                     0x00000c61   Thumb Code    38  txe_event_flags_set.o(.text)
    _txe_mutex_create                        0x00000c89   Thumb Code   324  txe_mutex_create.o(.text)
    _txe_mutex_get                           0x00000dcd   Thumb Code   118  txe_mutex_get.o(.text)
    _txe_mutex_put                           0x00000e45   Thumb Code    64  txe_mutex_put.o(.text)
    _txe_thread_create                       0x00000e85   Thumb Code   408  txe_thread_create.o(.text)
    _tx_byte_allocate                        0x0000101d   Thumb Code   208  tx_byte_allocate.o(.text)
    _tx_byte_pool_create                     0x000010ed   Thumb Code   138  tx_byte_pool_create.o(.text)
    _tx_event_flags_create                   0x00001179   Thumb Code    88  tx_event_flags_create.o(.text)
    _tx_event_flags_get                      0x000011d1   Thumb Code   256  tx_event_flags_get.o(.text)
    _tx_event_flags_set                      0x000012d1   Thumb Code   522  tx_event_flags_set.o(.text)
    _tx_mutex_create                         0x000014dd   Thumb Code   106  tx_mutex_create.o(.text)
    _tx_mutex_get                            0x00001549   Thumb Code   278  tx_mutex_get.o(.text)
    _tx_mutex_put                            0x00001661   Thumb Code   622  tx_mutex_put.o(.text)
    _tx_thread_create                        0x000018d1   Thumb Code   296  tx_thread_create.o(.text)
    _tx_thread_system_preempt_check          0x000019f9   Thumb Code    74  tx_thread_system_preempt_check.o(.text)
    _tx_thread_system_suspend                0x00001a45   Thumb Code   512  tx_thread_system_suspend.o(.text)
    _tx_thread_time_slice                    0x00001c45   Thumb Code   112  tx_thread_time_slice.o(.text)
    _tx_timer_expiration_process             0x00001cb5   Thumb Code    36  tx_timer_expiration_process.o(.text)
    _tx_timer_initialize                     0x00001cd9   Thumb Code   252  tx_timer_initialize.o(.text)
    _tx_thread_stack_build                   0x00001de9   Thumb Code     0  tx_thread_stack_build.o(.text)
    _tx_byte_pool_cleanup                    0x00001e29   Thumb Code   146  tx_byte_pool_cleanup.o(.text)
    _tx_byte_pool_search                     0x00001ebd   Thumb Code   240  tx_byte_pool_search.o(.text)
    _tx_event_flags_cleanup                  0x00001fad   Thumb Code   154  tx_event_flags_cleanup.o(.text)
    _tx_mutex_cleanup                        0x00002049   Thumb Code   146  tx_mutex_cleanup.o(.text)
    _tx_mutex_thread_release                 0x000020dd   Thumb Code    70  tx_mutex_cleanup.o(.text)
    _tx_mutex_prioritize                     0x00002125   Thumb Code   182  tx_mutex_prioritize.o(.text)
    _tx_mutex_priority_change                0x000021dd   Thumb Code   220  tx_mutex_priority_change.o(.text)
    _tx_thread_shell_entry                   0x000022b9   Thumb Code   126  tx_thread_shell_entry.o(.text)
    _tx_thread_system_resume                 0x00002339   Thumb Code   334  tx_thread_system_resume.o(.text)
    _tx_thread_timeout                       0x00002489   Thumb Code    52  tx_thread_timeout.o(.text)
    _tx_timer_system_activate                0x000024bd   Thumb Code    90  tx_timer_system_activate.o(.text)
    _tx_timer_thread_entry                   0x00002519   Thumb Code   320  tx_timer_thread_entry.o(.text)
    _tx_timer_system_deactivate              0x00002659   Thumb Code    46  tx_timer_system_deactivate.o(.text)
    __aeabi_uldivmod                         0x00002687   Thumb Code     0  lludivv7m.o(.text)
    _ll_udiv                                 0x00002687   Thumb Code   240  lludivv7m.o(.text)
    __aeabi_memset                           0x00002777   Thumb Code    16  aeabi_memset.o(.text)
    __aeabi_memclr4                          0x00002787   Thumb Code     0  rt_memclr_w.o(.text)
    __aeabi_memclr8                          0x00002787   Thumb Code     0  rt_memclr_w.o(.text)
    __rt_memclr_w                            0x00002787   Thumb Code     0  rt_memclr_w.o(.text)
    _memset_w                                0x0000278b   Thumb Code    74  rt_memclr_w.o(.text)
    __use_two_region_memory                  0x000027d5   Thumb Code     2  heapauxi.o(.text)
    __rt_heap_escrow$2region                 0x000027d7   Thumb Code     2  heapauxi.o(.text)
    __rt_heap_expand$2region                 0x000027d9   Thumb Code     2  heapauxi.o(.text)
    __aeabi_memclr                           0x000027db   Thumb Code     0  rt_memclr.o(.text)
    __rt_memclr                              0x000027db   Thumb Code     0  rt_memclr.o(.text)
    _memset                                  0x000027df   Thumb Code    64  rt_memclr.o(.text)
    __user_setup_stackheap                   0x0000281f   Thumb Code    74  sys_stackheap_outer.o(.text)
    exit                                     0x00002869   Thumb Code    18  exit.o(.text)
    __user_libspace                          0x0000287d   Thumb Code     8  libspace.o(.text)
    __user_perproc_libspace                  0x0000287d   Thumb Code     0  libspace.o(.text)
    __user_perthread_libspace                0x0000287d   Thumb Code     0  libspace.o(.text)
    _sys_exit                                0x00002885   Thumb Code     8  sys_exit.o(.text)
    __I$use$semihosting                      0x00002891   Thumb Code     0  use_no_semi.o(.text)
    __use_no_semihosting_swi                 0x00002891   Thumb Code     2  use_no_semi.o(.text)
    __semihosting_library_function           0x00002893   Thumb Code     0  indicate_semi.o(.text)
    ADC1_InterruptHandler                    0x00002895   Thumb Code    56  hardware.o(.text.ADC1_InterruptHandler)
    ConfigurarADC0                           0x000028cd   Thumb Code   210  hardware.o(.text.ConfigurarADC0)
    ConfigurarOsciloscopioBackground         0x000029a1   Thumb Code   238  hardware.o(.text.ConfigurarOsciloscopioBackground)
    ConfigurarTimer1A                        0x00002a91   Thumb Code   148  hardware.o(.text.ConfigurarTimer1A)
    Crystalfontz128x128_Init                 0x00002b81   Thumb Code   250  crystalfontz128x128_st7735.o(.text.Crystalfontz128x128_Init)
    Crystalfontz128x128_SetDrawFrame         0x00003309   Thumb Code   144  crystalfontz128x128_st7735.o(.text.Crystalfontz128x128_SetDrawFrame)
    Crystalfontz128x128_SetOrientation       0x00003399   Thumb Code    50  crystalfontz128x128_st7735.o(.text.Crystalfontz128x128_SetOrientation)
    DesenharMenuPrincipal                    0x000033cd   Thumb Code   342  display.o(.text.DesenharMenuPrincipal)
    DesenharOsciloscopio                     0x00003525   Thumb Code   642  display.o(.text.DesenharOsciloscopio)
    DesenharOsciloscopio2                    0x000037a9   Thumb Code   948  display.o(.text.DesenharOsciloscopio2)
    DesenharSubMenu                          0x00003b5d   Thumb Code   916  display.o(.text.DesenharSubMenu)
    DisplaySetup                             0x00003efd   Thumb Code    52  display.o(.text.DisplaySetup)
    FormatarValor                            0x00003f31   Thumb Code   514  display.o(.text.FormatarValor)
    GPIOC_InterruptHandler                   0x00004135   Thumb Code    54  hardware.o(.text.GPIOC_InterruptHandler)
    HAL_LCD_PortInit                         0x0000416d   Thumb Code   122  hal_ek_tm4c1294xl_crystalfontz128x128_st7735.o(.text.HAL_LCD_PortInit)
    HAL_LCD_SpiInit                          0x000041e9   Thumb Code   138  hal_ek_tm4c1294xl_crystalfontz128x128_st7735.o(.text.HAL_LCD_SpiInit)
    HAL_LCD_writeCommand                     0x00004275   Thumb Code    68  hal_ek_tm4c1294xl_crystalfontz128x128_st7735.o(.text.HAL_LCD_writeCommand)
    HAL_LCD_writeData                        0x000042b9   Thumb Code    14  hal_ek_tm4c1294xl_crystalfontz128x128_st7735.o(.text.HAL_LCD_writeData)
    MontarAmostrasTela                       0x000042c9   Thumb Code   746  main.o(.text.MontarAmostrasTela)
    MontarAmostrasTela2                      0x000045b5   Thumb Code   876  main.o(.text.MontarAmostrasTela2)
    OscBufferPush                            0x00004921   Thumb Code    82  main.o(.text.OscBufferPush)
    SystemInit                               0x00004975   Thumb Code    36  system_tm4c129.o(.text.SystemInit)
    Timer1A_Handler                          0x00004999   Thumb Code    36  hardware.o(.text.Timer1A_Handler)
    main                                     0x000049bd   Thumb Code    44  main.o(.text.main)
    thread_0_entry                           0x000049e9   Thumb Code   448  main.o(.text.thread_0_entry)
    thread_1_entry                           0x00004ba9   Thumb Code  1240  main.o(.text.thread_1_entry)
    tx_application_define                    0x000050d9   Thumb Code   276  main.o(.text.tx_application_define)
    ADCIntClear                              0x00005225   Thumb Code    10  adc.o(i.ADCIntClear)
    ADCIntEnable                             0x0000522f   Thumb Code    16  adc.o(i.ADCIntEnable)
    ADCIntRegister                           0x00005241   Thumb Code    92  adc.o(i.ADCIntRegister)
    ADCSequenceConfigure                     0x000052a9   Thumb Code    96  adc.o(i.ADCSequenceConfigure)
    ADCSequenceDataGet                       0x00005309   Thumb Code    36  adc.o(i.ADCSequenceDataGet)
    ADCSequenceEnable                        0x0000532d   Thumb Code    14  adc.o(i.ADCSequenceEnable)
    ADCSequenceStepConfigure                 0x0000533b   Thumb Code   154  adc.o(i.ADCSequenceStepConfigure)
    GPIODirModeSet                           0x000053d5   Thumb Code    40  gpio.o(i.GPIODirModeSet)
    GPIOIntClear                             0x000053fd   Thumb Code     6  gpio.o(i.GPIOIntClear)
    GPIOIntEnable                            0x00005403   Thumb Code    12  gpio.o(i.GPIOIntEnable)
    GPIOIntRegister                          0x0000540f   Thumb Code    26  gpio.o(i.GPIOIntRegister)
    GPIOIntStatus                            0x00005429   Thumb Code    14  gpio.o(i.GPIOIntStatus)
    GPIOIntTypeSet                           0x00005437   Thumb Code    80  gpio.o(i.GPIOIntTypeSet)
    GPIOPadConfigSet                         0x00005489   Thumb Code   354  gpio.o(i.GPIOPadConfigSet)
    GPIOPinConfigure                         0x000055f9   Thumb Code    60  gpio.o(i.GPIOPinConfigure)
    GPIOPinTypeADC                           0x0000563d   Thumb Code    28  gpio.o(i.GPIOPinTypeADC)
    GPIOPinTypeGPIOInput                     0x00005659   Thumb Code    28  gpio.o(i.GPIOPinTypeGPIOInput)
    GPIOPinTypeGPIOOutput                    0x00005675   Thumb Code    28  gpio.o(i.GPIOPinTypeGPIOOutput)
    GPIOPinTypeSSI                           0x00005691   Thumb Code    28  gpio.o(i.GPIOPinTypeSSI)
    GPIOPinWrite                             0x000056ad   Thumb Code     6  gpio.o(i.GPIOPinWrite)
    GrContextFontSet                         0x000056b3   Thumb Code     6  string.o(i.GrContextFontSet)
    GrContextInit                            0x000056b9   Thumb Code    88  context.o(i.GrContextInit)
    GrDefaultStringRenderer                  0x0000571d   Thumb Code   280  string.o(i.GrDefaultStringRenderer)
    GrFontBaselineGet                        0x00005835   Thumb Code    44  string.o(i.GrFontBaselineGet)
    GrFontGlyphDataGet                       0x00005861   Thumb Code   166  string.o(i.GrFontGlyphDataGet)
    GrFontGlyphRender                        0x00005907   Thumb Code   646  string.o(i.GrFontGlyphRender)
    GrLineDraw                               0x00005b8d   Thumb Code   638  line.o(i.GrLineDraw)
    GrMapISO8859_1_Unicode                   0x00005e0b   Thumb Code     8  charmap.o(i.GrMapISO8859_1_Unicode)
    GrRectFill                               0x00005e13   Thumb Code   180  rectangle.o(i.GrRectFill)
    GrStringDraw                             0x00005ec7   Thumb Code    32  string.o(i.GrStringDraw)
    GrStringWidthGet                         0x00005ee7   Thumb Code   192  string.o(i.GrStringWidthGet)
    IntEnable                                0x00005fa9   Thumb Code    92  interrupt.o(i.IntEnable)
    IntPrioritySet                           0x0000600d   Thumb Code    36  interrupt.o(i.IntPrioritySet)
    IntRegister                              0x00006035   Thumb Code    44  interrupt.o(i.IntRegister)
    SSIBusy                                  0x00006069   Thumb Code     8  ssi.o(i.SSIBusy)
    SSIConfigSetExpClk                       0x00006071   Thumb Code    58  ssi.o(i.SSIConfigSetExpClk)
    SSIDataPut                               0x000060ab   Thumb Code    12  ssi.o(i.SSIDataPut)
    SSIEnable                                0x000060b7   Thumb Code    10  ssi.o(i.SSIEnable)
    SysCtlClockFreqSet                       0x000060c1   Thumb Code   700  sysctl.o(i.SysCtlClockFreqSet)
    SysCtlPeripheralEnable                   0x000063a5   Thumb Code    36  sysctl.o(i.SysCtlPeripheralEnable)
    SysCtlPeripheralReady                    0x000063cd   Thumb Code    40  sysctl.o(i.SysCtlPeripheralReady)
    TimerConfigure                           0x000063f9   Thumb Code    88  timer.o(i.TimerConfigure)
    TimerControlTrigger                      0x00006459   Thumb Code    70  timer.o(i.TimerControlTrigger)
    TimerDisable                             0x000064a9   Thumb Code    16  timer.o(i.TimerDisable)
    TimerEnable                              0x000064b9   Thumb Code    14  timer.o(i.TimerEnable)
    TimerIntClear                            0x000064c7   Thumb Code     4  timer.o(i.TimerIntClear)
    TimerIntEnable                           0x000064cb   Thumb Code     8  timer.o(i.TimerIntEnable)
    TimerIntRegister                         0x000064d5   Thumb Code    88  timer.o(i.TimerIntRegister)
    TimerLoadSet                             0x0000653d   Thumb Code    18  timer.o(i.TimerLoadSet)
    _fp_init                                 0x0000660d   Thumb Code    26  fpinit.o(x$fpl$fpinit)
    __fplib_config_fpu_vfp                   0x00006625   Thumb Code     0  fpinit.o(x$fpl$fpinit)
    __fplib_config_pureend_doubles           0x00006625   Thumb Code     0  fpinit.o(x$fpl$fpinit)
    g_psDefaultCodePointMapTable             0x00006c50   Data          16  context.o(.constdata)
    g_sFontFixed6x8                          0x00006f58   Data         200  fontfixed6x8.o(.constdata)
    g_sCrystalfontz128x128                   0x00007020   Data          40  crystalfontz128x128_st7735.o(.rodata.g_sCrystalfontz128x128)
    valores_hdiv                             0x000070d8   Data          16  display.o(.rodata.valores_hdiv)
    valores_nivel                            0x000070e8   Data          16  display.o(.rodata.valores_nivel)
    valores_taxa                             0x000070f8   Data          16  display.o(.rodata.valores_taxa)
    valores_vdiv                             0x00007108   Data          12  display.o(.rodata.valores_vdiv)
    Region$$Table$$Base                      0x00007114   Number         0  anon$$obj.o(Region$$Table)
    Image$$RO$$Limit                         0x00007134   Number         0  anon$$obj.o ABSOLUTE
    Region$$Table$$Limit                     0x00007134   Number         0  anon$$obj.o(Region$$Table)
    Image$$RW$$Base                          0x20000000   Number         0  anon$$obj.o ABSOLUTE
    SystemCoreClock                          0x20000004   Data           4  system_tm4c129.o(.data.SystemCoreClock)
    _tx_thread_system_state                  0x20000008   Data           4  tx_thread_initialize.o(.data._tx_thread_system_state)
    indice_hdiv                              0x2000000c   Data           4  display.o(.data.indice_hdiv)
    indice_nivel_trig                        0x20000010   Data           4  display.o(.data.indice_nivel_trig)
    indice_taxa                              0x20000014   Data           4  display.o(.data.indice_taxa)
    indice_vdiv                              0x20000018   Data           4  display.o(.data.indice_vdiv)
    onda                                     0x2000001c   Data          24  display.o(.data.onda)
    str_borda_trig                           0x20000034   Data           8  display.o(.data.str_borda_trig)
    str_modo_single                          0x2000003c   Data           8  display.o(.data.str_modo_single)
    titulos_menu                             0x20000044   Data          24  display.o(.data.titulos_menu)
    Image$$ZI$$Base                          0x20000670   Number         0  anon$$obj.o ABSOLUTE
    __libspace_start                         0x20000670   Data          96  libspace.o(.bss)
    Lcd_FlagRead                             0x200006d0   Data           1  crystalfontz128x128_st7735.o(.bss.Lcd_FlagRead)
    __temporary_stack_top$libspace           0x200006d0   Data           0  libspace.o(.bss)
    Lcd_FontSolid                            0x200006d1   Data           1  crystalfontz128x128_st7735.o(.bss.Lcd_FontSolid)
    Lcd_Orientation                          0x200006d2   Data           1  crystalfontz128x128_st7735.o(.bss.Lcd_Orientation)
    Lcd_PenSolid                             0x200006d3   Data           1  crystalfontz128x128_st7735.o(.bss.Lcd_PenSolid)
    Lcd_ScreenHeigth                         0x200006d4   Data           2  crystalfontz128x128_st7735.o(.bss.Lcd_ScreenHeigth)
    Lcd_ScreenWidth                          0x200006d6   Data           2  crystalfontz128x128_st7735.o(.bss.Lcd_ScreenWidth)
    Lcd_TouchTrim                            0x200006d8   Data           2  crystalfontz128x128_st7735.o(.bss.Lcd_TouchTrim)
    Lcd_buffer                               0x200006da   Data       32768  crystalfontz128x128_st7735.o(.bss.Lcd_buffer)
    _tx_block_pool_created_count             0x200086dc   Data           4  tx_initialize_high_level.o(.bss._tx_block_pool_created_count)
    _tx_block_pool_created_ptr               0x200086e0   Data           4  tx_initialize_high_level.o(.bss._tx_block_pool_created_ptr)
    _tx_build_options                        0x200086e4   Data           4  tx_thread_initialize.o(.bss._tx_build_options)
    _tx_byte_pool_created_count              0x200086e8   Data           4  tx_initialize_high_level.o(.bss._tx_byte_pool_created_count)
    _tx_byte_pool_created_ptr                0x200086ec   Data           4  tx_initialize_high_level.o(.bss._tx_byte_pool_created_ptr)
    _tx_event_flags_created_count            0x200086f0   Data           4  tx_initialize_high_level.o(.bss._tx_event_flags_created_count)
    _tx_event_flags_created_ptr              0x200086f4   Data           4  tx_initialize_high_level.o(.bss._tx_event_flags_created_ptr)
    _tx_initialize_unused_memory             0x200086f8   Data           4  tx_initialize_high_level.o(.bss._tx_initialize_unused_memory)
    _tx_mutex_created_count                  0x200086fc   Data           4  tx_initialize_high_level.o(.bss._tx_mutex_created_count)
    _tx_mutex_created_ptr                    0x20008700   Data           4  tx_initialize_high_level.o(.bss._tx_mutex_created_ptr)
    _tx_queue_created_count                  0x20008704   Data           4  tx_initialize_high_level.o(.bss._tx_queue_created_count)
    _tx_queue_created_ptr                    0x20008708   Data           4  tx_initialize_high_level.o(.bss._tx_queue_created_ptr)
    _tx_semaphore_created_count              0x2000870c   Data           4  tx_initialize_high_level.o(.bss._tx_semaphore_created_count)
    _tx_semaphore_created_ptr                0x20008710   Data           4  tx_initialize_high_level.o(.bss._tx_semaphore_created_ptr)
    _tx_thread_created_count                 0x20008714   Data           4  tx_thread_initialize.o(.bss._tx_thread_created_count)
    _tx_thread_created_ptr                   0x20008718   Data           4  tx_thread_initialize.o(.bss._tx_thread_created_ptr)
    _tx_thread_current_ptr                   0x2000871c   Data           4  tx_thread_initialize.o(.bss._tx_thread_current_ptr)
    _tx_thread_execute_ptr                   0x20008720   Data           4  tx_thread_initialize.o(.bss._tx_thread_execute_ptr)
    _tx_thread_highest_priority              0x20008724   Data           4  tx_thread_initialize.o(.bss._tx_thread_highest_priority)
    _tx_thread_mutex_release                 0x20008728   Data           4  tx_thread_initialize.o(.bss._tx_thread_mutex_release)
    _tx_thread_preempt_disable               0x2000872c   Data           4  tx_thread_initialize.o(.bss._tx_thread_preempt_disable)
    _tx_thread_preempted_maps                0x20008730   Data           4  tx_thread_initialize.o(.bss._tx_thread_preempted_maps)
    _tx_thread_priority_list                 0x20008734   Data         128  tx_thread_initialize.o(.bss._tx_thread_priority_list)
    _tx_thread_priority_maps                 0x200087b4   Data           4  tx_thread_initialize.o(.bss._tx_thread_priority_maps)
    _tx_thread_system_stack_ptr              0x200087b8   Data           4  tx_thread_initialize.o(.bss._tx_thread_system_stack_ptr)
    _tx_timer_created_count                  0x200087bc   Data           4  tx_timer_initialize.o(.bss._tx_timer_created_count)
    _tx_timer_created_ptr                    0x200087c0   Data           4  tx_timer_initialize.o(.bss._tx_timer_created_ptr)
    _tx_timer_current_ptr                    0x200087c4   Data           4  tx_timer_initialize.o(.bss._tx_timer_current_ptr)
    _tx_timer_expired                        0x200087c8   Data           4  tx_timer_initialize.o(.bss._tx_timer_expired)
    _tx_timer_expired_time_slice             0x200087cc   Data           4  tx_timer_initialize.o(.bss._tx_timer_expired_time_slice)
    _tx_timer_expired_timer_ptr              0x200087d0   Data           4  tx_timer_initialize.o(.bss._tx_timer_expired_timer_ptr)
    _tx_timer_list                           0x200087d4   Data         128  tx_timer_initialize.o(.bss._tx_timer_list)
    _tx_timer_list_end                       0x20008854   Data           4  tx_timer_initialize.o(.bss._tx_timer_list_end)
    _tx_timer_list_start                     0x20008858   Data           4  tx_timer_initialize.o(.bss._tx_timer_list_start)
    _tx_timer_priority                       0x2000885c   Data           4  tx_timer_initialize.o(.bss._tx_timer_priority)
    _tx_timer_stack_size                     0x20008860   Data           4  tx_timer_initialize.o(.bss._tx_timer_stack_size)
    _tx_timer_stack_start                    0x20008864   Data           4  tx_timer_initialize.o(.bss._tx_timer_stack_start)
    _tx_timer_system_clock                   0x20008868   Data           4  tx_timer_initialize.o(.bss._tx_timer_system_clock)
    _tx_timer_thread                         0x2000886c   Data         180  tx_timer_initialize.o(.bss._tx_timer_thread)
    _tx_timer_thread_stack_area              0x20008920   Data        1024  tx_timer_initialize.o(.bss._tx_timer_thread_stack_area)
    _tx_timer_time_slice                     0x20008d20   Data           4  tx_timer_initialize.o(.bss._tx_timer_time_slice)
    byte_pool_0                              0x20009d24   Data          52  main.o(.bss.byte_pool_0)
    display_mutex                            0x20009d58   Data          52  main.o(.bss.display_mutex)
    estado_atual                             0x20009d8c   Data           1  display.o(.bss.estado_atual)
    flag_0                                   0x20009d90   Data          40  main.o(.bss.flag_0)
    grContext                                0x20009db8   Data          44  display.o(.bss.grContext)
    indice_borda_trig                        0x20009de4   Data           4  display.o(.bss.indice_borda_trig)
    indice_modo_single                       0x20009de8   Data           4  display.o(.bss.indice_modo_single)
    memory_area                              0x20009dec   Data       18000  main.o(.bss.memory_area)
    menu_selecionado                         0x2000e43c   Data           4  display.o(.bss.menu_selecionado)
    osc_buffer                               0x2000e440   Data        8200  main.o(.bss.osc_buffer)
    thread_0                                 0x2001044c   Data         180  main.o(.bss.thread_0)
    thread_1                                 0x20010500   Data         180  main.o(.bss.thread_1)
    ui32SysClock                             0x200105b4   Data           4  main.o(.bss.ui32SysClock)
    HeapMem                                  0x200105b8   Data           0  startup_tm4c129.o(HEAP)
    StackMem                                 0x200105b8   Data           0  startup_tm4c129.o(STACK)
    Image$$ZI$$Limit                         0x200107b8   Number         0  anon$$obj.o ABSOLUTE



==============================================================================

Memory Map of the image

  Image Entry point : 0x000002f5

  Load Region LR_1 (Base: 0x00000000, Size: 0x00007a6c, Max: 0xffffffff, ABSOLUTE, COMPRESSED[0x00007444])

    Execution Region ER_RO (Exec base: 0x00000000, Load base: 0x00000000, Size: 0x00007134, Max: 0xffffffff, ABSOLUTE)

    Exec Addr    Load Addr    Size         Type   Attr      Idx    E Section Name        Object

    0x00000000   0x00000000   0x00000200   Data   RO          194    RESET               startup_tm4c129.o
    0x00000200   0x00000200   0x00000008   Code   RO         2463  * !!!main             c_w.l(__main.o)
    0x00000208   0x00000208   0x0000005c   Code   RO         2642    !!!scatter          c_w.l(__scatter.o)
    0x00000264   0x00000264   0x0000003a   Code   RO         2640    !!dczerorl          c_w.l(__dczerorl.o)
    0x0000029e   0x0000029e   0x00000002   PAD
    0x000002a0   0x000002a0   0x00000002   Code   RO         2643    !!handler_null      c_w.l(__scatter.o)
    0x000002a2   0x000002a2   0x00000002   PAD
    0x000002a4   0x000002a4   0x0000001c   Code   RO         2646    !!handler_zi        c_w.l(__scatter_zi.o)
    0x000002c0   0x000002c0   0x00000002   Code   RO         2502    .ARM.Collect$$libinit$$00000000  c_w.l(libinit.o)
    0x000002c2   0x000002c2   0x00000004   Code   RO         2514    .ARM.Collect$$libinit$$00000001  c_w.l(libinit2.o)
    0x000002c6   0x000002c6   0x00000000   Code   RO         2517    .ARM.Collect$$libinit$$00000004  c_w.l(libinit2.o)
    0x000002c6   0x000002c6   0x00000000   Code   RO         2519    .ARM.Collect$$libinit$$00000006  c_w.l(libinit2.o)
    0x000002c6   0x000002c6   0x00000000   Code   RO         2522    .ARM.Collect$$libinit$$0000000C  c_w.l(libinit2.o)
    0x000002c6   0x000002c6   0x00000000   Code   RO         2524    .ARM.Collect$$libinit$$0000000E  c_w.l(libinit2.o)
    0x000002c6   0x000002c6   0x00000000   Code   RO         2526    .ARM.Collect$$libinit$$00000010  c_w.l(libinit2.o)
    0x000002c6   0x000002c6   0x00000000   Code   RO         2529    .ARM.Collect$$libinit$$00000013  c_w.l(libinit2.o)
    0x000002c6   0x000002c6   0x00000000   Code   RO         2531    .ARM.Collect$$libinit$$00000015  c_w.l(libinit2.o)
    0x000002c6   0x000002c6   0x00000000   Code   RO         2533    .ARM.Collect$$libinit$$00000017  c_w.l(libinit2.o)
    0x000002c6   0x000002c6   0x00000000   Code   RO         2535    .ARM.Collect$$libinit$$00000019  c_w.l(libinit2.o)
    0x000002c6   0x000002c6   0x00000000   Code   RO         2537    .ARM.Collect$$libinit$$0000001B  c_w.l(libinit2.o)
    0x000002c6   0x000002c6   0x00000000   Code   RO         2539    .ARM.Collect$$libinit$$0000001D  c_w.l(libinit2.o)
    0x000002c6   0x000002c6   0x00000000   Code   RO         2541    .ARM.Collect$$libinit$$0000001F  c_w.l(libinit2.o)
    0x000002c6   0x000002c6   0x00000000   Code   RO         2543    .ARM.Collect$$libinit$$00000021  c_w.l(libinit2.o)
    0x000002c6   0x000002c6   0x00000000   Code   RO         2545    .ARM.Collect$$libinit$$00000023  c_w.l(libinit2.o)
    0x000002c6   0x000002c6   0x00000000   Code   RO         2547    .ARM.Collect$$libinit$$00000025  c_w.l(libinit2.o)
    0x000002c6   0x000002c6   0x00000000   Code   RO         2549    .ARM.Collect$$libinit$$00000027  c_w.l(libinit2.o)
    0x000002c6   0x000002c6   0x00000000   Code   RO         2553    .ARM.Collect$$libinit$$0000002E  c_w.l(libinit2.o)
    0x000002c6   0x000002c6   0x00000000   Code   RO         2555    .ARM.Collect$$libinit$$00000030  c_w.l(libinit2.o)
    0x000002c6   0x000002c6   0x00000000   Code   RO         2557    .ARM.Collect$$libinit$$00000032  c_w.l(libinit2.o)
    0x000002c6   0x000002c6   0x00000000   Code   RO         2559    .ARM.Collect$$libinit$$00000034  c_w.l(libinit2.o)
    0x000002c6   0x000002c6   0x00000002   Code   RO         2560    .ARM.Collect$$libinit$$00000035  c_w.l(libinit2.o)
    0x000002c8   0x000002c8   0x00000002   Code   RO         2595    .ARM.Collect$$libshutdown$$00000000  c_w.l(libshutdown.o)
    0x000002ca   0x000002ca   0x00000000   Code   RO         2623    .ARM.Collect$$libshutdown$$00000002  c_w.l(libshutdown2.o)
    0x000002ca   0x000002ca   0x00000000   Code   RO         2625    .ARM.Collect$$libshutdown$$00000004  c_w.l(libshutdown2.o)
    0x000002ca   0x000002ca   0x00000000   Code   RO         2628    .ARM.Collect$$libshutdown$$00000007  c_w.l(libshutdown2.o)
    0x000002ca   0x000002ca   0x00000000   Code   RO         2631    .ARM.Collect$$libshutdown$$0000000A  c_w.l(libshutdown2.o)
    0x000002ca   0x000002ca   0x00000000   Code   RO         2633    .ARM.Collect$$libshutdown$$0000000C  c_w.l(libshutdown2.o)
    0x000002ca   0x000002ca   0x00000000   Code   RO         2636    .ARM.Collect$$libshutdown$$0000000F  c_w.l(libshutdown2.o)
    0x000002ca   0x000002ca   0x00000002   Code   RO         2637    .ARM.Collect$$libshutdown$$00000010  c_w.l(libshutdown2.o)
    0x000002cc   0x000002cc   0x00000000   Code   RO         2465    .ARM.Collect$$rtentry$$00000000  c_w.l(__rtentry.o)
    0x000002cc   0x000002cc   0x00000000   Code   RO         2473    .ARM.Collect$$rtentry$$00000002  c_w.l(__rtentry2.o)
    0x000002cc   0x000002cc   0x00000006   Code   RO         2485    .ARM.Collect$$rtentry$$00000004  c_w.l(__rtentry4.o)
    0x000002d2   0x000002d2   0x00000000   Code   RO         2475    .ARM.Collect$$rtentry$$00000009  c_w.l(__rtentry2.o)
    0x000002d2   0x000002d2   0x00000004   Code   RO         2476    .ARM.Collect$$rtentry$$0000000A  c_w.l(__rtentry2.o)
    0x000002d6   0x000002d6   0x00000000   Code   RO         2478    .ARM.Collect$$rtentry$$0000000C  c_w.l(__rtentry2.o)
    0x000002d6   0x000002d6   0x00000008   Code   RO         2479    .ARM.Collect$$rtentry$$0000000D  c_w.l(__rtentry2.o)
    0x000002de   0x000002de   0x00000002   Code   RO         2506    .ARM.Collect$$rtexit$$00000000  c_w.l(rtexit.o)
    0x000002e0   0x000002e0   0x00000000   Code   RO         2566    .ARM.Collect$$rtexit$$00000002  c_w.l(rtexit2.o)
    0x000002e0   0x000002e0   0x00000004   Code   RO         2567    .ARM.Collect$$rtexit$$00000003  c_w.l(rtexit2.o)
    0x000002e4   0x000002e4   0x00000006   Code   RO         2568    .ARM.Collect$$rtexit$$00000004  c_w.l(rtexit2.o)
    0x000002ea   0x000002ea   0x00000002   PAD
    0x000002ec   0x000002ec   0x00000006   Code   RO         1229    .emb_text           driverlib.lib(sysctl.o)
    0x000002f2   0x000002f2   0x00000002   PAD
    0x000002f4   0x000002f4   0x0000012c   Code   RO          195  * .text               startup_tm4c129.o
    0x00000420   0x00000420   0x00000078   Code   RO          213    .text               tx_initialize_low_level.o
    0x00000498   0x00000498   0x00000008   Code   RO          216    .text               ThreadX_Library.lib(tx_thread_context_restore.o)
    0x000004a0   0x000004a0   0x00000004   Code   RO          219    .text               ThreadX_Library.lib(tx_thread_context_save.o)
    0x000004a4   0x000004a4   0x000000e0   Code   RO          222    .text               ThreadX_Library.lib(tx_thread_schedule.o)
    0x00000584   0x00000584   0x000000e8   Code   RO          225    .text               ThreadX_Library.lib(tx_timer_interrupt.o)
    0x0000066c   0x0000066c   0x00000086   Code   RO          228    .text               ThreadX_Library.lib(tx_initialize_high_level.o)
    0x000006f2   0x000006f2   0x00000002   PAD
    0x000006f4   0x000006f4   0x0000004e   Code   RO          248    .text               ThreadX_Library.lib(tx_initialize_kernel_enter.o)
    0x00000742   0x00000742   0x00000002   PAD
    0x00000744   0x00000744   0x00000080   Code   RO          255    .text               ThreadX_Library.lib(tx_thread_initialize.o)
    0x000007c4   0x000007c4   0x0000008e   Code   RO          277    .text               ThreadX_Library.lib(tx_thread_sleep.o)
    0x00000852   0x00000852   0x00000002   PAD
    0x00000854   0x00000854   0x000000b6   Code   RO          285    .text               ThreadX_Library.lib(txe_byte_allocate.o)
    0x0000090a   0x0000090a   0x00000002   PAD
    0x0000090c   0x0000090c   0x0000016e   Code   RO          293    .text               ThreadX_Library.lib(txe_byte_pool_create.o)
    0x00000a7a   0x00000a7a   0x00000002   PAD
    0x00000a7c   0x00000a7c   0x00000142   Code   RO          301    .text               ThreadX_Library.lib(txe_event_flags_create.o)
    0x00000bbe   0x00000bbe   0x00000002   PAD
    0x00000bc0   0x00000bc0   0x000000a0   Code   RO          309    .text               ThreadX_Library.lib(txe_event_flags_get.o)
    0x00000c60   0x00000c60   0x00000026   Code   RO          317    .text               ThreadX_Library.lib(txe_event_flags_set.o)
    0x00000c86   0x00000c86   0x00000002   PAD
    0x00000c88   0x00000c88   0x00000144   Code   RO          325    .text               ThreadX_Library.lib(txe_mutex_create.o)
    0x00000dcc   0x00000dcc   0x00000076   Code   RO          333    .text               ThreadX_Library.lib(txe_mutex_get.o)
    0x00000e42   0x00000e42   0x00000002   PAD
    0x00000e44   0x00000e44   0x00000040   Code   RO          341    .text               ThreadX_Library.lib(txe_mutex_put.o)
    0x00000e84   0x00000e84   0x00000198   Code   RO          349    .text               ThreadX_Library.lib(txe_thread_create.o)
    0x0000101c   0x0000101c   0x000000d0   Code   RO         2049    .text               ThreadX_Library.lib(tx_byte_allocate.o)
    0x000010ec   0x000010ec   0x0000008a   Code   RO         2057    .text               ThreadX_Library.lib(tx_byte_pool_create.o)
    0x00001176   0x00001176   0x00000002   PAD
    0x00001178   0x00001178   0x00000058   Code   RO         2065    .text               ThreadX_Library.lib(tx_event_flags_create.o)
    0x000011d0   0x000011d0   0x00000100   Code   RO         2073    .text               ThreadX_Library.lib(tx_event_flags_get.o)
    0x000012d0   0x000012d0   0x0000020a   Code   RO         2082    .text               ThreadX_Library.lib(tx_event_flags_set.o)
    0x000014da   0x000014da   0x00000002   PAD
    0x000014dc   0x000014dc   0x0000006a   Code   RO         2091    .text               ThreadX_Library.lib(tx_mutex_create.o)
    0x00001546   0x00001546   0x00000002   PAD
    0x00001548   0x00001548   0x00000116   Code   RO         2099    .text               ThreadX_Library.lib(tx_mutex_get.o)
    0x0000165e   0x0000165e   0x00000002   PAD
    0x00001660   0x00001660   0x0000026e   Code   RO         2107    .text               ThreadX_Library.lib(tx_mutex_put.o)
    0x000018ce   0x000018ce   0x00000002   PAD
    0x000018d0   0x000018d0   0x00000128   Code   RO         2115    .text               ThreadX_Library.lib(tx_thread_create.o)
    0x000019f8   0x000019f8   0x0000004a   Code   RO         2123    .text               ThreadX_Library.lib(tx_thread_system_preempt_check.o)
    0x00001a42   0x00001a42   0x00000002   PAD
    0x00001a44   0x00001a44   0x00000200   Code   RO         2132    .text               ThreadX_Library.lib(tx_thread_system_suspend.o)
    0x00001c44   0x00001c44   0x00000070   Code   RO         2140    .text               ThreadX_Library.lib(tx_thread_time_slice.o)
    0x00001cb4   0x00001cb4   0x00000024   Code   RO         2149    .text               ThreadX_Library.lib(tx_timer_expiration_process.o)
    0x00001cd8   0x00001cd8   0x00000110   Code   RO         2157    .text               ThreadX_Library.lib(tx_timer_initialize.o)
    0x00001de8   0x00001de8   0x00000040   Code   RO         2349    .text               ThreadX_Library.lib(tx_thread_stack_build.o)
    0x00001e28   0x00001e28   0x00000092   Code   RO         2352    .text               ThreadX_Library.lib(tx_byte_pool_cleanup.o)
    0x00001eba   0x00001eba   0x00000002   PAD
    0x00001ebc   0x00001ebc   0x000000f0   Code   RO         2361    .text               ThreadX_Library.lib(tx_byte_pool_search.o)
    0x00001fac   0x00001fac   0x0000009a   Code   RO         2369    .text               ThreadX_Library.lib(tx_event_flags_cleanup.o)
    0x00002046   0x00002046   0x00000002   PAD
    0x00002048   0x00002048   0x000000da   Code   RO         2378    .text               ThreadX_Library.lib(tx_mutex_cleanup.o)
    0x00002122   0x00002122   0x00000002   PAD
    0x00002124   0x00002124   0x000000b6   Code   RO         2387    .text               ThreadX_Library.lib(tx_mutex_prioritize.o)
    0x000021da   0x000021da   0x00000002   PAD
    0x000021dc   0x000021dc   0x000000dc   Code   RO         2395    .text               ThreadX_Library.lib(tx_mutex_priority_change.o)
    0x000022b8   0x000022b8   0x0000007e   Code   RO         2404    .text               ThreadX_Library.lib(tx_thread_shell_entry.o)
    0x00002336   0x00002336   0x00000002   PAD
    0x00002338   0x00002338   0x0000014e   Code   RO         2412    .text               ThreadX_Library.lib(tx_thread_system_resume.o)
    0x00002486   0x00002486   0x00000002   PAD
    0x00002488   0x00002488   0x00000034   Code   RO         2420    .text               ThreadX_Library.lib(tx_thread_timeout.o)
    0x000024bc   0x000024bc   0x0000005a   Code   RO         2428    .text               ThreadX_Library.lib(tx_timer_system_activate.o)
    0x00002516   0x00002516   0x00000002   PAD
    0x00002518   0x00002518   0x00000140   Code   RO         2436    .text               ThreadX_Library.lib(tx_timer_thread_entry.o)
    0x00002658   0x00002658   0x0000002e   Code   RO         2445    .text               ThreadX_Library.lib(tx_timer_system_deactivate.o)
    0x00002686   0x00002686   0x000000f0   Code   RO         2455    .text               c_w.l(lludivv7m.o)
    0x00002776   0x00002776   0x00000010   Code   RO         2457    .text               c_w.l(aeabi_memset.o)
    0x00002786   0x00002786   0x0000004e   Code   RO         2459    .text               c_w.l(rt_memclr_w.o)
    0x000027d4   0x000027d4   0x00000006   Code   RO         2461    .text               c_w.l(heapauxi.o)
    0x000027da   0x000027da   0x00000044   Code   RO         2470    .text               c_w.l(rt_memclr.o)
    0x0000281e   0x0000281e   0x0000004a   Code   RO         2489    .text               c_w.l(sys_stackheap_outer.o)
    0x00002868   0x00002868   0x00000012   Code   RO         2491    .text               c_w.l(exit.o)
    0x0000287a   0x0000287a   0x00000002   PAD
    0x0000287c   0x0000287c   0x00000008   Code   RO         2503    .text               c_w.l(libspace.o)
    0x00002884   0x00002884   0x0000000c   Code   RO         2561    .text               c_w.l(sys_exit.o)
    0x00002890   0x00002890   0x00000002   Code   RO         2584    .text               c_w.l(use_no_semi.o)
    0x00002892   0x00002892   0x00000000   Code   RO         2586    .text               c_w.l(indicate_semi.o)
    0x00002892   0x00002892   0x00000002   PAD
    0x00002894   0x00002894   0x00000038   Code   RO          128    .text.ADC1_InterruptHandler  hardware.o
    0x000028cc   0x000028cc   0x000000d2   Code   RO          126    .text.ConfigurarADC0  hardware.o
    0x0000299e   0x0000299e   0x00000002   PAD
    0x000029a0   0x000029a0   0x000000ee   Code   RO          130    .text.ConfigurarOsciloscopioBackground  hardware.o
    0x00002a8e   0x00002a8e   0x00000002   PAD
    0x00002a90   0x00002a90   0x00000094   Code   RO          122    .text.ConfigurarTimer1A  hardware.o
    0x00002b24   0x00002b24   0x00000020   Code   RO          158    .text.Crystalfontz128x128_ColorTranslate  crystalfontz128x128_st7735.o
    0x00002b44   0x00002b44   0x0000003a   Code   RO          142    .text.Crystalfontz128x128_Flush  crystalfontz128x128_st7735.o
    0x00002b7e   0x00002b7e   0x00000002   PAD
    0x00002b80   0x00002b80   0x000000fa   Code   RO          140    .text.Crystalfontz128x128_Init  crystalfontz128x128_st7735.o
    0x00002c7a   0x00002c7a   0x00000002   PAD
    0x00002c7c   0x00002c7c   0x00000068   Code   RO          152    .text.Crystalfontz128x128_LineDrawH  crystalfontz128x128_st7735.o
    0x00002ce4   0x00002ce4   0x00000086   Code   RO          154    .text.Crystalfontz128x128_LineDrawV  crystalfontz128x128_st7735.o
    0x00002d6a   0x00002d6a   0x00000002   PAD
    0x00002d6c   0x00002d6c   0x00000012   Code   RO          148    .text.Crystalfontz128x128_PixelDraw  crystalfontz128x128_st7735.o
    0x00002d7e   0x00002d7e   0x00000002   PAD
    0x00002d80   0x00002d80   0x000002e2   Code   RO          150    .text.Crystalfontz128x128_PixelDrawMultiple  crystalfontz128x128_st7735.o
    0x00003062   0x00003062   0x00000002   PAD
    0x00003064   0x00003064   0x000002a4   Code   RO          156    .text.Crystalfontz128x128_RectFill  crystalfontz128x128_st7735.o
    0x00003308   0x00003308   0x00000090   Code   RO          144    .text.Crystalfontz128x128_SetDrawFrame  crystalfontz128x128_st7735.o
    0x00003398   0x00003398   0x00000032   Code   RO          146    .text.Crystalfontz128x128_SetOrientation  crystalfontz128x128_st7735.o
    0x000033ca   0x000033ca   0x00000002   PAD
    0x000033cc   0x000033cc   0x00000156   Code   RO            6    .text.DesenharMenuPrincipal  display.o
    0x00003522   0x00003522   0x00000002   PAD
    0x00003524   0x00003524   0x00000282   Code   RO           10    .text.DesenharOsciloscopio  display.o
    0x000037a6   0x000037a6   0x00000002   PAD
    0x000037a8   0x000037a8   0x000003b4   Code   RO           12    .text.DesenharOsciloscopio2  display.o
    0x00003b5c   0x00003b5c   0x000003a0   Code   RO            8    .text.DesenharSubMenu  display.o
    0x00003efc   0x00003efc   0x00000034   Code   RO            2    .text.DisplaySetup  display.o
    0x00003f30   0x00003f30   0x00000202   Code   RO            4    .text.FormatarValor  display.o
    0x00004132   0x00004132   0x00000002   PAD
    0x00004134   0x00004134   0x00000036   Code   RO          124    .text.GPIOC_InterruptHandler  hardware.o
    0x0000416a   0x0000416a   0x00000002   PAD
    0x0000416c   0x0000416c   0x0000007a   Code   RO          177    .text.HAL_LCD_PortInit  hal_ek_tm4c1294xl_crystalfontz128x128_st7735.o
    0x000041e6   0x000041e6   0x00000002   PAD
    0x000041e8   0x000041e8   0x0000008a   Code   RO          179    .text.HAL_LCD_SpiInit  hal_ek_tm4c1294xl_crystalfontz128x128_st7735.o
    0x00004272   0x00004272   0x00000002   PAD
    0x00004274   0x00004274   0x00000044   Code   RO          181    .text.HAL_LCD_writeCommand  hal_ek_tm4c1294xl_crystalfontz128x128_st7735.o
    0x000042b8   0x000042b8   0x0000000e   Code   RO          183    .text.HAL_LCD_writeData  hal_ek_tm4c1294xl_crystalfontz128x128_st7735.o
    0x000042c6   0x000042c6   0x00000002   PAD
    0x000042c8   0x000042c8   0x000002ea   Code   RO           89    .text.MontarAmostrasTela  main.o
    0x000045b2   0x000045b2   0x00000002   PAD
    0x000045b4   0x000045b4   0x0000036c   Code   RO           69    .text.MontarAmostrasTela2  main.o
    0x00004920   0x00004920   0x00000052   Code   RO           83    .text.OscBufferPush  main.o
    0x00004972   0x00004972   0x00000002   PAD
    0x00004974   0x00004974   0x00000024   Code   RO          204    .text.SystemInit    system_tm4c129.o
    0x00004998   0x00004998   0x00000024   Code   RO          120    .text.Timer1A_Handler  hardware.o
    0x000049bc   0x000049bc   0x0000002c   Code   RO           91    .text.main          main.o
    0x000049e8   0x000049e8   0x000001c0   Code   RO           95    .text.thread_0_entry  main.o
    0x00004ba8   0x00004ba8   0x00000530   Code   RO           97    .text.thread_1_entry  main.o
    0x000050d8   0x000050d8   0x0000014c   Code   RO           93    .text.tx_application_define  main.o
    0x00005224   0x00005224   0x0000000a   Code   RO          368    i.ADCIntClear       driverlib.lib(adc.o)
    0x0000522e   0x0000522e   0x00000010   Code   RO          372    i.ADCIntEnable      driverlib.lib(adc.o)
    0x0000523e   0x0000523e   0x00000002   PAD
    0x00005240   0x00005240   0x00000068   Code   RO          374    i.ADCIntRegister    driverlib.lib(adc.o)
    0x000052a8   0x000052a8   0x00000060   Code   RO          383    i.ADCSequenceConfigure  driverlib.lib(adc.o)
    0x00005308   0x00005308   0x00000024   Code   RO          386    i.ADCSequenceDataGet  driverlib.lib(adc.o)
    0x0000532c   0x0000532c   0x0000000e   Code   RO          388    i.ADCSequenceEnable  driverlib.lib(adc.o)
    0x0000533a   0x0000533a   0x0000009a   Code   RO          391    i.ADCSequenceStepConfigure  driverlib.lib(adc.o)
    0x000053d4   0x000053d4   0x00000028   Code   RO          641    i.GPIODirModeSet    driverlib.lib(gpio.o)
    0x000053fc   0x000053fc   0x00000006   Code   RO          642    i.GPIOIntClear      driverlib.lib(gpio.o)
    0x00005402   0x00005402   0x0000000c   Code   RO          644    i.GPIOIntEnable     driverlib.lib(gpio.o)
    0x0000540e   0x0000540e   0x0000001a   Code   RO          645    i.GPIOIntRegister   driverlib.lib(gpio.o)
    0x00005428   0x00005428   0x0000000e   Code   RO          647    i.GPIOIntStatus     driverlib.lib(gpio.o)
    0x00005436   0x00005436   0x00000050   Code   RO          649    i.GPIOIntTypeSet    driverlib.lib(gpio.o)
    0x00005486   0x00005486   0x00000002   PAD
    0x00005488   0x00005488   0x00000170   Code   RO          653    i.GPIOPadConfigSet  driverlib.lib(gpio.o)
    0x000055f8   0x000055f8   0x00000044   Code   RO          654    i.GPIOPinConfigure  driverlib.lib(gpio.o)
    0x0000563c   0x0000563c   0x0000001c   Code   RO          656    i.GPIOPinTypeADC    driverlib.lib(gpio.o)
    0x00005658   0x00005658   0x0000001c   Code   RO          664    i.GPIOPinTypeGPIOInput  driverlib.lib(gpio.o)
    0x00005674   0x00005674   0x0000001c   Code   RO          665    i.GPIOPinTypeGPIOOutput  driverlib.lib(gpio.o)
    0x00005690   0x00005690   0x0000001c   Code   RO          674    i.GPIOPinTypeSSI    driverlib.lib(gpio.o)
    0x000056ac   0x000056ac   0x00000006   Code   RO          683    i.GPIOPinWrite      driverlib.lib(gpio.o)
    0x000056b2   0x000056b2   0x00000006   Code   RO         1922    i.GrContextFontSet  grlib.lib(string.o)
    0x000056b8   0x000056b8   0x00000064   Code   RO         1820    i.GrContextInit     grlib.lib(context.o)
    0x0000571c   0x0000571c   0x00000118   Code   RO         1923    i.GrDefaultStringRenderer  grlib.lib(string.o)
    0x00005834   0x00005834   0x0000002c   Code   RO         1924    i.GrFontBaselineGet  grlib.lib(string.o)
    0x00005860   0x00005860   0x000000a6   Code   RO         1927    i.GrFontGlyphDataGet  grlib.lib(string.o)
    0x00005906   0x00005906   0x00000286   Code   RO         1928    i.GrFontGlyphRender  grlib.lib(string.o)
    0x00005b8c   0x00005b8c   0x0000027e   Code   RO         1868    i.GrLineDraw        grlib.lib(line.o)
    0x00005e0a   0x00005e0a   0x00000008   Code   RO         2197    i.GrMapISO8859_1_Unicode  grlib.lib(charmap.o)
    0x00005e12   0x00005e12   0x000000b4   Code   RO         1892    i.GrRectFill        grlib.lib(rectangle.o)
    0x00005ec6   0x00005ec6   0x00000020   Code   RO         1934    i.GrStringDraw      grlib.lib(string.o)
    0x00005ee6   0x00005ee6   0x000000c0   Code   RO         1939    i.GrStringWidthGet  grlib.lib(string.o)
    0x00005fa6   0x00005fa6   0x00000002   PAD
    0x00005fa8   0x00005fa8   0x00000064   Code   RO          950    i.IntEnable         driverlib.lib(interrupt.o)
    0x0000600c   0x0000600c   0x00000028   Code   RO          961    i.IntPrioritySet    driverlib.lib(interrupt.o)
    0x00006034   0x00006034   0x00000034   Code   RO          962    i.IntRegister       driverlib.lib(interrupt.o)
    0x00006068   0x00006068   0x00000008   Code   RO         1070    i.SSIBusy           driverlib.lib(ssi.o)
    0x00006070   0x00006070   0x0000003a   Code   RO         1073    i.SSIConfigSetExpClk  driverlib.lib(ssi.o)
    0x000060aa   0x000060aa   0x0000000c   Code   RO         1078    i.SSIDataPut        driverlib.lib(ssi.o)
    0x000060b6   0x000060b6   0x0000000a   Code   RO         1081    i.SSIEnable         driverlib.lib(ssi.o)
    0x000060c0   0x000060c0   0x000002e4   Code   RO         1231    i.SysCtlClockFreqSet  driverlib.lib(sysctl.o)
    0x000063a4   0x000063a4   0x00000028   Code   RO         1263    i.SysCtlPeripheralEnable  driverlib.lib(sysctl.o)
    0x000063cc   0x000063cc   0x0000002c   Code   RO         1267    i.SysCtlPeripheralReady  driverlib.lib(sysctl.o)
    0x000063f8   0x000063f8   0x00000060   Code   RO         1581    i.TimerConfigure    driverlib.lib(timer.o)
    0x00006458   0x00006458   0x00000050   Code   RO         1585    i.TimerControlTrigger  driverlib.lib(timer.o)
    0x000064a8   0x000064a8   0x00000010   Code   RO         1589    i.TimerDisable      driverlib.lib(timer.o)
    0x000064b8   0x000064b8   0x0000000e   Code   RO         1590    i.TimerEnable       driverlib.lib(timer.o)
    0x000064c6   0x000064c6   0x00000004   Code   RO         1591    i.TimerIntClear     driverlib.lib(timer.o)
    0x000064ca   0x000064ca   0x00000008   Code   RO         1593    i.TimerIntEnable    driverlib.lib(timer.o)
    0x000064d2   0x000064d2   0x00000002   PAD
    0x000064d4   0x000064d4   0x00000068   Code   RO         1594    i.TimerIntRegister  driverlib.lib(timer.o)
    0x0000653c   0x0000653c   0x00000012   Code   RO         1599    i.TimerLoadSet      driverlib.lib(timer.o)
    0x0000654e   0x0000654e   0x0000006c   Code   RO         1940    i.UpdateContextCharMapping  grlib.lib(string.o)
    0x000065ba   0x000065ba   0x00000002   PAD
    0x000065bc   0x000065bc   0x00000050   Code   RO          685    i._GPIOIntNumberGet  driverlib.lib(gpio.o)
    0x0000660c   0x0000660c   0x0000001a   Code   RO         2578    x$fpl$fpinit        fz_wm.l(fpinit.o)
    0x00006626   0x00006626   0x00000002   PAD
    0x00006628   0x00006628   0x00000228   Data   RO          686    .constdata          driverlib.lib(gpio.o)
    0x00006850   0x00006850   0x0000010c   Data   RO          966    .constdata          driverlib.lib(interrupt.o)
    0x0000695c   0x0000695c   0x00000254   Data   RO         1285    .constdata          driverlib.lib(sysctl.o)
    0x00006bb0   0x00006bb0   0x000000a0   Data   RO         1615    .constdata          driverlib.lib(timer.o)
    0x00006c50   0x00006c50   0x00000010   Data   RO         1822    .constdata          grlib.lib(context.o)
    0x00006c60   0x00006c60   0x000002f8   Data   RO         1854    .constdata          grlib.lib(fontfixed6x8.o)
    0x00006f58   0x00006f58   0x000000c8   Data   RO         1855    .constdata          grlib.lib(fontfixed6x8.o)
    0x00007020   0x00007020   0x00000028   Data   RO          168    .rodata.g_sCrystalfontz128x128  crystalfontz128x128_st7735.o
    0x00007048   0x00007048   0x00000080   Data   RO           27    .rodata.str1.1      display.o
    0x000070c8   0x000070c8   0x0000000e   Data   RO          108    .rodata.str1.1      main.o
    0x000070d6   0x000070d6   0x00000002   PAD
    0x000070d8   0x000070d8   0x00000010   Data   RO           25    .rodata.valores_hdiv  display.o
    0x000070e8   0x000070e8   0x00000010   Data   RO           26    .rodata.valores_nivel  display.o
    0x000070f8   0x000070f8   0x00000010   Data   RO           23    .rodata.valores_taxa  display.o
    0x00007108   0x00007108   0x0000000c   Data   RO           24    .rodata.valores_vdiv  display.o
    0x00007114   0x00007114   0x00000020   Data   RO         2639    Region$$Table       anon$$obj.o


    Execution Region ER_RW (Exec base: 0x20000000, Load base: 0x00007400, Size: 0x0000066c, Max: 0xffffffff, ABSOLUTE, COMPRESSED[0x00000044])

    Exec Addr    Load Addr    Size         Type   Attr      Idx    E Section Name        Object

    0x20000000   COMPRESSED   0x00000004   Data   RW         1823    .data               grlib.lib(context.o)
    0x20000004   COMPRESSED   0x00000004   Data   RW          206    .data.SystemCoreClock  system_tm4c129.o
    0x20000008   COMPRESSED   0x00000004   Data   RW          258    .data._tx_thread_system_state  ThreadX_Library.lib(tx_thread_initialize.o)
    0x2000000c   COMPRESSED   0x00000004   Data   RW           19    .data.indice_hdiv   display.o
    0x20000010   COMPRESSED   0x00000004   Data   RW           20    .data.indice_nivel_trig  display.o
    0x20000014   COMPRESSED   0x00000004   Data   RW           17    .data.indice_taxa   display.o
    0x20000018   COMPRESSED   0x00000004   Data   RW           18    .data.indice_vdiv   display.o
    0x2000001c   COMPRESSED   0x00000018   Data   RW           14    .data.onda          display.o
    0x20000034   COMPRESSED   0x00000008   Data   RW           29    .data.str_borda_trig  display.o
    0x2000003c   COMPRESSED   0x00000008   Data   RW           30    .data.str_modo_single  display.o
    0x20000044   COMPRESSED   0x00000018   Data   RW           28    .data.titulos_menu  display.o
    0x2000005c   COMPRESSED   0x000003a4   PAD
    0x20000400   COMPRESSED   0x0000026c   Data   RW          967    vtable              driverlib.lib(interrupt.o)


    Execution Region ER_ZI (Exec base: 0x20000670, Load base: 0x00007444, Size: 0x00010148, Max: 0xffffffff, ABSOLUTE)

    Exec Addr    Load Addr    Size         Type   Attr      Idx    E Section Name        Object

    0x20000670        -       0x00000060   Zero   RW         2504    .bss                c_w.l(libspace.o)
    0x200006d0        -       0x00000001   Zero   RW          165    .bss.Lcd_FlagRead   crystalfontz128x128_st7735.o
    0x200006d1        -       0x00000001   Zero   RW          164    .bss.Lcd_FontSolid  crystalfontz128x128_st7735.o
    0x200006d2        -       0x00000001   Zero   RW          167    .bss.Lcd_Orientation  crystalfontz128x128_st7735.o
    0x200006d3        -       0x00000001   Zero   RW          163    .bss.Lcd_PenSolid   crystalfontz128x128_st7735.o
    0x200006d4        -       0x00000002   Zero   RW          162    .bss.Lcd_ScreenHeigth  crystalfontz128x128_st7735.o
    0x200006d6        -       0x00000002   Zero   RW          161    .bss.Lcd_ScreenWidth  crystalfontz128x128_st7735.o
    0x200006d8        -       0x00000002   Zero   RW          166    .bss.Lcd_TouchTrim  crystalfontz128x128_st7735.o
    0x200006da        -       0x00008000   Zero   RW          160    .bss.Lcd_buffer     crystalfontz128x128_st7735.o
    0x200086da   0x00007444   0x00000002   PAD
    0x200086dc        -       0x00000004   Zero   RW          237    .bss._tx_block_pool_created_count  ThreadX_Library.lib(tx_initialize_high_level.o)
    0x200086e0        -       0x00000004   Zero   RW          236    .bss._tx_block_pool_created_ptr  ThreadX_Library.lib(tx_initialize_high_level.o)
    0x200086e4        -       0x00000004   Zero   RW          270    .bss._tx_build_options  ThreadX_Library.lib(tx_thread_initialize.o)
    0x200086e8        -       0x00000004   Zero   RW          239    .bss._tx_byte_pool_created_count  ThreadX_Library.lib(tx_initialize_high_level.o)
    0x200086ec        -       0x00000004   Zero   RW          238    .bss._tx_byte_pool_created_ptr  ThreadX_Library.lib(tx_initialize_high_level.o)
    0x200086f0        -       0x00000004   Zero   RW          235    .bss._tx_event_flags_created_count  ThreadX_Library.lib(tx_initialize_high_level.o)
    0x200086f4        -       0x00000004   Zero   RW          234    .bss._tx_event_flags_created_ptr  ThreadX_Library.lib(tx_initialize_high_level.o)
    0x200086f8        -       0x00000004   Zero   RW          242    .bss._tx_initialize_unused_memory  ThreadX_Library.lib(tx_initialize_high_level.o)
    0x200086fc        -       0x00000004   Zero   RW          241    .bss._tx_mutex_created_count  ThreadX_Library.lib(tx_initialize_high_level.o)
    0x20008700        -       0x00000004   Zero   RW          240    .bss._tx_mutex_created_ptr  ThreadX_Library.lib(tx_initialize_high_level.o)
    0x20008704        -       0x00000004   Zero   RW          233    .bss._tx_queue_created_count  ThreadX_Library.lib(tx_initialize_high_level.o)
    0x20008708        -       0x00000004   Zero   RW          232    .bss._tx_queue_created_ptr  ThreadX_Library.lib(tx_initialize_high_level.o)
    0x2000870c        -       0x00000004   Zero   RW          231    .bss._tx_semaphore_created_count  ThreadX_Library.lib(tx_initialize_high_level.o)
    0x20008710        -       0x00000004   Zero   RW          230    .bss._tx_semaphore_created_ptr  ThreadX_Library.lib(tx_initialize_high_level.o)
    0x20008714        -       0x00000004   Zero   RW          267    .bss._tx_thread_created_count  ThreadX_Library.lib(tx_thread_initialize.o)
    0x20008718        -       0x00000004   Zero   RW          266    .bss._tx_thread_created_ptr  ThreadX_Library.lib(tx_thread_initialize.o)
    0x2000871c        -       0x00000004   Zero   RW          260    .bss._tx_thread_current_ptr  ThreadX_Library.lib(tx_thread_initialize.o)
    0x20008720        -       0x00000004   Zero   RW          261    .bss._tx_thread_execute_ptr  ThreadX_Library.lib(tx_thread_initialize.o)
    0x20008724        -       0x00000004   Zero   RW          264    .bss._tx_thread_highest_priority  ThreadX_Library.lib(tx_thread_initialize.o)
    0x20008728        -       0x00000004   Zero   RW          269    .bss._tx_thread_mutex_release  ThreadX_Library.lib(tx_thread_initialize.o)
    0x2000872c        -       0x00000004   Zero   RW          268    .bss._tx_thread_preempt_disable  ThreadX_Library.lib(tx_thread_initialize.o)
    0x20008730        -       0x00000004   Zero   RW          263    .bss._tx_thread_preempted_maps  ThreadX_Library.lib(tx_thread_initialize.o)
    0x20008734        -       0x00000080   Zero   RW          265    .bss._tx_thread_priority_list  ThreadX_Library.lib(tx_thread_initialize.o)
    0x200087b4        -       0x00000004   Zero   RW          262    .bss._tx_thread_priority_maps  ThreadX_Library.lib(tx_thread_initialize.o)
    0x200087b8        -       0x00000004   Zero   RW          271    .bss._tx_thread_system_stack_ptr  ThreadX_Library.lib(tx_thread_initialize.o)
    0x200087bc        -       0x00000004   Zero   RW         2174    .bss._tx_timer_created_count  ThreadX_Library.lib(tx_timer_initialize.o)
    0x200087c0        -       0x00000004   Zero   RW         2173    .bss._tx_timer_created_ptr  ThreadX_Library.lib(tx_timer_initialize.o)
    0x200087c4        -       0x00000004   Zero   RW         2166    .bss._tx_timer_current_ptr  ThreadX_Library.lib(tx_timer_initialize.o)
    0x200087c8        -       0x00000004   Zero   RW         2162    .bss._tx_timer_expired  ThreadX_Library.lib(tx_timer_initialize.o)
    0x200087cc        -       0x00000004   Zero   RW         2161    .bss._tx_timer_expired_time_slice  ThreadX_Library.lib(tx_timer_initialize.o)
    0x200087d0        -       0x00000004   Zero   RW         2163    .bss._tx_timer_expired_timer_ptr  ThreadX_Library.lib(tx_timer_initialize.o)
    0x200087d4        -       0x00000080   Zero   RW         2164    .bss._tx_timer_list  ThreadX_Library.lib(tx_timer_initialize.o)
    0x20008854        -       0x00000004   Zero   RW         2167    .bss._tx_timer_list_end  ThreadX_Library.lib(tx_timer_initialize.o)
    0x20008858        -       0x00000004   Zero   RW         2165    .bss._tx_timer_list_start  ThreadX_Library.lib(tx_timer_initialize.o)
    0x2000885c        -       0x00000004   Zero   RW         2171    .bss._tx_timer_priority  ThreadX_Library.lib(tx_timer_initialize.o)
    0x20008860        -       0x00000004   Zero   RW         2170    .bss._tx_timer_stack_size  ThreadX_Library.lib(tx_timer_initialize.o)
    0x20008864        -       0x00000004   Zero   RW         2169    .bss._tx_timer_stack_start  ThreadX_Library.lib(tx_timer_initialize.o)
    0x20008868        -       0x00000004   Zero   RW         2159    .bss._tx_timer_system_clock  ThreadX_Library.lib(tx_timer_initialize.o)
    0x2000886c        -       0x000000b4   Zero   RW         2172    .bss._tx_timer_thread  ThreadX_Library.lib(tx_timer_initialize.o)
    0x20008920        -       0x00000400   Zero   RW         2168    .bss._tx_timer_thread_stack_area  ThreadX_Library.lib(tx_timer_initialize.o)
    0x20008d20        -       0x00000004   Zero   RW         2160    .bss._tx_timer_time_slice  ThreadX_Library.lib(tx_timer_initialize.o)
    0x20008d24        -       0x00000200   Zero   RW          109    .bss.amostras_tela_global  main.o
    0x20008f24        -       0x00000e00   Zero   RW          110    .bss.buckets_tela_global  main.o
    0x20009d24        -       0x00000034   Zero   RW          102    .bss.byte_pool_0    main.o
    0x20009d58        -       0x00000034   Zero   RW          104    .bss.display_mutex  main.o
    0x20009d8c        -       0x00000001   Zero   RW           15    .bss.estado_atual   display.o
    0x20009d8d   0x00007444   0x00000003   PAD
    0x20009d90        -       0x00000028   Zero   RW          105    .bss.flag_0         main.o
    0x20009db8        -       0x0000002c   Zero   RW           31    .bss.grContext      display.o
    0x20009de4        -       0x00000004   Zero   RW           21    .bss.indice_borda_trig  display.o
    0x20009de8        -       0x00000004   Zero   RW           22    .bss.indice_modo_single  display.o
    0x20009dec        -       0x00004650   Zero   RW          103    .bss.memory_area    main.o
    0x2000e43c        -       0x00000004   Zero   RW           16    .bss.menu_selecionado  display.o
    0x2000e440        -       0x00002008   Zero   RW           99    .bss.osc_buffer     main.o
    0x20010448        -       0x00000001   Zero   RW          100    .bss.single_congelado  main.o
    0x20010449   0x00007444   0x00000003   PAD
    0x2001044c        -       0x000000b4   Zero   RW          106    .bss.thread_0       main.o
    0x20010500        -       0x000000b4   Zero   RW          107    .bss.thread_1       main.o
    0x200105b4        -       0x00000004   Zero   RW          101    .bss.ui32SysClock   main.o
    0x200105b8        -       0x00000000   Zero   RW          193    HEAP                startup_tm4c129.o
    0x200105b8        -       0x00000200   Zero   RW          192    STACK               startup_tm4c129.o


==============================================================================

Image component sizes


      Code (inc. data)   RO Data    RW Data    ZI Data      Debug   Object Name

      2204         36         40          0      32778      10337   crystalfontz128x128_st7735.o
      3426         12        188         80         57      13390   display.o
       342          0          0          0          0       1515   hal_ek_tm4c1294xl_crystalfontz128x128_st7735.o
       742          0          0          0          0       5261   hardware.o
      3856        144         14          0      30805      19596   main.o
       300         22        512          0        512       6120   startup_tm4c129.o
        36          0          0          4          0       1545   system_tm4c129.o
       120         30          0          0          0        396   tx_initialize_low_level.o

    ----------------------------------------------------------------------
     11060        244        788       1016      64160      58160   Object Totals
         0          0         32          0          0          0   (incl. Generated)
        34          0          2        932          8          0   (incl. Padding)

    ----------------------------------------------------------------------

      Code (inc. data)   RO Data    RW Data    ZI Data      Debug   Library Member Name

       208          0          0          0          0       5240   tx_byte_allocate.o
       146          0          0          0          0       4747   tx_byte_pool_cleanup.o
       138          0          0          0          0       4978   tx_byte_pool_create.o
       240          0          0          0          0       6008   tx_byte_pool_search.o
       154          0          0          0          0       4868   tx_event_flags_cleanup.o
        88          0          0          0          0       4434   tx_event_flags_create.o
       256          0          0          0          0       5981   tx_event_flags_get.o
       522          0          0          0          0       6711   tx_event_flags_set.o
       134          0          0          0         52       6422   tx_initialize_high_level.o
        78          0          0          0          0        715   tx_initialize_kernel_enter.o
       218          0          0          0          0       4722   tx_mutex_cleanup.o
       106          0          0          0          0       4012   tx_mutex_create.o
       278          0          0          0          0       4662   tx_mutex_get.o
       182          0          0          0          0       4564   tx_mutex_prioritize.o
       220          0          0          0          0       4561   tx_mutex_priority_change.o
       622          0          0          0          0       5929   tx_mutex_put.o
         8          2          0          0          0        264   tx_thread_context_restore.o
         4          2          0          0          0        260   tx_thread_context_save.o
       296          0          0          0          0       4848   tx_thread_create.o
       128          0          0          4        172       3977   tx_thread_initialize.o
       224          6          0          0          0        336   tx_thread_schedule.o
       126          0          0          0          0       4227   tx_thread_shell_entry.o
       142          0          0          0          0       4268   tx_thread_sleep.o
        64          0          0          0          0        280   tx_thread_stack_build.o
        74          0          0          0          0       3948   tx_thread_system_preempt_check.o
       334          0          0          0          0       4874   tx_thread_system_resume.o
       512          0          0          0          0       5468   tx_thread_system_suspend.o
       112          0          0          0          0       3788   tx_thread_time_slice.o
        52          0          0          0          0       3921   tx_thread_timeout.o
        36          0          0          0          0       3684   tx_timer_expiration_process.o
       272         20          0          0       1384       4294   tx_timer_initialize.o
       232          0          0          0          0        336   tx_timer_interrupt.o
        90          0          0          0          0       1449   tx_timer_system_activate.o
        46          0          0          0          0       1288   tx_timer_system_deactivate.o
       320          0          0          0          0       4915   tx_timer_thread_entry.o
       182          0          0          0          0       4577   txe_byte_allocate.o
       366          0          0          0          0       5409   txe_byte_pool_create.o
       322          0          0          0          0       5229   txe_event_flags_create.o
       160          0          0          0          0       4349   txe_event_flags_get.o
        38          0          0          0          0       4032   txe_event_flags_set.o
       324          0          0          0          0       4745   txe_mutex_create.o
       118          0          0          0          0       3798   txe_mutex_get.o
        64          0          0          0          0       3597   txe_mutex_put.o
       408          0          0          0          0       5428   txe_thread_create.o
        58          0          0          0          0          0   __dczerorl.o
         8          0          0          0          0         68   __main.o
         0          0          0          0          0          0   __rtentry.o
        12          0          0          0          0          0   __rtentry2.o
         6          0          0          0          0          0   __rtentry4.o
        94          8          0          0          0          0   __scatter.o
        28          0          0          0          0          0   __scatter_zi.o
        16          0          0          0          0         68   aeabi_memset.o
        18          0          0          0          0         80   exit.o
         6          0          0          0          0        152   heapauxi.o
         0          0          0          0          0          0   indicate_semi.o
         2          0          0          0          0          0   libinit.o
         6          0          0          0          0          0   libinit2.o
         2          0          0          0          0          0   libshutdown.o
         2          0          0          0          0          0   libshutdown2.o
         8          4          0          0         96         68   libspace.o
       240          0          0          0          0        100   lludivv7m.o
        68          0          0          0          0         68   rt_memclr.o
        78          0          0          0          0         80   rt_memclr_w.o
         2          0          0          0          0          0   rtexit.o
        10          0          0          0          0          0   rtexit2.o
        12          4          0          0          0         68   sys_exit.o
        74          0          0          0          0         80   sys_stackheap_outer.o
         2          0          0          0          0         68   use_no_semi.o
       430         12          0          0          0       9677   adc.o
       812         40        552          0          0       8893   gpio.o
       192         20        268        620          0       2679   interrupt.o
        88          0          0          0          0       2180   ssi.o
       830         48        596          0          0       4870   sysctl.o
       340         34        160          0          0       5451   timer.o
        26          0          0          0          0        116   fpinit.o
         8          0          0          0          0       1418   charmap.o
       100         12         16          4          0      26387   context.o
         0          0        960          0          0      25658   fontfixed6x8.o
       638          0          0          0          0       2735   line.o
       180          0          0          0          0       1442   rectangle.o
      1474          0          0          0          0       9206   string.o

    ----------------------------------------------------------------------
     14580        212       2552        628       1704     277755   Library Totals
        66          0          0          0          0          0   (incl. Padding)

    ----------------------------------------------------------------------

      Code (inc. data)   RO Data    RW Data    ZI Data      Debug   Library Name

      8644         30          0          4       1608     176143   ThreadX_Library.lib
       752         16          0          0         96        900   c_w.l
      2692        154       1576        620          0      33750   driverlib.lib
        26          0          0          0          0        116   fz_wm.l
      2400         12        976          4          0      66846   grlib.lib

    ----------------------------------------------------------------------
     14580        212       2552        628       1704     277755   Library Totals

    ----------------------------------------------------------------------

==============================================================================


      Code (inc. data)   RO Data    RW Data    ZI Data      Debug   

     25640        456       3340       1644      65864     330139   Grand Totals
     25640        456       3340         68      65864     330139   ELF Image Totals (compressed)
     25640        456       3340         68          0          0   ROM Totals

==============================================================================

    Total RO  Size (Code + RO Data)                28980 (  28.30kB)
    Total RW  Size (RW Data + ZI Data)             67508 (  65.93kB)
    Total ROM Size (Code + RO Data + RW Data)      29048 (  28.37kB)

==============================================================================

