Component: Arm Compiler for Embedded 6.24 Tool: armlink [5f371500]

==============================================================================

Section Cross References

    main.o(.text.blink_led) refers to gpio.o(i.GPIOPinWrite) for GPIOPinWrite
    main.o(.ARM.exidx.text.blink_led) refers to main.o(.text.blink_led) for [Anonymous Symbol]
    main.o(.text.main) refers to sysctl.o(i.SysCtlClockFreqSet) for SysCtlClockFreqSet
    main.o(.text.main) refers to system_tm4c129.o(.data.SystemCoreClock) for SystemCoreClock
    main.o(.text.main) refers to sysctl.o(i.SysCtlPeripheralEnable) for SysCtlPeripheralEnable
    main.o(.text.main) refers to sysctl.o(i.SysCtlPeripheralReady) for SysCtlPeripheralReady
    main.o(.text.main) refers to gpio.o(i.GPIOPinTypeGPIOOutput) for GPIOPinTypeGPIOOutput
    main.o(.text.main) refers to tx_initialize_kernel_enter.o(.text) for _tx_initialize_kernel_enter
    main.o(.ARM.exidx.text.main) refers to main.o(.text.main) for [Anonymous Symbol]
    main.o(.text.tx_application_define) refers to main.o(.bss.byte_pool_0) for byte_pool_0
    main.o(.text.tx_application_define) refers to main.o(.bss.memory_area) for memory_area
    main.o(.text.tx_application_define) refers to txe_byte_pool_create.o(.text) for _txe_byte_pool_create
    main.o(.text.tx_application_define) refers to txe_byte_allocate.o(.text) for _txe_byte_allocate
    main.o(.text.tx_application_define) refers to main.o(.text.thread_0_entry) for thread_0_entry
    main.o(.text.tx_application_define) refers to main.o(.bss.thread_0) for thread_0
    main.o(.text.tx_application_define) refers to txe_thread_create.o(.text) for _txe_thread_create
    main.o(.text.tx_application_define) refers to main.o(.text.thread_1_entry) for thread_1_entry
    main.o(.text.tx_application_define) refers to main.o(.bss.thread_1) for thread_1
    main.o(.text.tx_application_define) refers to main.o(.text.thread_2_entry) for thread_2_entry
    main.o(.text.tx_application_define) refers to main.o(.bss.thread_2) for thread_2
    main.o(.text.tx_application_define) refers to main.o(.bss.mutex_0) for mutex_0
    main.o(.text.tx_application_define) refers to txe_mutex_create.o(.text) for _txe_mutex_create
    main.o(.text.tx_application_define) refers to txe_block_release.o(.text) for _txe_block_release
    main.o(.ARM.exidx.text.tx_application_define) refers to main.o(.text.tx_application_define) for [Anonymous Symbol]
    main.o(.text.thread_0_entry) refers to gpio.o(i.GPIOPinWrite) for GPIOPinWrite
    main.o(.text.thread_0_entry) refers to tx_thread_sleep.o(.text) for _tx_thread_sleep
    main.o(.ARM.exidx.text.thread_0_entry) refers to main.o(.text.thread_0_entry) for [Anonymous Symbol]
    main.o(.text.thread_1_entry) refers to gpio.o(i.GPIOPinWrite) for GPIOPinWrite
    main.o(.text.thread_1_entry) refers to tx_thread_sleep.o(.text) for _tx_thread_sleep
    main.o(.ARM.exidx.text.thread_1_entry) refers to main.o(.text.thread_1_entry) for [Anonymous Symbol]
    main.o(.text.thread_2_entry) refers to gpio.o(i.GPIOPinWrite) for GPIOPinWrite
    main.o(.text.thread_2_entry) refers to tx_thread_sleep.o(.text) for _tx_thread_sleep
    main.o(.ARM.exidx.text.thread_2_entry) refers to main.o(.text.thread_2_entry) for [Anonymous Symbol]
    uartstdio.o(.text.UARTStdioConfig) refers to sysctl.o(i.SysCtlPeripheralPresent) for SysCtlPeripheralPresent
    uartstdio.o(.text.UARTStdioConfig) refers to uartstdio.o(.bss.g_ui32Base) for g_ui32Base
    uartstdio.o(.text.UARTStdioConfig) refers to sysctl.o(i.SysCtlPeripheralEnable) for SysCtlPeripheralEnable
    uartstdio.o(.text.UARTStdioConfig) refers to uart.o(i.UARTConfigSetExpClk) for UARTConfigSetExpClk
    uartstdio.o(.text.UARTStdioConfig) refers to uart.o(i.UARTEnable) for UARTEnable
    uartstdio.o(.ARM.exidx.text.UARTStdioConfig) refers to uartstdio.o(.text.UARTStdioConfig) for [Anonymous Symbol]
    uartstdio.o(.text.UARTwrite) refers to uartstdio.o(.bss.g_ui32Base) for g_ui32Base
    uartstdio.o(.text.UARTwrite) refers to uart.o(i.UARTCharPut) for UARTCharPut
    uartstdio.o(.ARM.exidx.text.UARTwrite) refers to uartstdio.o(.text.UARTwrite) for [Anonymous Symbol]
    uartstdio.o(.text.UARTgets) refers to uartstdio.o(.bss.g_ui32Base) for g_ui32Base
    uartstdio.o(.text.UARTgets) refers to uartstdio.o(.bss.UARTgets.bLastWasCR) for UARTgets.bLastWasCR
    uartstdio.o(.text.UARTgets) refers to uart.o(i.UARTCharGet) for UARTCharGet
    uartstdio.o(.text.UARTgets) refers to uart.o(i.UARTCharPut) for UARTCharPut
    uartstdio.o(.ARM.exidx.text.UARTgets) refers to uartstdio.o(.text.UARTgets) for [Anonymous Symbol]
    uartstdio.o(.text.UARTgetc) refers to uartstdio.o(.bss.g_ui32Base) for g_ui32Base
    uartstdio.o(.text.UARTgetc) refers to uart.o(i.UARTCharGet) for UARTCharGet
    uartstdio.o(.ARM.exidx.text.UARTgetc) refers to uartstdio.o(.text.UARTgetc) for [Anonymous Symbol]
    uartstdio.o(.text.UARTvprintf) refers to uartstdio.o(.bss.g_ui32Base) for g_ui32Base
[...]
    Removing interrupt.o(i.IntPriorityMaskSet), (4 bytes).
    Removing interrupt.o(i.IntPrioritySet), (40 bytes).
    Removing interrupt.o(i.IntRegister), (52 bytes).
    Removing interrupt.o(i.IntTrigger), (12 bytes).
    Removing interrupt.o(i.IntUnregister), (20 bytes).
    Removing interrupt.o(i._IntDefaultHandler), (2 bytes).
    Removing interrupt.o(.constdata), (268 bytes).
    Removing interrupt.o(vtable), (620 bytes).
    Removing tx_block_release.o(.ARM.exidx), (8 bytes).
    Removing tx_byte_allocate.o(.ARM.exidx), (8 bytes).
    Removing tx_byte_pool_create.o(.ARM.exidx), (8 bytes).
    Removing tx_mutex_create.o(.ARM.exidx), (8 bytes).
    Removing tx_thread_create.o(.ARM.exidx), (8 bytes).
    Removing tx_thread_system_preempt_check.o(.ARM.exidx), (8 bytes).
    Removing tx_thread_system_suspend.o(.ARM.exidx), (8 bytes).
    Removing tx_thread_time_slice.o(.ARM.exidx), (8 bytes).
    Removing tx_timer_expiration_process.o(.ARM.exidx), (8 bytes).
    Removing tx_timer_initialize.o(.ARM.exidx), (8 bytes).
    Removing tx_byte_pool_cleanup.o(.ARM.exidx), (8 bytes).
    Removing tx_byte_pool_search.o(.ARM.exidx), (8 bytes).
    Removing tx_mutex_cleanup.o(.ARM.exidx), (16 bytes).
    Removing tx_thread_shell_entry.o(.ARM.exidx), (8 bytes).
    Removing tx_thread_system_resume.o(.ARM.exidx), (8 bytes).
    Removing tx_thread_timeout.o(.ARM.exidx), (8 bytes).
    Removing tx_timer_system_activate.o(.ARM.exidx), (8 bytes).
    Removing tx_timer_thread_entry.o(.ARM.exidx), (8 bytes).
    Removing tx_mutex_put.o(.ARM.exidx), (8 bytes).
    Removing tx_timer_system_deactivate.o(.ARM.exidx), (8 bytes).
    Removing tx_mutex_prioritize.o(.ARM.exidx), (8 bytes).
    Removing tx_mutex_priority_change.o(.ARM.exidx), (8 bytes).

232 unused section(s) (total 9034 bytes) removed from the image.

==============================================================================

Image Symbol Table

    Local Symbols

    Symbol Name                              Value     Ov Type        Size  Object(Section)

    ../../../dougrenaux_ELEW32_public/ThreadX_demo/ModifiedSource/startup_TM4C129.s 0x00000000   Number         0  startup_tm4c129.o ABSOLUTE
    ../../../dougrenaux_ELEW32_public/ThreadX_demo/ModifiedSource/tx_initialize_low_level.s 0x00000000   Number         0  tx_initialize_low_level.o ABSOLUTE
    ../clib/angel/boardlib.s                 0x00000000   Number         0  boardinit1.o ABSOLUTE
    ../clib/angel/boardlib.s                 0x00000000   Number         0  boardinit2.o ABSOLUTE
    ../clib/angel/boardlib.s                 0x00000000   Number         0  boardinit3.o ABSOLUTE
    ../clib/angel/boardlib.s                 0x00000000   Number         0  boardshut.o ABSOLUTE
    ../clib/angel/handlers.s                 0x00000000   Number         0  __scatter_copy.o ABSOLUTE
    ../clib/angel/handlers.s                 0x00000000   Number         0  __scatter_zi.o ABSOLUTE
    ../clib/angel/kernel.s                   0x00000000   Number         0  __rtentry.o ABSOLUTE
    ../clib/angel/kernel.s                   0x00000000   Number         0  __rtentry2.o ABSOLUTE
    ../clib/angel/kernel.s                   0x00000000   Number         0  __rtentry4.o ABSOLUTE
    ../clib/angel/kernel.s                   0x00000000   Number         0  rtexit.o ABSOLUTE
    ../clib/angel/kernel.s                   0x00000000   Number         0  rtexit2.o ABSOLUTE
    ../clib/angel/rt.s                       0x00000000   Number         0  rt_raise.o ABSOLUTE
    ../clib/angel/scatter.s                  0x00000000   Number         0  __scatter.o ABSOLUTE
    ../clib/angel/startup.s                  0x00000000   Number         0  __main.o ABSOLUTE
    ../clib/angel/sys.s                      0x00000000   Number         0  sys_stackheap_outer.o ABSOLUTE
    ../clib/angel/sys.s                      0x00000000   Number         0  libspace.o ABSOLUTE
    ../clib/angel/sys.s                      0x00000000   Number         0  use_no_semi.o ABSOLUTE
    ../clib/angel/sys.s                      0x00000000   Number         0  indicate_semi.o ABSOLUTE
    ../clib/angel/sysapp.c                   0x00000000   Number         0  sys_exit.o ABSOLUTE
    ../clib/angel/sysapp.c                   0x00000000   Number         0  sys_exit_hlt.o ABSOLUTE
    ../clib/angel/sysapp.c                   0x00000000   Number         0  sys_command.o ABSOLUTE
    ../clib/angel/sysapp.c                   0x00000000   Number         0  sys_command_hlt.o ABSOLUTE
    ../clib/angel/sysapp.c                   0x00000000   Number         0  sys_wrch.o ABSOLUTE
    ../clib/angel/sysapp.c                   0x00000000   Number         0  sys_wrch_hlt.o ABSOLUTE
    ../clib/armsys.c                         0x00000000   Number         0  argv_veneer.o ABSOLUTE
    ../clib/armsys.c                         0x00000000   Number         0  argv_veneer.o ABSOLUTE
    ../clib/armsys.c                         0x00000000   Number         0  _get_argv_nomalloc.o ABSOLUTE
    ../clib/armsys.c                         0x00000000   Number         0  no_argv.o ABSOLUTE
    ../clib/heapalloc.c                      0x00000000   Number         0  hrguard.o ABSOLUTE
    ../clib/heapaux.c                        0x00000000   Number         0  heapauxi.o ABSOLUTE
    ../clib/libinit.s                        0x00000000   Number         0  libinit.o ABSOLUTE
    ../clib/libinit.s                        0x00000000   Number         0  libinit2.o ABSOLUTE
    ../clib/libinit.s                        0x00000000   Number         0  libshutdown.o ABSOLUTE
    ../clib/libinit.s                        0x00000000   Number         0  libshutdown2.o ABSOLUTE
    ../clib/memcpset.s                       0x00000000   Number         0  aeabi_memset.o ABSOLUTE
    ../clib/memcpset.s                       0x00000000   Number         0  rt_memclr_w.o ABSOLUTE
    ../clib/memcpset.s                       0x00000000   Number         0  rt_memclr.o ABSOLUTE
    ../clib/signal.c                         0x00000000   Number         0  defsig_rtmem_outer.o ABSOLUTE
    ../clib/signal.c                         0x00000000   Number         0  defsig_rtmem_formal.o ABSOLUTE
    ../clib/signal.c                         0x00000000   Number         0  defsig_exit.o ABSOLUTE
    ../clib/signal.c                         0x00000000   Number         0  defsig_rtmem_inner.o ABSOLUTE
    ../clib/signal.c                         0x00000000   Number         0  __raise.o ABSOLUTE
    ../clib/signal.c                         0x00000000   Number         0  defsig_general.o ABSOLUTE
    ../clib/signal.c                         0x00000000   Number         0  defsig_abrt_inner.o ABSOLUTE
    ../clib/signal.c                         0x00000000   Number         0  defsig_fpe_inner.o ABSOLUTE
    ../clib/signal.c                         0x00000000   Number         0  defsig_rtred_inner.o ABSOLUTE
    ../clib/signal.c                         0x00000000   Number         0  defsig_stak_inner.o ABSOLUTE
    ../clib/signal.c                         0x00000000   Number         0  defsig_pvfn_inner.o ABSOLUTE
    ../clib/signal.c                         0x00000000   Number         0  defsig_cppl_inner.o ABSOLUTE
    ../clib/signal.c                         0x00000000   Number         0  defsig_segv_inner.o ABSOLUTE
    ../clib/signal.c                         0x00000000   Number         0  defsig_other.o ABSOLUTE
    ../clib/signal.s                         0x00000000   Number         0  defsig.o ABSOLUTE
    ../clib/stdlib.c                         0x00000000   Number         0  exit.o ABSOLUTE
    ../fplib/fpinit.s                        0x00000000   Number         0  fpinit.o ABSOLUTE
    ../src/tx_thread_context_restore.s       0x00000000   Number         0  tx_thread_context_restore.o ABSOLUTE
    ../src/tx_thread_context_save.s          0x00000000   Number         0  tx_thread_context_save.o ABSOLUTE
    ../src/tx_thread_schedule.s              0x00000000   Number         0  tx_thread_schedule.o ABSOLUTE
    ../src/tx_thread_stack_build.s           0x00000000   Number         0  tx_thread_stack_build.o ABSOLUTE
    ../src/tx_timer_interrupt.s              0x00000000   Number         0  tx_timer_interrupt.o ABSOLUTE
    cpu.c                                    0x00000000   Number         0  cpu.o ABSOLUTE
    cpu.c                                    0x00000000   Number         0  cpu.o ABSOLUTE
    dc.s                                     0x00000000   Number         0  dc.o ABSOLUTE
    gpio.c                                   0x00000000   Number         0  gpio.o ABSOLUTE
    interrupt.c                              0x00000000   Number         0  interrupt.o ABSOLUTE
    main.c                                   0x00000000   Number         0  main.o ABSOLUTE
    sysctl.c                                 0x00000000   Number         0  sysctl.o ABSOLUTE
    sysctl.c                                 0x00000000   Number         0  sysctl.o ABSOLUTE
    system_TM4C129.c                         0x00000000   Number         0  system_tm4c129.o ABSOLUTE
    tx_block_release.c                       0x00000000   Number         0  tx_block_release.o ABSOLUTE
    tx_byte_allocate.c                       0x00000000   Number         0  tx_byte_allocate.o ABSOLUTE
    tx_byte_pool_cleanup.c                   0x00000000   Number         0  tx_byte_pool_cleanup.o ABSOLUTE
    tx_byte_pool_create.c                    0x00000000   Number         0  tx_byte_pool_create.o ABSOLUTE
    tx_byte_pool_search.c                    0x00000000   Number         0  tx_byte_pool_search.o ABSOLUTE
    tx_initialize_high_level.c               0x00000000   Number         0  tx_initialize_high_level.o ABSOLUTE
    tx_initialize_kernel_enter.c             0x00000000   Number         0  tx_initialize_kernel_enter.o ABSOLUTE
    tx_mutex_cleanup.c                       0x00000000   Number         0  tx_mutex_cleanup.o ABSOLUTE
    tx_mutex_create.c                        0x00000000   Number         0  tx_mutex_create.o ABSOLUTE
    tx_mutex_prioritize.c                    0x00000000   Number         0  tx_mutex_prioritize.o ABSOLUTE
    tx_mutex_priority_change.c               0x00000000   Number         0  tx_mutex_priority_change.o ABSOLUTE
    tx_mutex_put.c                           0x00000000   Number         0  tx_mutex_put.o ABSOLUTE
    tx_thread_create.c                       0x00000000   Number         0  tx_thread_create.o ABSOLUTE
    tx_thread_initialize.c                   0x00000000   Number         0  tx_thread_initialize.o ABSOLUTE
    tx_thread_shell_entry.c                  0x00000000   Number         0  tx_thread_shell_entry.o ABSOLUTE
    tx_thread_sleep.c                        0x00000000   Number         0  tx_thread_sleep.o ABSOLUTE
    tx_thread_system_preempt_check.c         0x00000000   Number         0  tx_thread_system_preempt_check.o ABSOLUTE
    tx_thread_system_resume.c                0x00000000   Number         0  tx_thread_system_resume.o ABSOLUTE
    tx_thread_system_suspend.c               0x00000000   Number         0  tx_thread_system_suspend.o ABSOLUTE
    tx_thread_time_slice.c                   0x00000000   Number         0  tx_thread_time_slice.o ABSOLUTE
    tx_thread_timeout.c                      0x00000000   Number         0  tx_thread_timeout.o ABSOLUTE
    tx_timer_expiration_process.c            0x00000000   Number         0  tx_timer_expiration_process.o ABSOLUTE
    tx_timer_initialize.c                    0x00000000   Number         0  tx_timer_initialize.o ABSOLUTE
    tx_timer_system_activate.c               0x00000000   Number         0  tx_timer_system_activate.o ABSOLUTE
    tx_timer_system_deactivate.c             0x00000000   Number         0  tx_timer_system_deactivate.o ABSOLUTE
    tx_timer_thread_entry.c                  0x00000000   Number         0  tx_timer_thread_entry.o ABSOLUTE
    txe_block_release.c                      0x00000000   Number         0  txe_block_release.o ABSOLUTE
    txe_byte_allocate.c                      0x00000000   Number         0  txe_byte_allocate.o ABSOLUTE
    txe_byte_pool_create.c                   0x00000000   Number         0  txe_byte_pool_create.o ABSOLUTE
    txe_mutex_create.c                       0x00000000   Number         0  txe_mutex_create.o ABSOLUTE
    txe_thread_create.c                      0x00000000   Number         0  txe_thread_create.o ABSOLUTE
    uart.c                                   0x00000000   Number         0  uart.o ABSOLUTE
    uartstdio.c                              0x00000000   Number         0  uartstdio.o ABSOLUTE
    RESET                                    0x00000000   Section      512  startup_tm4c129.o(RESET)
    !!!main                                  0x00000200   Section        8  __main.o(!!!main)
    !!!scatter                               0x00000208   Section       92  __scatter.o(!!!scatter)
    !!handler_copy                           0x00000264   Section       26  __scatter_copy.o(!!handler_copy)
    !!handler_null                           0x00000280   Section        2  __scatter.o(!!handler_null)
    !!handler_zi                             0x00000284   Section       28  __scatter_zi.o(!!handler_zi)
    .ARM.Collect$$libinit$$00000000          0x000002a0   Section        2  libinit.o(.ARM.Collect$$libinit$$00000000)
    .ARM.Collect$$libinit$$00000001          0x000002a2   Section        4  libinit2.o(.ARM.Collect$$libinit$$00000001)
    .ARM.Collect$$libinit$$00000004          0x000002a6   Section        0  libinit2.o(.ARM.Collect$$libinit$$00000004)
    .ARM.Collect$$libinit$$00000006          0x000002a6   Section        0  libinit2.o(.ARM.Collect$$libinit$$00000006)
    .ARM.Collect$$libinit$$0000000C          0x000002a6   Section        0  libinit2.o(.ARM.Collect$$libinit$$0000000C)
    .ARM.Collect$$libinit$$0000000E          0x000002a6   Section        0  libinit2.o(.ARM.Collect$$libinit$$0000000E)
    .ARM.Collect$$libinit$$00000010          0x000002a6   Section        0  libinit2.o(.ARM.Collect$$libinit$$00000010)
    .ARM.Collect$$libinit$$00000013          0x000002a6   Section        0  libinit2.o(.ARM.Collect$$libinit$$00000013)
    .ARM.Collect$$libinit$$00000015          0x000002a6   Section        0  libinit2.o(.ARM.Collect$$libinit$$00000015)
    .ARM.Collect$$libinit$$00000017          0x000002a6   Section        0  libinit2.o(.ARM.Collect$$libinit$$00000017)
    .ARM.Collect$$libinit$$00000019          0x000002a6   Section        0  libinit2.o(.ARM.Collect$$libinit$$00000019)
    .ARM.Collect$$libinit$$0000001B          0x000002a6   Section        0  libinit2.o(.ARM.Collect$$libinit$$0000001B)
    .ARM.Collect$$libinit$$0000001D          0x000002a6   Section        0  libinit2.o(.ARM.Collect$$libinit$$0000001D)
    .ARM.Collect$$libinit$$0000001F          0x000002a6   Section        0  libinit2.o(.ARM.Collect$$libinit$$0000001F)
    .ARM.Collect$$libinit$$00000021          0x000002a6   Section        0  libinit2.o(.ARM.Collect$$libinit$$00000021)
    .ARM.Collect$$libinit$$00000023          0x000002a6   Section        0  libinit2.o(.ARM.Collect$$libinit$$00000023)
    .ARM.Collect$$libinit$$00000025          0x000002a6   Section        0  libinit2.o(.ARM.Collect$$libinit$$00000025)
    .ARM.Collect$$libinit$$00000027          0x000002a6   Section        0  libinit2.o(.ARM.Collect$$libinit$$00000027)
    .ARM.Collect$$libinit$$0000002E          0x000002a6   Section        0  libinit2.o(.ARM.Collect$$libinit$$0000002E)
    .ARM.Collect$$libinit$$00000030          0x000002a6   Section        0  libinit2.o(.ARM.Collect$$libinit$$00000030)
    .ARM.Collect$$libinit$$00000032          0x000002a6   Section        0  libinit2.o(.ARM.Collect$$libinit$$00000032)
    .ARM.Collect$$libinit$$00000034          0x000002a6   Section        0  libinit2.o(.ARM.Collect$$libinit$$00000034)
    .ARM.Collect$$libinit$$00000035          0x000002a6   Section        2  libinit2.o(.ARM.Collect$$libinit$$00000035)
    .ARM.Collect$$libshutdown$$00000000      0x000002a8   Section        2  libshutdown.o(.ARM.Collect$$libshutdown$$00000000)
    .ARM.Collect$$libshutdown$$00000002      0x000002aa   Section        0  libshutdown2.o(.ARM.Collect$$libshutdown$$00000002)
    .ARM.Collect$$libshutdown$$00000004      0x000002aa   Section        0  libshutdown2.o(.ARM.Collect$$libshutdown$$00000004)
    .ARM.Collect$$libshutdown$$00000007      0x000002aa   Section        0  libshutdown2.o(.ARM.Collect$$libshutdown$$00000007)
    .ARM.Collect$$libshutdown$$0000000A      0x000002aa   Section        0  libshutdown2.o(.ARM.Collect$$libshutdown$$0000000A)
    .ARM.Collect$$libshutdown$$0000000C      0x000002aa   Section        0  libshutdown2.o(.ARM.Collect$$libshutdown$$0000000C)
    .ARM.Collect$$libshutdown$$0000000F      0x000002aa   Section        0  libshutdown2.o(.ARM.Collect$$libshutdown$$0000000F)
    .ARM.Collect$$libshutdown$$00000010      0x000002aa   Section        2  libshutdown2.o(.ARM.Collect$$libshutdown$$00000010)
    .ARM.Collect$$rtentry$$00000000          0x000002ac   Section        0  __rtentry.o(.ARM.Collect$$rtentry$$00000000)
    .ARM.Collect$$rtentry$$00000002          0x000002ac   Section        0  __rtentry2.o(.ARM.Collect$$rtentry$$00000002)
    .ARM.Collect$$rtentry$$00000004          0x000002ac   Section        6  __rtentry4.o(.ARM.Collect$$rtentry$$00000004)
    .ARM.Collect$$rtentry$$00000009          0x000002b2   Section        0  __rtentry2.o(.ARM.Collect$$rtentry$$00000009)
    .ARM.Collect$$rtentry$$0000000A          0x000002b2   Section        4  __rtentry2.o(.ARM.Collect$$rtentry$$0000000A)
    .ARM.Collect$$rtentry$$0000000C          0x000002b6   Section        0  __rtentry2.o(.ARM.Collect$$rtentry$$0000000C)
    .ARM.Collect$$rtentry$$0000000D          0x000002b6   Section        8  __rtentry2.o(.ARM.Collect$$rtentry$$0000000D)
    .ARM.Collect$$rtexit$$00000000           0x000002be   Section        2  rtexit.o(.ARM.Collect$$rtexit$$00000000)
    .ARM.Collect$$rtexit$$00000002           0x000002c0   Section        0  rtexit2.o(.ARM.Collect$$rtexit$$00000002)
    .ARM.Collect$$rtexit$$00000003           0x000002c0   Section        4  rtexit2.o(.ARM.Collect$$rtexit$$00000003)
    .ARM.Collect$$rtexit$$00000004           0x000002c4   Section        6  rtexit2.o(.ARM.Collect$$rtexit$$00000004)
    $v0                                      0x000002cc   Number         0  tx_initialize_low_level.o(.text)
    .text                                    0x000002cc   Section      120  tx_initialize_low_level.o(.text)
    $v0                                      0x00000344   Number         0  startup_tm4c129.o(.text)
    .text                                    0x00000344   Section      300  startup_tm4c129.o(.text)
    $v0                                      0x00000470   Number         0  tx_thread_context_restore.o(.text)
    .text                                    0x00000470   Section        8  tx_thread_context_restore.o(.text)
    $v0                                      0x00000478   Number         0  tx_thread_context_save.o(.text)
    .text                                    0x00000478   Section        4  tx_thread_context_save.o(.text)
    $v0                                      0x0000047c   Number         0  tx_thread_schedule.o(.text)
    .text                                    0x0000047c   Section      224  tx_thread_schedule.o(.text)
    $v0                                      0x0000055c   Number         0  tx_timer_interrupt.o(.text)
    .text                                    0x0000055c   Section      232  tx_timer_interrupt.o(.text)
    [Anonymous Symbol]                       0x00000644   Section        0  tx_initialize_high_level.o(.text)
    [Anonymous Symbol]                       0x000006cc   Section        0  tx_initialize_kernel_enter.o(.text)
    [Anonymous Symbol]                       0x0000071c   Section        0  tx_thread_initialize.o(.text)
    [Anonymous Symbol]                       0x0000079c   Section        0  tx_thread_sleep.o(.text)
    [Anonymous Symbol]                       0x0000082c   Section        0  txe_block_release.o(.text)
    [Anonymous Symbol]                       0x0000084c   Section        0  txe_byte_allocate.o(.text)
    [Anonymous Symbol]                       0x00000904   Section        0  txe_byte_pool_create.o(.text)
    [Anonymous Symbol]                       0x00000a74   Section        0  txe_mutex_create.o(.text)
    [Anonymous Symbol]                       0x00000bb8   Section        0  txe_thread_create.o(.text)
    [Anonymous Symbol]                       0x00000d50   Section        0  tx_block_release.o(.text)
    [Anonymous Symbol]                       0x00000db8   Section        0  tx_byte_allocate.o(.text)
    [Anonymous Symbol]                       0x00000e88   Section        0  tx_byte_pool_create.o(.text)
    [Anonymous Symbol]                       0x00000f14   Section        0  tx_mutex_create.o(.text)
    [Anonymous Symbol]                       0x00000f80   Section        0  tx_thread_create.o(.text)
    [Anonymous Symbol]                       0x000010a8   Section        0  tx_thread_system_preempt_check.o(.text)
    [Anonymous Symbol]                       0x000010f4   Section        0  tx_thread_system_suspend.o(.text)
    [Anonymous Symbol]                       0x000012f4   Section        0  tx_thread_time_slice.o(.text)
    [Anonymous Symbol]                       0x00001364   Section        0  tx_timer_expiration_process.o(.text)
    [Anonymous Symbol]                       0x00001388   Section        0  tx_timer_initialize.o(.text)
    $v0                                      0x00001498   Number         0  tx_thread_stack_build.o(.text)
    .text                                    0x00001498   Section       64  tx_thread_stack_build.o(.text)
    [Anonymous Symbol]                       0x000014d8   Section        0  tx_byte_pool_cleanup.o(.text)
    [Anonymous Symbol]                       0x0000156c   Section        0  tx_byte_pool_search.o(.text)
    [Anonymous Symbol]                       0x0000165c   Section        0  tx_mutex_cleanup.o(.text)
    [Anonymous Symbol]                       0x00001738   Section        0  tx_thread_shell_entry.o(.text)
    [Anonymous Symbol]                       0x000017b8   Section        0  tx_thread_system_resume.o(.text)
    [Anonymous Symbol]                       0x00001908   Section        0  tx_thread_timeout.o(.text)
    [Anonymous Symbol]                       0x0000193c   Section        0  tx_timer_system_activate.o(.text)
    [Anonymous Symbol]                       0x00001998   Section        0  tx_timer_thread_entry.o(.text)
    [Anonymous Symbol]                       0x00001ad8   Section        0  tx_mutex_put.o(.text)
    [Anonymous Symbol]                       0x00001d48   Section        0  tx_timer_system_deactivate.o(.text)
    [Anonymous Symbol]                       0x00001d78   Section        0  tx_mutex_prioritize.o(.text)
    [Anonymous Symbol]                       0x00001e30   Section        0  tx_mutex_priority_change.o(.text)
    .text                                    0x00001f0c   Section       16  aeabi_memset.o(.text)
    .text                                    0x00001f1c   Section       78  rt_memclr_w.o(.text)
    .text                                    0x00001f6a   Section        0  heapauxi.o(.text)
    .text                                    0x00001f70   Section       68  rt_memclr.o(.text)
    .text                                    0x00001fb4   Section       74  sys_stackheap_outer.o(.text)
    .text                                    0x00001ffe   Section        0  exit.o(.text)
    .text                                    0x00002010   Section        8  libspace.o(.text)
    .text                                    0x00002018   Section        0  sys_exit.o(.text)
    .text                                    0x00002024   Section        2  use_no_semi.o(.text)
    .text                                    0x00002026   Section        0  indicate_semi.o(.text)
    [Anonymous Symbol]                       0x00002028   Section        0  system_tm4c129.o(.text.SystemInit)
    [Anonymous Symbol]                       0x0000204c   Section        0  main.o(.text.main)
    [Anonymous Symbol]                       0x000020bc   Section        0  main.o(.text.thread_0_entry)
    [Anonymous Symbol]                       0x0000210c   Section        0  main.o(.text.thread_1_entry)
    [Anonymous Symbol]                       0x0000215c   Section        0  main.o(.text.thread_2_entry)
    [Anonymous Symbol]                       0x000021b0   Section        0  main.o(.text.tx_application_define)
    i.GPIODirModeSet                         0x000022e8   Section        0  gpio.o(i.GPIODirModeSet)
    i.GPIOPadConfigSet                       0x00002310   Section        0  gpio.o(i.GPIOPadConfigSet)
    i.GPIOPinTypeGPIOOutput                  0x00002480   Section        0  gpio.o(i.GPIOPinTypeGPIOOutput)
    i.GPIOPinWrite                           0x0000249c   Section        0  gpio.o(i.GPIOPinWrite)
    i.SysCtlClockFreqSet                     0x000024a4   Section        0  sysctl.o(i.SysCtlClockFreqSet)
    i.SysCtlPeripheralEnable                 0x00002788   Section        0  sysctl.o(i.SysCtlPeripheralEnable)
    i.SysCtlPeripheralReady                  0x000027b0   Section        0  sysctl.o(i.SysCtlPeripheralReady)
    $v0                                      0x000027dc   Number         0  fpinit.o(x$fpl$fpinit)
    x$fpl$fpinit                             0x000027dc   Section       26  fpinit.o(x$fpl$fpinit)
    g_pui32VCOFrequencies                    0x000027f8   Data           8  sysctl.o(.constdata)
    .constdata                               0x000027f8   Section      596  sysctl.o(.constdata)
    g_pui32Xtals                             0x00002800   Data         108  sysctl.o(.constdata)
    g_pppui32XTALtoVCO                       0x0000286c   Data         432  sysctl.o(.constdata)
    g_sXTALtoMEMTIM                          0x00002a1c   Data          48  sysctl.o(.constdata)
    .bss                                     0x20000008   Section       96  libspace.o(.bss)
    Heap_Mem                                 0x20002cd8   Data           0  startup_tm4c129.o(HEAP)
    Stack_Mem                                0x20002cd8   Data         512  startup_tm4c129.o(STACK)
    HEAP                                     0x20002cd8   Section        0  startup_tm4c129.o(HEAP)
    STACK                                    0x20002cd8   Section      512  startup_tm4c129.o(STACK)
    __initial_sp                             0x20002ed8   Data           0  startup_tm4c129.o(STACK)

    Global Symbols

    Symbol Name                              Value     Ov Type        Size  Object(Section)

    BuildAttributes$$THM_ISAv4$E$P$D$K$B$S$7EM$VFPi3$EXTD16$VFPS$VFMA$PE$A:L22UL41UL21$X:L11$S22US41US21$IEEE1$IW$~IW$USESV6$~STKCKD$USESV7$~SHL$OTIME$ROPI$EBA8$UX$STANDARDLIB$REQ8$PRES8$EABIv2 0x00000000   Number         0  anon$$obj.o ABSOLUTE
    __Vectors                                0x00000000   Data           4  startup_tm4c129.o(RESET)
    __tx_vectors                             0x00000000   Data           0  startup_tm4c129.o(RESET)
    __ARM_exceptions_init                     - Undefined Weak Reference
    __alloca_initialize                       - Undefined Weak Reference
    __arm_preinit_                            - Undefined Weak Reference
    __arm_relocate_pie_                       - Undefined Weak Reference
    __cpp_initialize__aeabi_                  - Undefined Weak Reference
    __cxa_finalize                            - Undefined Weak Reference
    __rt_locale                               - Undefined Weak Reference
    __sigvec_lookup                           - Undefined Weak Reference
    _atexit_init                              - Undefined Weak Reference
    _call_atexit_fns                          - Undefined Weak Reference
    _clock_init                               - Undefined Weak Reference
    _fp_trap_init                             - Undefined Weak Reference
    _fp_trap_shutdown                         - Undefined Weak Reference
    _get_lc_collate                           - Undefined Weak Reference
    _get_lc_ctype                             - Undefined Weak Reference
    _get_lc_monetary                          - Undefined Weak Reference
    _get_lc_numeric                           - Undefined Weak Reference
    _get_lc_time                              - Undefined Weak Reference
    _getenv_init                              - Undefined Weak Reference
    _handle_redirection                       - Undefined Weak Reference
    _init_alloc                               - Undefined Weak Reference
    _init_user_alloc                          - Undefined Weak Reference
    _initio                                   - Undefined Weak Reference
    _rand_init                                - Undefined Weak Reference
    _signal_finish                            - Undefined Weak Reference
    _signal_init                              - Undefined Weak Reference
    _terminate_alloc                          - Undefined Weak Reference
    _terminate_user_alloc                     - Undefined Weak Reference
    _terminateio                              - Undefined Weak Reference
    __Vectors_End                            0x00000200   Data           0  startup_tm4c129.o(RESET)
    __Vectors_Size                           0x00000200   Number         0  startup_tm4c129.o ABSOLUTE
    __main                                   0x00000201   Thumb Code     8  __main.o(!!!main)
    __scatterload                            0x00000209   Thumb Code     0  __scatter.o(!!!scatter)
    __scatterload_rt2                        0x00000209   Thumb Code    84  __scatter.o(!!!scatter)
    __scatterload_rt2_thumb_only             0x00000209   Thumb Code     0  __scatter.o(!!!scatter)
    __scatterload_loop                       0x00000213   Thumb Code     0  __scatter.o(!!!scatter)
    __scatterload_copy                       0x00000265   Thumb Code    26  __scatter_copy.o(!!handler_copy)
    __scatterload_null                       0x00000281   Thumb Code     2  __scatter.o(!!handler_null)
    __scatterload_zeroinit                   0x00000285   Thumb Code    28  __scatter_zi.o(!!handler_zi)
    __rt_lib_init                            0x000002a1   Thumb Code     0  libinit.o(.ARM.Collect$$libinit$$00000000)
    __rt_lib_init_fp_1                       0x000002a3   Thumb Code     0  libinit2.o(.ARM.Collect$$libinit$$00000001)
    __rt_lib_init_alloca_1                   0x000002a7   Thumb Code     0  libinit2.o(.ARM.Collect$$libinit$$00000030)
    __rt_lib_init_argv_1                     0x000002a7   Thumb Code     0  libinit2.o(.ARM.Collect$$libinit$$0000002E)
    __rt_lib_init_atexit_1                   0x000002a7   Thumb Code     0  libinit2.o(.ARM.Collect$$libinit$$0000001D)
    __rt_lib_init_clock_1                    0x000002a7   Thumb Code     0  libinit2.o(.ARM.Collect$$libinit$$00000023)
    __rt_lib_init_cpp_1                      0x000002a7   Thumb Code     0  libinit2.o(.ARM.Collect$$libinit$$00000034)
    __rt_lib_init_exceptions_1               0x000002a7   Thumb Code     0  libinit2.o(.ARM.Collect$$libinit$$00000032)
    __rt_lib_init_fp_trap_1                  0x000002a7   Thumb Code     0  libinit2.o(.ARM.Collect$$libinit$$00000021)
    __rt_lib_init_getenv_1                   0x000002a7   Thumb Code     0  libinit2.o(.ARM.Collect$$libinit$$00000025)
    __rt_lib_init_heap_1                     0x000002a7   Thumb Code     0  libinit2.o(.ARM.Collect$$libinit$$0000000C)
    __rt_lib_init_lc_collate_1               0x000002a7   Thumb Code     0  libinit2.o(.ARM.Collect$$libinit$$00000013)
    __rt_lib_init_lc_ctype_1                 0x000002a7   Thumb Code     0  libinit2.o(.ARM.Collect$$libinit$$00000015)
    __rt_lib_init_lc_monetary_1              0x000002a7   Thumb Code     0  libinit2.o(.ARM.Collect$$libinit$$00000017)
    __rt_lib_init_lc_numeric_1               0x000002a7   Thumb Code     0  libinit2.o(.ARM.Collect$$libinit$$00000019)
    __rt_lib_init_lc_time_1                  0x000002a7   Thumb Code     0  libinit2.o(.ARM.Collect$$libinit$$0000001B)
    __rt_lib_init_preinit_1                  0x000002a7   Thumb Code     0  libinit2.o(.ARM.Collect$$libinit$$00000006)
    __rt_lib_init_rand_1                     0x000002a7   Thumb Code     0  libinit2.o(.ARM.Collect$$libinit$$00000010)
    __rt_lib_init_relocate_pie_1             0x000002a7   Thumb Code     0  libinit2.o(.ARM.Collect$$libinit$$00000004)
    __rt_lib_init_return                     0x000002a7   Thumb Code     0  libinit2.o(.ARM.Collect$$libinit$$00000035)
    __rt_lib_init_signal_1                   0x000002a7   Thumb Code     0  libinit2.o(.ARM.Collect$$libinit$$0000001F)
    __rt_lib_init_stdio_1                    0x000002a7   Thumb Code     0  libinit2.o(.ARM.Collect$$libinit$$00000027)
    __rt_lib_init_user_alloc_1               0x000002a7   Thumb Code     0  libinit2.o(.ARM.Collect$$libinit$$0000000E)
    __rt_lib_shutdown                        0x000002a9   Thumb Code     0  libshutdown.o(.ARM.Collect$$libshutdown$$00000000)
    __rt_lib_shutdown_cpp_1                  0x000002ab   Thumb Code     0  libshutdown2.o(.ARM.Collect$$libshutdown$$00000002)
    __rt_lib_shutdown_fp_trap_1              0x000002ab   Thumb Code     0  libshutdown2.o(.ARM.Collect$$libshutdown$$00000007)
    __rt_lib_shutdown_heap_1                 0x000002ab   Thumb Code     0  libshutdown2.o(.ARM.Collect$$libshutdown$$0000000F)
    __rt_lib_shutdown_return                 0x000002ab   Thumb Code     0  libshutdown2.o(.ARM.Collect$$libshutdown$$00000010)
    __rt_lib_shutdown_signal_1               0x000002ab   Thumb Code     0  libshutdown2.o(.ARM.Collect$$libshutdown$$0000000A)
    __rt_lib_shutdown_stdio_1                0x000002ab   Thumb Code     0  libshutdown2.o(.ARM.Collect$$libshutdown$$00000004)
    __rt_lib_shutdown_user_alloc_1           0x000002ab   Thumb Code     0  libshutdown2.o(.ARM.Collect$$libshutdown$$0000000C)
    __rt_entry                               0x000002ad   Thumb Code     0  __rtentry.o(.ARM.Collect$$rtentry$$00000000)
    __rt_entry_presh_1                       0x000002ad   Thumb Code     0  __rtentry2.o(.ARM.Collect$$rtentry$$00000002)
    __rt_entry_sh                            0x000002ad   Thumb Code     0  __rtentry4.o(.ARM.Collect$$rtentry$$00000004)
    __rt_entry_li                            0x000002b3   Thumb Code     0  __rtentry2.o(.ARM.Collect$$rtentry$$0000000A)
    __rt_entry_postsh_1                      0x000002b3   Thumb Code     0  __rtentry2.o(.ARM.Collect$$rtentry$$00000009)
    __rt_entry_main                          0x000002b7   Thumb Code     0  __rtentry2.o(.ARM.Collect$$rtentry$$0000000D)
    __rt_entry_postli_1                      0x000002b7   Thumb Code     0  __rtentry2.o(.ARM.Collect$$rtentry$$0000000C)
    __rt_exit                                0x000002bf   Thumb Code     0  rtexit.o(.ARM.Collect$$rtexit$$00000000)
    __rt_exit_ls                             0x000002c1   Thumb Code     0  rtexit2.o(.ARM.Collect$$rtexit$$00000003)
    __rt_exit_prels_1                        0x000002c1   Thumb Code     0  rtexit2.o(.ARM.Collect$$rtexit$$00000002)
    __rt_exit_exit                           0x000002c5   Thumb Code     0  rtexit2.o(.ARM.Collect$$rtexit$$00000004)
    _tx_initialize_low_level                 0x000002cd   Thumb Code     0  tx_initialize_low_level.o(.text)
    __tx_SysTickHandler                      0x0000031b   Thumb Code     0  tx_initialize_low_level.o(.text)
    Reset_Handler                            0x00000345   Thumb Code     8  startup_tm4c129.o(.text)
    NMI_Handler                              0x0000034d   Thumb Code     2  startup_tm4c129.o(.text)
    HardFault_Handler                        0x0000034f   Thumb Code     2  startup_tm4c129.o(.text)
    MemManage_Handler                        0x00000351   Thumb Code     2  startup_tm4c129.o(.text)
    BusFault_Handler                         0x00000353   Thumb Code     2  startup_tm4c129.o(.text)
    UsageFault_Handler                       0x00000355   Thumb Code     2  startup_tm4c129.o(.text)
    SVC_Handler                              0x00000357   Thumb Code     2  startup_tm4c129.o(.text)
    DebugMon_Handler                         0x00000359   Thumb Code     2  startup_tm4c129.o(.text)
    SysTick_Handler                          0x0000035d   Thumb Code     2  startup_tm4c129.o(.text)
    GPIOA_Handler                            0x0000035f   Thumb Code     2  startup_tm4c129.o(.text)
    GPIOB_Handler                            0x00000361   Thumb Code     2  startup_tm4c129.o(.text)
    GPIOC_Handler                            0x00000363   Thumb Code     2  startup_tm4c129.o(.text)
    GPIOD_Handler                            0x00000365   Thumb Code     2  startup_tm4c129.o(.text)
    GPIOE_Handler                            0x00000367   Thumb Code     2  startup_tm4c129.o(.text)
    UART0_Handler                            0x00000369   Thumb Code     2  startup_tm4c129.o(.text)
    UART1_Handler                            0x0000036b   Thumb Code     2  startup_tm4c129.o(.text)
    SSI0_Handler                             0x0000036d   Thumb Code     2  startup_tm4c129.o(.text)
    I2C0_Handler                             0x0000036f   Thumb Code     2  startup_tm4c129.o(.text)
    PMW0_FAULT_Handler                       0x00000371   Thumb Code     2  startup_tm4c129.o(.text)
    PWM0_0_Handler                           0x00000373   Thumb Code     2  startup_tm4c129.o(.text)
    PWM0_1_Handler                           0x00000375   Thumb Code     2  startup_tm4c129.o(.text)
    PWM0_2_Handler                           0x00000377   Thumb Code     2  startup_tm4c129.o(.text)
    QEI0_Handler                             0x00000379   Thumb Code     2  startup_tm4c129.o(.text)
    ADC0SS0_Handler                          0x0000037b   Thumb Code     2  startup_tm4c129.o(.text)
    ADC0SS1_Handler                          0x0000037d   Thumb Code     2  startup_tm4c129.o(.text)
    ADC0SS2_Handler                          0x0000037f   Thumb Code     2  startup_tm4c129.o(.text)
    ADC0SS3_Handler                          0x00000381   Thumb Code     2  startup_tm4c129.o(.text)
    WDT0_Handler                             0x00000383   Thumb Code     2  startup_tm4c129.o(.text)
    TIMER0A_Handler                          0x00000385   Thumb Code     2  startup_tm4c129.o(.text)
    TIMER0B_Handler                          0x00000387   Thumb Code     2  startup_tm4c129.o(.text)
    TIMER1A_Handler                          0x00000389   Thumb Code     2  startup_tm4c129.o(.text)
    TIMER1B_Handler                          0x0000038b   Thumb Code     2  startup_tm4c129.o(.text)
    TIMER2A_Handler                          0x0000038d   Thumb Code     2  startup_tm4c129.o(.text)
    TIMER2B_Handler                          0x0000038f   Thumb Code     2  startup_tm4c129.o(.text)
    COMP0_Handler                            0x00000391   Thumb Code     2  startup_tm4c129.o(.text)
    COMP1_Handler                            0x00000393   Thumb Code     2  startup_tm4c129.o(.text)
    COMP2_Handler                            0x00000395   Thumb Code     2  startup_tm4c129.o(.text)
    SYSCTL_Handler                           0x00000397   Thumb Code     2  startup_tm4c129.o(.text)
    FLASH_Handler                            0x00000399   Thumb Code     2  startup_tm4c129.o(.text)
    GPIOF_Handler                            0x0000039b   Thumb Code     2  startup_tm4c129.o(.text)
    GPIOG_Handler                            0x0000039d   Thumb Code     2  startup_tm4c129.o(.text)
    GPIOH_Handler                            0x0000039f   Thumb Code     2  startup_tm4c129.o(.text)
    UART2_Handler                            0x000003a1   Thumb Code     2  startup_tm4c129.o(.text)
    SSI1_Handler                             0x000003a3   Thumb Code     2  startup_tm4c129.o(.text)
    TIMER3A_Handler                          0x000003a5   Thumb Code     2  startup_tm4c129.o(.text)
    TIMER3B_Handler                          0x000003a7   Thumb Code     2  startup_tm4c129.o(.text)
    I2C1_Handler                             0x000003a9   Thumb Code     2  startup_tm4c129.o(.text)
    CAN0_Handler                             0x000003ab   Thumb Code     2  startup_tm4c129.o(.text)
    CAN1_Handler                             0x000003ad   Thumb Code     2  startup_tm4c129.o(.text)
    ETH_Handler                              0x000003af   Thumb Code     2  startup_tm4c129.o(.text)
    HIB_Handler                              0x000003b1   Thumb Code     2  startup_tm4c129.o(.text)
    USB0_Handler                             0x000003b3   Thumb Code     2  startup_tm4c129.o(.text)
    PWM0_3_Handler                           0x000003b5   Thumb Code     2  startup_tm4c129.o(.text)
    UDMA_Handler                             0x000003b7   Thumb Code     2  startup_tm4c129.o(.text)
    UDMAERR_Handler                          0x000003b9   Thumb Code     2  startup_tm4c129.o(.text)
    ADC1SS0_Handler                          0x000003bb   Thumb Code     2  startup_tm4c129.o(.text)
    ADC1SS1_Handler                          0x000003bd   Thumb Code     2  startup_tm4c129.o(.text)
    ADC1SS2_Handler                          0x000003bf   Thumb Code     2  startup_tm4c129.o(.text)
    ADC1SS3_Handler                          0x000003c1   Thumb Code     2  startup_tm4c129.o(.text)
    EBI0_Handler                             0x000003c3   Thumb Code     2  startup_tm4c129.o(.text)
    GPIOJ_Handler                            0x000003c5   Thumb Code     2  startup_tm4c129.o(.text)
    GPIOK_Handler                            0x000003c7   Thumb Code     2  startup_tm4c129.o(.text)
    GPIOL_Handler                            0x000003c9   Thumb Code     2  startup_tm4c129.o(.text)
    SSI2_Handler                             0x000003cb   Thumb Code     2  startup_tm4c129.o(.text)
    SSI3_Handler                             0x000003cd   Thumb Code     2  startup_tm4c129.o(.text)
    UART3_Handler                            0x000003cf   Thumb Code     2  startup_tm4c129.o(.text)
    UART4_Handler                            0x000003d1   Thumb Code     2  startup_tm4c129.o(.text)
    UART5_Handler                            0x000003d3   Thumb Code     2  startup_tm4c129.o(.text)
    UART6_Handler                            0x000003d5   Thumb Code     2  startup_tm4c129.o(.text)
    UART7_Handler                            0x000003d7   Thumb Code     2  startup_tm4c129.o(.text)
    I2C2_Handler                             0x000003d9   Thumb Code     2  startup_tm4c129.o(.text)
    I2C3_Handler                             0x000003db   Thumb Code     2  startup_tm4c129.o(.text)
    TIMER4A_Handler                          0x000003dd   Thumb Code     2  startup_tm4c129.o(.text)
    TIMER4B_Handler                          0x000003df   Thumb Code     2  startup_tm4c129.o(.text)
    TIMER5A_Handler                          0x000003e1   Thumb Code     2  startup_tm4c129.o(.text)
    TIMER5B_Handler                          0x000003e3   Thumb Code     2  startup_tm4c129.o(.text)
    WTIMER0A_Handler                         0x000003e5   Thumb Code     2  startup_tm4c129.o(.text)
    WTIMER0B_Handler                         0x000003e7   Thumb Code     2  startup_tm4c129.o(.text)
    WTIMER1A_Handler                         0x000003e9   Thumb Code     2  startup_tm4c129.o(.text)
    WTIMER1B_Handler                         0x000003eb   Thumb Code     2  startup_tm4c129.o(.text)
    WTIMER2A_Handler                         0x000003ed   Thumb Code     2  startup_tm4c129.o(.text)
    WTIMER2B_Handler                         0x000003ef   Thumb Code     2  startup_tm4c129.o(.text)
    WTIMER3A_Handler                         0x000003f1   Thumb Code     2  startup_tm4c129.o(.text)
    WTIMER3B_Handler                         0x000003f3   Thumb Code     2  startup_tm4c129.o(.text)
    WTIMER4A_Handler                         0x000003f5   Thumb Code     2  startup_tm4c129.o(.text)
    WTIMER4B_Handler                         0x000003f7   Thumb Code     2  startup_tm4c129.o(.text)
    WTIMER5A_Handler                         0x000003f9   Thumb Code     2  startup_tm4c129.o(.text)
    WTIMER5B_Handler                         0x000003fb   Thumb Code     2  startup_tm4c129.o(.text)
    FPU_Handler                              0x000003fd   Thumb Code     2  startup_tm4c129.o(.text)
    I2C4_Handler                             0x000003ff   Thumb Code     2  startup_tm4c129.o(.text)
    I2C5_Handler                             0x00000401   Thumb Code     2  startup_tm4c129.o(.text)
    GPIOM_Handler                            0x00000403   Thumb Code     2  startup_tm4c129.o(.text)
    GPION_Handler                            0x00000405   Thumb Code     2  startup_tm4c129.o(.text)
    TAMPER_Handler                           0x00000407   Thumb Code     2  startup_tm4c129.o(.text)
    GPIOP0_Handler                           0x00000409   Thumb Code     2  startup_tm4c129.o(.text)
    GPIOP1_Handler                           0x0000040b   Thumb Code     2  startup_tm4c129.o(.text)
    GPIOP2_Handler                           0x0000040d   Thumb Code     2  startup_tm4c129.o(.text)
    GPIOP3_Handler                           0x0000040f   Thumb Code     2  startup_tm4c129.o(.text)
    GPIOP4_Handler                           0x00000411   Thumb Code     2  startup_tm4c129.o(.text)
    GPIOP5_Handler                           0x00000413   Thumb Code     2  startup_tm4c129.o(.text)
    GPIOP6_Handler                           0x00000415   Thumb Code     2  startup_tm4c129.o(.text)
    GPIOP7_Handler                           0x00000417   Thumb Code     2  startup_tm4c129.o(.text)
    GPIOQ0_Handler                           0x00000419   Thumb Code     2  startup_tm4c129.o(.text)
    GPIOQ1_Handler                           0x0000041b   Thumb Code     2  startup_tm4c129.o(.text)
    GPIOQ2_Handler                           0x0000041d   Thumb Code     2  startup_tm4c129.o(.text)
    GPIOQ3_Handler                           0x0000041f   Thumb Code     2  startup_tm4c129.o(.text)
    GPIOQ4_Handler                           0x00000421   Thumb Code     2  startup_tm4c129.o(.text)
    GPIOQ5_Handler                           0x00000423   Thumb Code     2  startup_tm4c129.o(.text)
    GPIOQ6_Handler                           0x00000425   Thumb Code     2  startup_tm4c129.o(.text)
    GPIOQ7_Handler                           0x00000427   Thumb Code     2  startup_tm4c129.o(.text)
    GPIOR_Handler                            0x00000429   Thumb Code     2  startup_tm4c129.o(.text)
    GPIOS_Handler                            0x0000042b   Thumb Code     2  startup_tm4c129.o(.text)
    SHAMD5_Handler                           0x0000042d   Thumb Code     2  startup_tm4c129.o(.text)
    AES_Handler                              0x0000042f   Thumb Code     2  startup_tm4c129.o(.text)
    DES3DES_Handler                          0x00000431   Thumb Code     2  startup_tm4c129.o(.text)
    LCDCONTROLLER_Handler                    0x00000433   Thumb Code     2  startup_tm4c129.o(.text)
    TIMER6A_Handler                          0x00000435   Thumb Code     2  startup_tm4c129.o(.text)
    TIMER6B_Handler                          0x00000437   Thumb Code     2  startup_tm4c129.o(.text)
    TIMER7A_Handler                          0x00000439   Thumb Code     2  startup_tm4c129.o(.text)
    TIMER7B_Handler                          0x0000043b   Thumb Code     2  startup_tm4c129.o(.text)
    I2C6_Handler                             0x0000043d   Thumb Code     2  startup_tm4c129.o(.text)
    I2C7_Handler                             0x0000043f   Thumb Code     2  startup_tm4c129.o(.text)
    HIMSCANKEYBOARD_Handler                  0x00000441   Thumb Code     2  startup_tm4c129.o(.text)
    ONEWIRE_Handler                          0x00000443   Thumb Code     2  startup_tm4c129.o(.text)
    HIMPS2_Handler                           0x00000445   Thumb Code     2  startup_tm4c129.o(.text)
    HIMLEDSEQUENCER_Handler                  0x00000447   Thumb Code     2  startup_tm4c129.o(.text)
    HIMCONSUMERIR_Handler                    0x00000449   Thumb Code     2  startup_tm4c129.o(.text)
    I2C8_Handler                             0x0000044b   Thumb Code     2  startup_tm4c129.o(.text)
    I2C9_Handler                             0x0000044d   Thumb Code     2  startup_tm4c129.o(.text)
    GPIOT_Handler                            0x0000044f   Thumb Code     2  startup_tm4c129.o(.text)
    __user_initial_stackheap                 0x00000451   Thumb Code     0  startup_tm4c129.o(.text)
    _tx_thread_context_restore               0x00000471   Thumb Code     0  tx_thread_context_restore.o(.text)
    _tx_thread_context_save                  0x00000479   Thumb Code     0  tx_thread_context_save.o(.text)
    _tx_thread_schedule                      0x0000047d   Thumb Code     0  tx_thread_schedule.o(.text)
    PendSV_Handler                           0x000004a9   Thumb Code     0  tx_thread_schedule.o(.text)
    __tx_PendSVHandler                       0x000004a9   Thumb Code     0  tx_thread_schedule.o(.text)
    tx_thread_fpu_enable                     0x0000054d   Thumb Code     0  tx_thread_schedule.o(.text)
    tx_thread_fpu_disable                    0x0000054f   Thumb Code     0  tx_thread_schedule.o(.text)
    _tx_vfp_access                           0x00000551   Thumb Code     0  tx_thread_schedule.o(.text)
    _tx_timer_interrupt                      0x0000055d   Thumb Code     0  tx_timer_interrupt.o(.text)
    _tx_initialize_high_level                0x00000645   Thumb Code   134  tx_initialize_high_level.o(.text)
    _tx_initialize_kernel_enter              0x000006cd   Thumb Code    78  tx_initialize_kernel_enter.o(.text)
    _tx_thread_initialize                    0x0000071d   Thumb Code   128  tx_thread_initialize.o(.text)
    _tx_thread_sleep                         0x0000079d   Thumb Code   142  tx_thread_sleep.o(.text)
    _txe_block_release                       0x0000082d   Thumb Code    30  txe_block_release.o(.text)
    _txe_byte_allocate                       0x0000084d   Thumb Code   182  txe_byte_allocate.o(.text)
    _txe_byte_pool_create                    0x00000905   Thumb Code   366  txe_byte_pool_create.o(.text)
    _txe_mutex_create                        0x00000a75   Thumb Code   324  txe_mutex_create.o(.text)
    _txe_thread_create                       0x00000bb9   Thumb Code   408  txe_thread_create.o(.text)
    _tx_block_release                        0x00000d51   Thumb Code   104  tx_block_release.o(.text)
    _tx_byte_allocate                        0x00000db9   Thumb Code   208  tx_byte_allocate.o(.text)
    _tx_byte_pool_create                     0x00000e89   Thumb Code   138  tx_byte_pool_create.o(.text)
    _tx_mutex_create                         0x00000f15   Thumb Code   106  tx_mutex_create.o(.text)
    _tx_thread_create                        0x00000f81   Thumb Code   296  tx_thread_create.o(.text)
    _tx_thread_system_preempt_check          0x000010a9   Thumb Code    74  tx_thread_system_preempt_check.o(.text)
    _tx_thread_system_suspend                0x000010f5   Thumb Code   512  tx_thread_system_suspend.o(.text)
    _tx_thread_time_slice                    0x000012f5   Thumb Code   112  tx_thread_time_slice.o(.text)
    _tx_timer_expiration_process             0x00001365   Thumb Code    36  tx_timer_expiration_process.o(.text)
    _tx_timer_initialize                     0x00001389   Thumb Code   252  tx_timer_initialize.o(.text)
    _tx_thread_stack_build                   0x00001499   Thumb Code     0  tx_thread_stack_build.o(.text)
    _tx_byte_pool_cleanup                    0x000014d9   Thumb Code   146  tx_byte_pool_cleanup.o(.text)
    _tx_byte_pool_search                     0x0000156d   Thumb Code   240  tx_byte_pool_search.o(.text)
    _tx_mutex_cleanup                        0x0000165d   Thumb Code   146  tx_mutex_cleanup.o(.text)
    _tx_mutex_thread_release                 0x000016f1   Thumb Code    70  tx_mutex_cleanup.o(.text)
    _tx_thread_shell_entry                   0x00001739   Thumb Code   126  tx_thread_shell_entry.o(.text)
    _tx_thread_system_resume                 0x000017b9   Thumb Code   334  tx_thread_system_resume.o(.text)
    _tx_thread_timeout                       0x00001909   Thumb Code    52  tx_thread_timeout.o(.text)
    _tx_timer_system_activate                0x0000193d   Thumb Code    90  tx_timer_system_activate.o(.text)
    _tx_timer_thread_entry                   0x00001999   Thumb Code   320  tx_timer_thread_entry.o(.text)
    _tx_mutex_put                            0x00001ad9   Thumb Code   622  tx_mutex_put.o(.text)
    _tx_timer_system_deactivate              0x00001d49   Thumb Code    46  tx_timer_system_deactivate.o(.text)
    _tx_mutex_prioritize                     0x00001d79   Thumb Code   182  tx_mutex_prioritize.o(.text)
    _tx_mutex_priority_change                0x00001e31   Thumb Code   220  tx_mutex_priority_change.o(.text)
    __aeabi_memset                           0x00001f0d   Thumb Code    16  aeabi_memset.o(.text)
    __aeabi_memclr4                          0x00001f1d   Thumb Code     0  rt_memclr_w.o(.text)
    __aeabi_memclr8                          0x00001f1d   Thumb Code     0  rt_memclr_w.o(.text)
    __rt_memclr_w                            0x00001f1d   Thumb Code     0  rt_memclr_w.o(.text)
    _memset_w                                0x00001f21   Thumb Code    74  rt_memclr_w.o(.text)
    __use_two_region_memory                  0x00001f6b   Thumb Code     2  heapauxi.o(.text)
    __rt_heap_escrow$2region                 0x00001f6d   Thumb Code     2  heapauxi.o(.text)
    __rt_heap_expand$2region                 0x00001f6f   Thumb Code     2  heapauxi.o(.text)
    __aeabi_memclr                           0x00001f71   Thumb Code     0  rt_memclr.o(.text)
    __rt_memclr                              0x00001f71   Thumb Code     0  rt_memclr.o(.text)
    _memset                                  0x00001f75   Thumb Code    64  rt_memclr.o(.text)
    __user_setup_stackheap                   0x00001fb5   Thumb Code    74  sys_stackheap_outer.o(.text)
    exit                                     0x00001fff   Thumb Code    18  exit.o(.text)
    __user_libspace                          0x00002011   Thumb Code     8  libspace.o(.text)
    __user_perproc_libspace                  0x00002011   Thumb Code     0  libspace.o(.text)
    __user_perthread_libspace                0x00002011   Thumb Code     0  libspace.o(.text)
    _sys_exit                                0x00002019   Thumb Code     8  sys_exit.o(.text)
    __I$use$semihosting                      0x00002025   Thumb Code     0  use_no_semi.o(.text)
    __use_no_semihosting_swi                 0x00002025   Thumb Code     2  use_no_semi.o(.text)
    __semihosting_library_function           0x00002027   Thumb Code     0  indicate_semi.o(.text)
    SystemInit                               0x00002029   Thumb Code    36  system_tm4c129.o(.text.SystemInit)
    main                                     0x0000204d   Thumb Code   110  main.o(.text.main)
    thread_0_entry                           0x000020bd   Thumb Code    80  main.o(.text.thread_0_entry)
    thread_1_entry                           0x0000210d   Thumb Code    80  main.o(.text.thread_1_entry)
    thread_2_entry                           0x0000215d   Thumb Code    82  main.o(.text.thread_2_entry)
    tx_application_define                    0x000021b1   Thumb Code   256  main.o(.text.tx_application_define)
    GPIODirModeSet                           0x000022e9   Thumb Code    40  gpio.o(i.GPIODirModeSet)
    GPIOPadConfigSet                         0x00002311   Thumb Code   354  gpio.o(i.GPIOPadConfigSet)
    GPIOPinTypeGPIOOutput                    0x00002481   Thumb Code    28  gpio.o(i.GPIOPinTypeGPIOOutput)
    GPIOPinWrite                             0x0000249d   Thumb Code     6  gpio.o(i.GPIOPinWrite)
    SysCtlClockFreqSet                       0x000024a5   Thumb Code   700  sysctl.o(i.SysCtlClockFreqSet)
    SysCtlPeripheralEnable                   0x00002789   Thumb Code    36  sysctl.o(i.SysCtlPeripheralEnable)
    SysCtlPeripheralReady                    0x000027b1   Thumb Code    40  sysctl.o(i.SysCtlPeripheralReady)
    _fp_init                                 0x000027dd   Thumb Code    26  fpinit.o(x$fpl$fpinit)
    __fplib_config_fpu_vfp                   0x000027f5   Thumb Code     0  fpinit.o(x$fpl$fpinit)
    __fplib_config_pureend_doubles           0x000027f5   Thumb Code     0  fpinit.o(x$fpl$fpinit)
    Region$$Table$$Base                      0x00002a4c   Number         0  anon$$obj.o(Region$$Table)
    Image$$RO$$Limit                         0x00002a6c   Number         0  anon$$obj.o ABSOLUTE
    Region$$Table$$Limit                     0x00002a6c   Number         0  anon$$obj.o(Region$$Table)
    Image$$RW$$Base                          0x20000000   Number         0  anon$$obj.o ABSOLUTE
    SystemCoreClock                          0x20000000   Data           4  system_tm4c129.o(.data.SystemCoreClock)
    _tx_thread_system_state                  0x20000004   Data           4  tx_thread_initialize.o(.data._tx_thread_system_state)
    Image$$ZI$$Base                          0x20000008   Number         0  anon$$obj.o ABSOLUTE
    __libspace_start                         0x20000008   Data          96  libspace.o(.bss)
    __temporary_stack_top$libspace           0x20000068   Data           0  libspace.o(.bss)
    _tx_block_pool_created_count             0x20000068   Data           4  tx_initialize_high_level.o(.bss._tx_block_pool_created_count)
    _tx_block_pool_created_ptr               0x2000006c   Data           4  tx_initialize_high_level.o(.bss._tx_block_pool_created_ptr)
    _tx_build_options                        0x20000070   Data           4  tx_thread_initialize.o(.bss._tx_build_options)
    _tx_byte_pool_created_count              0x20000074   Data           4  tx_initialize_high_level.o(.bss._tx_byte_pool_created_count)
    _tx_byte_pool_created_ptr                0x20000078   Data           4  tx_initialize_high_level.o(.bss._tx_byte_pool_created_ptr)
    _tx_event_flags_created_count            0x2000007c   Data           4  tx_initialize_high_level.o(.bss._tx_event_flags_created_count)
    _tx_event_flags_created_ptr              0x20000080   Data           4  tx_initialize_high_level.o(.bss._tx_event_flags_created_ptr)
    _tx_initialize_unused_memory             0x20000084   Data           4  tx_initialize_high_level.o(.bss._tx_initialize_unused_memory)
    _tx_mutex_created_count                  0x20000088   Data           4  tx_initialize_high_level.o(.bss._tx_mutex_created_count)
    _tx_mutex_created_ptr                    0x2000008c   Data           4  tx_initialize_high_level.o(.bss._tx_mutex_created_ptr)
    _tx_queue_created_count                  0x20000090   Data           4  tx_initialize_high_level.o(.bss._tx_queue_created_count)
    _tx_queue_created_ptr                    0x20000094   Data           4  tx_initialize_high_level.o(.bss._tx_queue_created_ptr)
    _tx_semaphore_created_count              0x20000098   Data           4  tx_initialize_high_level.o(.bss._tx_semaphore_created_count)
    _tx_semaphore_created_ptr                0x2000009c   Data           4  tx_initialize_high_level.o(.bss._tx_semaphore_created_ptr)
    _tx_thread_created_count                 0x200000a0   Data           4  tx_thread_initialize.o(.bss._tx_thread_created_count)
    _tx_thread_created_ptr                   0x200000a4   Data           4  tx_thread_initialize.o(.bss._tx_thread_created_ptr)
    _tx_thread_current_ptr                   0x200000a8   Data           4  tx_thread_initialize.o(.bss._tx_thread_current_ptr)
    _tx_thread_execute_ptr                   0x200000ac   Data           4  tx_thread_initialize.o(.bss._tx_thread_execute_ptr)
    _tx_thread_highest_priority              0x200000b0   Data           4  tx_thread_initialize.o(.bss._tx_thread_highest_priority)
    _tx_thread_mutex_release                 0x200000b4   Data           4  tx_thread_initialize.o(.bss._tx_thread_mutex_release)
    _tx_thread_preempt_disable               0x200000b8   Data           4  tx_thread_initialize.o(.bss._tx_thread_preempt_disable)
    _tx_thread_preempted_maps                0x200000bc   Data           4  tx_thread_initialize.o(.bss._tx_thread_preempted_maps)
    _tx_thread_priority_list                 0x200000c0   Data         128  tx_thread_initialize.o(.bss._tx_thread_priority_list)
    _tx_thread_priority_maps                 0x20000140   Data           4  tx_thread_initialize.o(.bss._tx_thread_priority_maps)
    _tx_thread_system_stack_ptr              0x20000144   Data           4  tx_thread_initialize.o(.bss._tx_thread_system_stack_ptr)
    _tx_timer_created_count                  0x20000148   Data           4  tx_timer_initialize.o(.bss._tx_timer_created_count)
    _tx_timer_created_ptr                    0x2000014c   Data           4  tx_timer_initialize.o(.bss._tx_timer_created_ptr)
    _tx_timer_current_ptr                    0x20000150   Data           4  tx_timer_initialize.o(.bss._tx_timer_current_ptr)
    _tx_timer_expired                        0x20000154   Data           4  tx_timer_initialize.o(.bss._tx_timer_expired)
    _tx_timer_expired_time_slice             0x20000158   Data           4  tx_timer_initialize.o(.bss._tx_timer_expired_time_slice)
    _tx_timer_expired_timer_ptr              0x2000015c   Data           4  tx_timer_initialize.o(.bss._tx_timer_expired_timer_ptr)
    _tx_timer_list                           0x20000160   Data         128  tx_timer_initialize.o(.bss._tx_timer_list)
    _tx_timer_list_end                       0x200001e0   Data           4  tx_timer_initialize.o(.bss._tx_timer_list_end)
    _tx_timer_list_start                     0x200001e4   Data           4  tx_timer_initialize.o(.bss._tx_timer_list_start)
    _tx_timer_priority                       0x200001e8   Data           4  tx_timer_initialize.o(.bss._tx_timer_priority)
    _tx_timer_stack_size                     0x200001ec   Data           4  tx_timer_initialize.o(.bss._tx_timer_stack_size)
    _tx_timer_stack_start                    0x200001f0   Data           4  tx_timer_initialize.o(.bss._tx_timer_stack_start)
    _tx_timer_system_clock                   0x200001f4   Data           4  tx_timer_initialize.o(.bss._tx_timer_system_clock)
    _tx_timer_thread                         0x200001f8   Data         180  tx_timer_initialize.o(.bss._tx_timer_thread)
    _tx_timer_thread_stack_area              0x200002ac   Data        1024  tx_timer_initialize.o(.bss._tx_timer_thread_stack_area)
    _tx_timer_time_slice                     0x200006ac   Data           4  tx_timer_initialize.o(.bss._tx_timer_time_slice)
    byte_pool_0                              0x200006b0   Data          52  main.o(.bss.byte_pool_0)
    memory_area                              0x200006e4   Data        9120  main.o(.bss.memory_area)
    mutex_0                                  0x20002a84   Data          52  main.o(.bss.mutex_0)
    thread_0                                 0x20002ab8   Data         180  main.o(.bss.thread_0)
    thread_1                                 0x20002b6c   Data         180  main.o(.bss.thread_1)
    thread_2                                 0x20002c20   Data         180  main.o(.bss.thread_2)
    HeapMem                                  0x20002cd8   Data           0  startup_tm4c129.o(HEAP)
    StackMem                                 0x20002cd8   Data           0  startup_tm4c129.o(STACK)
    Image$$ZI$$Limit                         0x20002ed8   Number         0  anon$$obj.o ABSOLUTE



==============================================================================

Memory Map of the image

  Image Entry point : 0x00000345

  Load Region LR_1 (Base: 0x00000000, Size: 0x00002a74, Max: 0xffffffff, ABSOLUTE)

    Execution Region ER_RO (Exec base: 0x00000000, Load base: 0x00000000, Size: 0x00002a6c, Max: 0xffffffff, ABSOLUTE)

    Exec Addr    Load Addr    Size         Type   Attr      Idx    E Section Name        Object

    0x00000000   0x00000000   0x00000200   Data   RO           60    RESET               startup_tm4c129.o
    0x00000200   0x00000200   0x00000008   Code   RO         1502  * !!!main             c_w.l(__main.o)
    0x00000208   0x00000208   0x0000005c   Code   RO         1669    !!!scatter          c_w.l(__scatter.o)
    0x00000264   0x00000264   0x0000001a   Code   RO         1673    !!handler_copy      c_w.l(__scatter_copy.o)
    0x0000027e   0x0000027e   0x00000002   PAD
    0x00000280   0x00000280   0x00000002   Code   RO         1670    !!handler_null      c_w.l(__scatter.o)
    0x00000282   0x00000282   0x00000002   PAD
    0x00000284   0x00000284   0x0000001c   Code   RO         1675    !!handler_zi        c_w.l(__scatter_zi.o)
    0x000002a0   0x000002a0   0x00000002   Code   RO         1531    .ARM.Collect$$libinit$$00000000  c_w.l(libinit.o)
    0x000002a2   0x000002a2   0x00000004   Code   RO         1537    .ARM.Collect$$libinit$$00000001  c_w.l(libinit2.o)
    0x000002a6   0x000002a6   0x00000000   Code   RO         1540    .ARM.Collect$$libinit$$00000004  c_w.l(libinit2.o)
    0x000002a6   0x000002a6   0x00000000   Code   RO         1542    .ARM.Collect$$libinit$$00000006  c_w.l(libinit2.o)
    0x000002a6   0x000002a6   0x00000000   Code   RO         1545    .ARM.Collect$$libinit$$0000000C  c_w.l(libinit2.o)
    0x000002a6   0x000002a6   0x00000000   Code   RO         1547    .ARM.Collect$$libinit$$0000000E  c_w.l(libinit2.o)
    0x000002a6   0x000002a6   0x00000000   Code   RO         1549    .ARM.Collect$$libinit$$00000010  c_w.l(libinit2.o)
    0x000002a6   0x000002a6   0x00000000   Code   RO         1552    .ARM.Collect$$libinit$$00000013  c_w.l(libinit2.o)
    0x000002a6   0x000002a6   0x00000000   Code   RO         1554    .ARM.Collect$$libinit$$00000015  c_w.l(libinit2.o)
    0x000002a6   0x000002a6   0x00000000   Code   RO         1556    .ARM.Collect$$libinit$$00000017  c_w.l(libinit2.o)
    0x000002a6   0x000002a6   0x00000000   Code   RO         1558    .ARM.Collect$$libinit$$00000019  c_w.l(libinit2.o)
    0x000002a6   0x000002a6   0x00000000   Code   RO         1560    .ARM.Collect$$libinit$$0000001B  c_w.l(libinit2.o)
    0x000002a6   0x000002a6   0x00000000   Code   RO         1562    .ARM.Collect$$libinit$$0000001D  c_w.l(libinit2.o)
    0x000002a6   0x000002a6   0x00000000   Code   RO         1564    .ARM.Collect$$libinit$$0000001F  c_w.l(libinit2.o)
    0x000002a6   0x000002a6   0x00000000   Code   RO         1566    .ARM.Collect$$libinit$$00000021  c_w.l(libinit2.o)
    0x000002a6   0x000002a6   0x00000000   Code   RO         1568    .ARM.Collect$$libinit$$00000023  c_w.l(libinit2.o)
    0x000002a6   0x000002a6   0x00000000   Code   RO         1570    .ARM.Collect$$libinit$$00000025  c_w.l(libinit2.o)
    0x000002a6   0x000002a6   0x00000000   Code   RO         1572    .ARM.Collect$$libinit$$00000027  c_w.l(libinit2.o)
    0x000002a6   0x000002a6   0x00000000   Code   RO         1576    .ARM.Collect$$libinit$$0000002E  c_w.l(libinit2.o)
    0x000002a6   0x000002a6   0x00000000   Code   RO         1578    .ARM.Collect$$libinit$$00000030  c_w.l(libinit2.o)
    0x000002a6   0x000002a6   0x00000000   Code   RO         1580    .ARM.Collect$$libinit$$00000032  c_w.l(libinit2.o)
    0x000002a6   0x000002a6   0x00000000   Code   RO         1582    .ARM.Collect$$libinit$$00000034  c_w.l(libinit2.o)
    0x000002a6   0x000002a6   0x00000002   Code   RO         1583    .ARM.Collect$$libinit$$00000035  c_w.l(libinit2.o)
    0x000002a8   0x000002a8   0x00000002   Code   RO         1605    .ARM.Collect$$libshutdown$$00000000  c_w.l(libshutdown.o)
    0x000002aa   0x000002aa   0x00000000   Code   RO         1620    .ARM.Collect$$libshutdown$$00000002  c_w.l(libshutdown2.o)
    0x000002aa   0x000002aa   0x00000000   Code   RO         1622    .ARM.Collect$$libshutdown$$00000004  c_w.l(libshutdown2.o)
    0x000002aa   0x000002aa   0x00000000   Code   RO         1625    .ARM.Collect$$libshutdown$$00000007  c_w.l(libshutdown2.o)
    0x000002aa   0x000002aa   0x00000000   Code   RO         1628    .ARM.Collect$$libshutdown$$0000000A  c_w.l(libshutdown2.o)
    0x000002aa   0x000002aa   0x00000000   Code   RO         1630    .ARM.Collect$$libshutdown$$0000000C  c_w.l(libshutdown2.o)
    0x000002aa   0x000002aa   0x00000000   Code   RO         1633    .ARM.Collect$$libshutdown$$0000000F  c_w.l(libshutdown2.o)
    0x000002aa   0x000002aa   0x00000002   Code   RO         1634    .ARM.Collect$$libshutdown$$00000010  c_w.l(libshutdown2.o)
    0x000002ac   0x000002ac   0x00000000   Code   RO         1504    .ARM.Collect$$rtentry$$00000000  c_w.l(__rtentry.o)
    0x000002ac   0x000002ac   0x00000000   Code   RO         1508    .ARM.Collect$$rtentry$$00000002  c_w.l(__rtentry2.o)
    0x000002ac   0x000002ac   0x00000006   Code   RO         1520    .ARM.Collect$$rtentry$$00000004  c_w.l(__rtentry4.o)
    0x000002b2   0x000002b2   0x00000000   Code   RO         1510    .ARM.Collect$$rtentry$$00000009  c_w.l(__rtentry2.o)
    0x000002b2   0x000002b2   0x00000004   Code   RO         1511    .ARM.Collect$$rtentry$$0000000A  c_w.l(__rtentry2.o)
    0x000002b6   0x000002b6   0x00000000   Code   RO         1513    .ARM.Collect$$rtentry$$0000000C  c_w.l(__rtentry2.o)
    0x000002b6   0x000002b6   0x00000008   Code   RO         1514    .ARM.Collect$$rtentry$$0000000D  c_w.l(__rtentry2.o)
    0x000002be   0x000002be   0x00000002   Code   RO         1535    .ARM.Collect$$rtexit$$00000000  c_w.l(rtexit.o)
    0x000002c0   0x000002c0   0x00000000   Code   RO         1585    .ARM.Collect$$rtexit$$00000002  c_w.l(rtexit2.o)
    0x000002c0   0x000002c0   0x00000004   Code   RO         1586    .ARM.Collect$$rtexit$$00000003  c_w.l(rtexit2.o)
    0x000002c4   0x000002c4   0x00000006   Code   RO         1587    .ARM.Collect$$rtexit$$00000004  c_w.l(rtexit2.o)
    0x000002ca   0x000002ca   0x00000002   PAD
    0x000002cc   0x000002cc   0x00000078   Code   RO           53    .text               tx_initialize_low_level.o
    0x00000344   0x00000344   0x0000012c   Code   RO           61  * .text               startup_tm4c129.o
    0x00000470   0x00000470   0x00000008   Code   RO         1064    .text               ThreadX_Library.lib(tx_thread_context_restore.o)
    0x00000478   0x00000478   0x00000004   Code   RO         1067    .text               ThreadX_Library.lib(tx_thread_context_save.o)
    0x0000047c   0x0000047c   0x000000e0   Code   RO         1070    .text               ThreadX_Library.lib(tx_thread_schedule.o)
    0x0000055c   0x0000055c   0x000000e8   Code   RO         1073    .text               ThreadX_Library.lib(tx_timer_interrupt.o)
    0x00000644   0x00000644   0x00000086   Code   RO         1076    .text               ThreadX_Library.lib(tx_initialize_high_level.o)
    0x000006ca   0x000006ca   0x00000002   PAD
    0x000006cc   0x000006cc   0x0000004e   Code   RO         1096    .text               ThreadX_Library.lib(tx_initialize_kernel_enter.o)
    0x0000071a   0x0000071a   0x00000002   PAD
    0x0000071c   0x0000071c   0x00000080   Code   RO         1103    .text               ThreadX_Library.lib(tx_thread_initialize.o)
    0x0000079c   0x0000079c   0x0000008e   Code   RO         1125    .text               ThreadX_Library.lib(tx_thread_sleep.o)
    0x0000082a   0x0000082a   0x00000002   PAD
    0x0000082c   0x0000082c   0x0000001e   Code   RO         1133    .text               ThreadX_Library.lib(txe_block_release.o)
    0x0000084a   0x0000084a   0x00000002   PAD
    0x0000084c   0x0000084c   0x000000b6   Code   RO         1141    .text               ThreadX_Library.lib(txe_byte_allocate.o)
    0x00000902   0x00000902   0x00000002   PAD
    0x00000904   0x00000904   0x0000016e   Code   RO         1149    .text               ThreadX_Library.lib(txe_byte_pool_create.o)
    0x00000a72   0x00000a72   0x00000002   PAD
    0x00000a74   0x00000a74   0x00000144   Code   RO         1157    .text               ThreadX_Library.lib(txe_mutex_create.o)
    0x00000bb8   0x00000bb8   0x00000198   Code   RO         1165    .text               ThreadX_Library.lib(txe_thread_create.o)
    0x00000d50   0x00000d50   0x00000068   Code   RO         1293    .text               ThreadX_Library.lib(tx_block_release.o)
    0x00000db8   0x00000db8   0x000000d0   Code   RO         1301    .text               ThreadX_Library.lib(tx_byte_allocate.o)
    0x00000e88   0x00000e88   0x0000008a   Code   RO         1309    .text               ThreadX_Library.lib(tx_byte_pool_create.o)
    0x00000f12   0x00000f12   0x00000002   PAD
    0x00000f14   0x00000f14   0x0000006a   Code   RO         1317    .text               ThreadX_Library.lib(tx_mutex_create.o)
    0x00000f7e   0x00000f7e   0x00000002   PAD
    0x00000f80   0x00000f80   0x00000128   Code   RO         1325    .text               ThreadX_Library.lib(tx_thread_create.o)
    0x000010a8   0x000010a8   0x0000004a   Code   RO         1333    .text               ThreadX_Library.lib(tx_thread_system_preempt_check.o)
    0x000010f2   0x000010f2   0x00000002   PAD
    0x000010f4   0x000010f4   0x00000200   Code   RO         1342    .text               ThreadX_Library.lib(tx_thread_system_suspend.o)
    0x000012f4   0x000012f4   0x00000070   Code   RO         1350    .text               ThreadX_Library.lib(tx_thread_time_slice.o)
    0x00001364   0x00001364   0x00000024   Code   RO         1359    .text               ThreadX_Library.lib(tx_timer_expiration_process.o)
    0x00001388   0x00001388   0x00000110   Code   RO         1367    .text               ThreadX_Library.lib(tx_timer_initialize.o)
    0x00001498   0x00001498   0x00000040   Code   RO         1391    .text               ThreadX_Library.lib(tx_thread_stack_build.o)
    0x000014d8   0x000014d8   0x00000092   Code   RO         1394    .text               ThreadX_Library.lib(tx_byte_pool_cleanup.o)
    0x0000156a   0x0000156a   0x00000002   PAD
    0x0000156c   0x0000156c   0x000000f0   Code   RO         1403    .text               ThreadX_Library.lib(tx_byte_pool_search.o)
    0x0000165c   0x0000165c   0x000000da   Code   RO         1411    .text               ThreadX_Library.lib(tx_mutex_cleanup.o)
    0x00001736   0x00001736   0x00000002   PAD
    0x00001738   0x00001738   0x0000007e   Code   RO         1420    .text               ThreadX_Library.lib(tx_thread_shell_entry.o)
    0x000017b6   0x000017b6   0x00000002   PAD
    0x000017b8   0x000017b8   0x0000014e   Code   RO         1428    .text               ThreadX_Library.lib(tx_thread_system_resume.o)
    0x00001906   0x00001906   0x00000002   PAD
    0x00001908   0x00001908   0x00000034   Code   RO         1436    .text               ThreadX_Library.lib(tx_thread_timeout.o)
    0x0000193c   0x0000193c   0x0000005a   Code   RO         1444    .text               ThreadX_Library.lib(tx_timer_system_activate.o)
    0x00001996   0x00001996   0x00000002   PAD
    0x00001998   0x00001998   0x00000140   Code   RO         1452    .text               ThreadX_Library.lib(tx_timer_thread_entry.o)
    0x00001ad8   0x00001ad8   0x0000026e   Code   RO         1461    .text               ThreadX_Library.lib(tx_mutex_put.o)
    0x00001d46   0x00001d46   0x00000002   PAD
    0x00001d48   0x00001d48   0x0000002e   Code   RO         1469    .text               ThreadX_Library.lib(tx_timer_system_deactivate.o)
    0x00001d76   0x00001d76   0x00000002   PAD
    0x00001d78   0x00001d78   0x000000b6   Code   RO         1477    .text               ThreadX_Library.lib(tx_mutex_prioritize.o)
    0x00001e2e   0x00001e2e   0x00000002   PAD
    0x00001e30   0x00001e30   0x000000dc   Code   RO         1485    .text               ThreadX_Library.lib(tx_mutex_priority_change.o)
    0x00001f0c   0x00001f0c   0x00000010   Code   RO         1496    .text               c_w.l(aeabi_memset.o)
    0x00001f1c   0x00001f1c   0x0000004e   Code   RO         1498    .text               c_w.l(rt_memclr_w.o)
    0x00001f6a   0x00001f6a   0x00000006   Code   RO         1500    .text               c_w.l(heapauxi.o)
    0x00001f70   0x00001f70   0x00000044   Code   RO         1505    .text               c_w.l(rt_memclr.o)
    0x00001fb4   0x00001fb4   0x0000004a   Code   RO         1522    .text               c_w.l(sys_stackheap_outer.o)
    0x00001ffe   0x00001ffe   0x00000012   Code   RO         1524    .text               c_w.l(exit.o)
    0x00002010   0x00002010   0x00000008   Code   RO         1532    .text               c_w.l(libspace.o)
    0x00002018   0x00002018   0x0000000c   Code   RO         1595    .text               c_w.l(sys_exit.o)
    0x00002024   0x00002024   0x00000002   Code   RO         1610    .text               c_w.l(use_no_semi.o)
    0x00002026   0x00002026   0x00000000   Code   RO         1612    .text               c_w.l(indicate_semi.o)
    0x00002026   0x00002026   0x00000002   PAD
    0x00002028   0x00002028   0x00000024   Code   RO           68    .text.SystemInit    system_tm4c129.o
    0x0000204c   0x0000204c   0x0000006e   Code   RO            4    .text.main          main.o
    0x000020ba   0x000020ba   0x00000002   PAD
    0x000020bc   0x000020bc   0x00000050   Code   RO            8    .text.thread_0_entry  main.o
    0x0000210c   0x0000210c   0x00000050   Code   RO           10    .text.thread_1_entry  main.o
    0x0000215c   0x0000215c   0x00000052   Code   RO           12    .text.thread_2_entry  main.o
    0x000021ae   0x000021ae   0x00000002   PAD
    0x000021b0   0x000021b0   0x00000138   Code   RO            6    .text.tx_application_define  main.o
    0x000022e8   0x000022e8   0x00000028   Code   RO           82    i.GPIODirModeSet    driverlib.lib(gpio.o)
    0x00002310   0x00002310   0x00000170   Code   RO           94    i.GPIOPadConfigSet  driverlib.lib(gpio.o)
    0x00002480   0x00002480   0x0000001c   Code   RO          106    i.GPIOPinTypeGPIOOutput  driverlib.lib(gpio.o)
    0x0000249c   0x0000249c   0x00000006   Code   RO          124    i.GPIOPinWrite      driverlib.lib(gpio.o)
    0x000024a2   0x000024a2   0x00000002   PAD
    0x000024a4   0x000024a4   0x000002e4   Code   RO          417    i.SysCtlClockFreqSet  driverlib.lib(sysctl.o)
    0x00002788   0x00002788   0x00000028   Code   RO          449    i.SysCtlPeripheralEnable  driverlib.lib(sysctl.o)
    0x000027b0   0x000027b0   0x0000002c   Code   RO          453    i.SysCtlPeripheralReady  driverlib.lib(sysctl.o)
    0x000027dc   0x000027dc   0x0000001a   Code   RO         1593    x$fpl$fpinit        fz_wm.l(fpinit.o)
    0x000027f6   0x000027f6   0x00000002   PAD
    0x000027f8   0x000027f8   0x00000254   Data   RO          471    .constdata          driverlib.lib(sysctl.o)
    0x00002a4c   0x00002a4c   0x00000020   Data   RO         1668    Region$$Table       anon$$obj.o


    Execution Region ER_RW (Exec base: 0x20000000, Load base: 0x00002a6c, Size: 0x00000008, Max: 0xffffffff, ABSOLUTE)

    Exec Addr    Load Addr    Size         Type   Attr      Idx    E Section Name        Object

    0x20000000   0x00002a6c   0x00000004   Data   RW           70    .data.SystemCoreClock  system_tm4c129.o
    0x20000004   0x00002a70   0x00000004   Data   RW         1106    .data._tx_thread_system_state  ThreadX_Library.lib(tx_thread_initialize.o)


    Execution Region ER_ZI (Exec base: 0x20000008, Load base: 0x00002a74, Size: 0x00002ed0, Max: 0xffffffff, ABSOLUTE)

    Exec Addr    Load Addr    Size         Type   Attr      Idx    E Section Name        Object

    0x20000008        -       0x00000060   Zero   RW         1533    .bss                c_w.l(libspace.o)
    0x20000068        -       0x00000004   Zero   RW         1085    .bss._tx_block_pool_created_count  ThreadX_Library.lib(tx_initialize_high_level.o)
    0x2000006c        -       0x00000004   Zero   RW         1084    .bss._tx_block_pool_created_ptr  ThreadX_Library.lib(tx_initialize_high_level.o)
    0x20000070        -       0x00000004   Zero   RW         1118    .bss._tx_build_options  ThreadX_Library.lib(tx_thread_initialize.o)
    0x20000074        -       0x00000004   Zero   RW         1087    .bss._tx_byte_pool_created_count  ThreadX_Library.lib(tx_initialize_high_level.o)
    0x20000078        -       0x00000004   Zero   RW         1086    .bss._tx_byte_pool_created_ptr  ThreadX_Library.lib(tx_initialize_high_level.o)
    0x2000007c        -       0x00000004   Zero   RW         1083    .bss._tx_event_flags_created_count  ThreadX_Library.lib(tx_initialize_high_level.o)
    0x20000080        -       0x00000004   Zero   RW         1082    .bss._tx_event_flags_created_ptr  ThreadX_Library.lib(tx_initialize_high_level.o)
    0x20000084        -       0x00000004   Zero   RW         1090    .bss._tx_initialize_unused_memory  ThreadX_Library.lib(tx_initialize_high_level.o)
    0x20000088        -       0x00000004   Zero   RW         1089    .bss._tx_mutex_created_count  ThreadX_Library.lib(tx_initialize_high_level.o)
    0x2000008c        -       0x00000004   Zero   RW         1088    .bss._tx_mutex_created_ptr  ThreadX_Library.lib(tx_initialize_high_level.o)
    0x20000090        -       0x00000004   Zero   RW         1081    .bss._tx_queue_created_count  ThreadX_Library.lib(tx_initialize_high_level.o)
    0x20000094        -       0x00000004   Zero   RW         1080    .bss._tx_queue_created_ptr  ThreadX_Library.lib(tx_initialize_high_level.o)
    0x20000098        -       0x00000004   Zero   RW         1079    .bss._tx_semaphore_created_count  ThreadX_Library.lib(tx_initialize_high_level.o)
    0x2000009c        -       0x00000004   Zero   RW         1078    .bss._tx_semaphore_created_ptr  ThreadX_Library.lib(tx_initialize_high_level.o)
    0x200000a0        -       0x00000004   Zero   RW         1115    .bss._tx_thread_created_count  ThreadX_Library.lib(tx_thread_initialize.o)
    0x200000a4        -       0x00000004   Zero   RW         1114    .bss._tx_thread_created_ptr  ThreadX_Library.lib(tx_thread_initialize.o)
    0x200000a8        -       0x00000004   Zero   RW         1108    .bss._tx_thread_current_ptr  ThreadX_Library.lib(tx_thread_initialize.o)
    0x200000ac        -       0x00000004   Zero   RW         1109    .bss._tx_thread_execute_ptr  ThreadX_Library.lib(tx_thread_initialize.o)
    0x200000b0        -       0x00000004   Zero   RW         1112    .bss._tx_thread_highest_priority  ThreadX_Library.lib(tx_thread_initialize.o)
    0x200000b4        -       0x00000004   Zero   RW         1117    .bss._tx_thread_mutex_release  ThreadX_Library.lib(tx_thread_initialize.o)
    0x200000b8        -       0x00000004   Zero   RW         1116    .bss._tx_thread_preempt_disable  ThreadX_Library.lib(tx_thread_initialize.o)
    0x200000bc        -       0x00000004   Zero   RW         1111    .bss._tx_thread_preempted_maps  ThreadX_Library.lib(tx_thread_initialize.o)
    0x200000c0        -       0x00000080   Zero   RW         1113    .bss._tx_thread_priority_list  ThreadX_Library.lib(tx_thread_initialize.o)
    0x20000140        -       0x00000004   Zero   RW         1110    .bss._tx_thread_priority_maps  ThreadX_Library.lib(tx_thread_initialize.o)
    0x20000144        -       0x00000004   Zero   RW         1119    .bss._tx_thread_system_stack_ptr  ThreadX_Library.lib(tx_thread_initialize.o)
    0x20000148        -       0x00000004   Zero   RW         1384    .bss._tx_timer_created_count  ThreadX_Library.lib(tx_timer_initialize.o)
    0x2000014c        -       0x00000004   Zero   RW         1383    .bss._tx_timer_created_ptr  ThreadX_Library.lib(tx_timer_initialize.o)
    0x20000150        -       0x00000004   Zero   RW         1376    .bss._tx_timer_current_ptr  ThreadX_Library.lib(tx_timer_initialize.o)
    0x20000154        -       0x00000004   Zero   RW         1372    .bss._tx_timer_expired  ThreadX_Library.lib(tx_timer_initialize.o)
    0x20000158        -       0x00000004   Zero   RW         1371    .bss._tx_timer_expired_time_slice  ThreadX_Library.lib(tx_timer_initialize.o)
    0x2000015c        -       0x00000004   Zero   RW         1373    .bss._tx_timer_expired_timer_ptr  ThreadX_Library.lib(tx_timer_initialize.o)
    0x20000160        -       0x00000080   Zero   RW         1374    .bss._tx_timer_list  ThreadX_Library.lib(tx_timer_initialize.o)
    0x200001e0        -       0x00000004   Zero   RW         1377    .bss._tx_timer_list_end  ThreadX_Library.lib(tx_timer_initialize.o)
    0x200001e4        -       0x00000004   Zero   RW         1375    .bss._tx_timer_list_start  ThreadX_Library.lib(tx_timer_initialize.o)
    0x200001e8        -       0x00000004   Zero   RW         1381    .bss._tx_timer_priority  ThreadX_Library.lib(tx_timer_initialize.o)
    0x200001ec        -       0x00000004   Zero   RW         1380    .bss._tx_timer_stack_size  ThreadX_Library.lib(tx_timer_initialize.o)
    0x200001f0        -       0x00000004   Zero   RW         1379    .bss._tx_timer_stack_start  ThreadX_Library.lib(tx_timer_initialize.o)
    0x200001f4        -       0x00000004   Zero   RW         1369    .bss._tx_timer_system_clock  ThreadX_Library.lib(tx_timer_initialize.o)
    0x200001f8        -       0x000000b4   Zero   RW         1382    .bss._tx_timer_thread  ThreadX_Library.lib(tx_timer_initialize.o)
    0x200002ac        -       0x00000400   Zero   RW         1378    .bss._tx_timer_thread_stack_area  ThreadX_Library.lib(tx_timer_initialize.o)
    0x200006ac        -       0x00000004   Zero   RW         1370    .bss._tx_timer_time_slice  ThreadX_Library.lib(tx_timer_initialize.o)
    0x200006b0        -       0x00000034   Zero   RW           14    .bss.byte_pool_0    main.o
    0x200006e4        -       0x000023a0   Zero   RW           15    .bss.memory_area    main.o
    0x20002a84        -       0x00000034   Zero   RW           19    .bss.mutex_0        main.o
    0x20002ab8        -       0x000000b4   Zero   RW           16    .bss.thread_0       main.o
    0x20002b6c        -       0x000000b4   Zero   RW           17    .bss.thread_1       main.o
    0x20002c20        -       0x000000b4   Zero   RW           18    .bss.thread_2       main.o
    0x20002cd4   0x00002a74   0x00000004   PAD
    0x20002cd8        -       0x00000000   Zero   RW           59    HEAP                startup_tm4c129.o
    0x20002cd8        -       0x00000200   Zero   RW           58    STACK               startup_tm4c129.o


==============================================================================

Image component sizes


      Code (inc. data)   RO Data    RW Data    ZI Data      Debug   Object Name

       664         56          0          0       9764       7085   main.o
       300         22        512          0        512       6076   startup_tm4c129.o
        36          0          0          4          0       1534   system_tm4c129.o
       120         30          0          0          0        420   tx_initialize_low_level.o

    ----------------------------------------------------------------------
      1124        108        544          4      10280      15115   Object Totals
         0          0         32          0          0          0   (incl. Generated)
         4          0          0          0          4          0   (incl. Padding)

    ----------------------------------------------------------------------

      Code (inc. data)   RO Data    RW Data    ZI Data      Debug   Library Member Name

       104          0          0          0          0       4733   tx_block_release.o
       208          0          0          0          0       5240   tx_byte_allocate.o
       146          0          0          0          0       4747   tx_byte_pool_cleanup.o
       138          0          0          0          0       4978   tx_byte_pool_create.o
       240          0          0          0          0       6008   tx_byte_pool_search.o
       134          0          0          0         52       6422   tx_initialize_high_level.o
        78          0          0          0          0        715   tx_initialize_kernel_enter.o
       218          0          0          0          0       4722   tx_mutex_cleanup.o
       106          0          0          0          0       4012   tx_mutex_create.o
       182          0          0          0          0       4564   tx_mutex_prioritize.o
       220          0          0          0          0       4561   tx_mutex_priority_change.o
       622          0          0          0          0       5929   tx_mutex_put.o
         8          2          0          0          0        264   tx_thread_context_restore.o
         4          2          0          0          0        260   tx_thread_context_save.o
       296          0          0          0          0       4848   tx_thread_create.o
       128          0          0          4        172       3977   tx_thread_initialize.o
       224          6          0          0          0        336   tx_thread_schedule.o
       126          0          0          0          0       4227   tx_thread_shell_entry.o
       142          0          0          0          0       4268   tx_thread_sleep.o
        64          0          0          0          0        280   tx_thread_stack_build.o
        74          0          0          0          0       3948   tx_thread_system_preempt_check.o
       334          0          0          0          0       4874   tx_thread_system_resume.o
       512          0          0          0          0       5468   tx_thread_system_suspend.o
       112          0          0          0          0       3788   tx_thread_time_slice.o
        52          0          0          0          0       3921   tx_thread_timeout.o
        36          0          0          0          0       3684   tx_timer_expiration_process.o
       272         20          0          0       1384       4294   tx_timer_initialize.o
       232          0          0          0          0        336   tx_timer_interrupt.o
        90          0          0          0          0       1449   tx_timer_system_activate.o
        46          0          0          0          0       1288   tx_timer_system_deactivate.o
       320          0          0          0          0       4915   tx_timer_thread_entry.o
        30          0          0          0          0       4044   txe_block_release.o
       182          0          0          0          0       4577   txe_byte_allocate.o
       366          0          0          0          0       5409   txe_byte_pool_create.o
       324          0          0          0          0       4745   txe_mutex_create.o
       408          0          0          0          0       5428   txe_thread_create.o
         8          0          0          0          0         68   __main.o
         0          0          0          0          0          0   __rtentry.o
        12          0          0          0          0          0   __rtentry2.o
         6          0          0          0          0          0   __rtentry4.o
        94          8          0          0          0          0   __scatter.o
        26          0          0          0          0          0   __scatter_copy.o
        28          0          0          0          0          0   __scatter_zi.o
        16          0          0          0          0         68   aeabi_memset.o
        18          0          0          0          0         80   exit.o
         6          0          0          0          0        152   heapauxi.o
         0          0          0          0          0          0   indicate_semi.o
         2          0          0          0          0          0   libinit.o
         6          0          0          0          0          0   libinit2.o
         2          0          0          0          0          0   libshutdown.o
         2          0          0          0          0          0   libshutdown2.o
         8          4          0          0         96         68   libspace.o
        68          0          0          0          0         68   rt_memclr.o
        78          0          0          0          0         80   rt_memclr_w.o
         2          0          0          0          0          0   rtexit.o
        10          0          0          0          0          0   rtexit2.o
        12          4          0          0          0         68   sys_exit.o
        74          0          0          0          0         80   sys_stackheap_outer.o
         2          0          0          0          0         68   use_no_semi.o
       442         14          0          0          0       7763   gpio.o
       824         48        596          0          0       4490   sysctl.o
        26          0          0          0          0        116   fpinit.o

    ----------------------------------------------------------------------
      8596        108        596          4       1704     150428   Library Totals
        46          0          0          0          0          0   (incl. Padding)

    ----------------------------------------------------------------------

      Code (inc. data)   RO Data    RW Data    ZI Data      Debug   Library Name

      6778         30          0          4       1608     137259   ThreadX_Library.lib
       480         16          0          0         96        800   c_w.l
      1266         62        596          0          0      12253   driverlib.lib
        26          0          0          0          0        116   fz_wm.l

    ----------------------------------------------------------------------
      8596        108        596          4       1704     150428   Library Totals

    ----------------------------------------------------------------------

==============================================================================


      Code (inc. data)   RO Data    RW Data    ZI Data      Debug   

      9720        216       1140          8      11984     164259   Grand Totals
      9720        216       1140          8      11984     164259   ELF Image Totals
      9720        216       1140          8          0          0   ROM Totals

==============================================================================

    Total RO  Size (Code + RO Data)                10860 (  10.61kB)
    Total RW  Size (RW Data + ZI Data)             11992 (  11.71kB)
    Total ROM Size (Code + RO Data + RW Data)      10868 (  10.61kB)

==============================================================================

