<html>
<body>
<pre>
<h1>µVision Build Log</h1>
<h2>Tool Versions:</h2>
IDE-Version: µVision V5.43.1.0
Copyright (C) 2025 ARM Ltd and ARM Germany GmbH. All rights reserved.
License Information: joao lucas Marques Camilo, UTFPR, LIC=----
 
Tool Versions:
Toolchain:       MDK-Lite  Version: 5.43.0.0
Toolchain Path:  C:\Keil_v5\ARM\ARMCLANG\Bin
C Compiler:      ArmClang.exe V6.24
Assembler:       Armasm.exe V6.24
Linker/Locator:  ArmLink.exe V6.24
Library Manager: ArmAr.exe V6.24
Hex Converter:   FromElf.exe V6.24
CPU DLL:         SARMCM3.DLL V5.43.0.0
Dialog DLL:      DCM.DLL V1.17.5.0
Target DLL:      lmidk-agdi.dll V???
Dialog DLL:      TCM.DLL V1.56.6.0
 
<h2>Project:</h2>
C:\ti\Jocarele_ELEW32\Lab5\Lab5b\Lab5.uvprojx
Project File Date:  05/04/2026

<h2>Output:</h2>
*** Using Compiler 'V6.24', folder: 'C:\Keil_v5\ARM\ARMCLANG\Bin'
Rebuild target 'Target_1'
assembling startup_TM4C129.s...
assembling tx_initialize_low_level.s...
compiling system_TM4C129.c...
src_my/main.c(26): warning: In file included from...
../../../TivaWare_C_Series-2.2.0.295\inc/hw_memmap.h(51): warning: 'WATCHDOG0_BASE' macro redefined [-Wmacro-redefined]
   51 | #define WATCHDOG0_BASE          0x40000000  // Watchdog0
      |         ^
C:/Keil_v5/ARM/Packs/Keil/TM4C_DFP/1.1.0/Device/Include/TM4C129\TM4C1294NCPDT.h(1915): note: previous definition is here
 1915 | #define WATCHDOG0_BASE                  0x40000000UL
      |         ^
src_my/main.c(26): warning: In file included from...
../../../TivaWare_C_Series-2.2.0.295\inc/hw_memmap.h(52): warning: 'WATCHDOG1_BASE' macro redefined [-Wmacro-redefined]
   52 | #define WATCHDOG1_BASE          0x40001000  // Watchdog1
      |         ^
C:/Keil_v5/ARM/Packs/Keil/TM4C_DFP/1.1.0/Device/Include/TM4C129\TM4C1294NCPDT.h(1916): note: previous definition is here
 1916 | #define WATCHDOG1_BASE                  0x40001000UL
      |         ^
src_my/main.c(26): warning: In file included from...
../../../TivaWare_C_Series-2.2.0.295\inc/hw_memmap.h(57): warning: 'SSI0_BASE' macro redefined [-Wmacro-redefined]
   57 | #define SSI0_BASE               0x40008000  // SSI0
      |         ^
C:/Keil_v5/ARM/Packs/Keil/TM4C_DFP/1.1.0/Device/Include/TM4C129\TM4C1294NCPDT.h(1917): note: previous definition is here
 1917 | #define SSI0_BASE                       0x40008000UL
      |         ^
src_my/main.c(26): warning: In file included from...
../../../TivaWare_C_Series-2.2.0.295\inc/hw_memmap.h(58): warning: 'SSI1_BASE' macro redefined [-Wmacro-redefined]
   58 | #define SSI1_BASE               0x40009000  // SSI1
      |         ^
C:/Keil_v5/ARM/Packs/Keil/TM4C_DFP/1.1.0/Device/Include/TM4C129\TM4C1294NCPDT.h(1918): note: previous definition is here
 1918 | #define SSI1_BASE                       0x40009000UL
      |         ^
src_my/main.c(26): warning: In file included from...
../../../TivaWare_C_Series-2.2.0.295\inc/hw_memmap.h(59): warning: 'SSI2_BASE' macro redefined [-Wmacro-redefined]
   59 | #define SSI2_BASE               0x4000A000  // SSI2
      |         ^
C:/Keil_v5/ARM/Packs/Keil/TM4C_DFP/1.1.0/Device/Include/TM4C129\TM4C1294NCPDT.h(1919): note: previous definition is here
 1919 | #define SSI2_BASE                       0x4000A000UL
      |         ^
src_my/main.c(26): warning: In file included from...
../../../TivaWare_C_Series-2.2.0.295\inc/hw_memmap.h(60): warning: 'SSI3_BASE' macro redefined [-Wmacro-redefined]
   60 | #define SSI3_BASE               0x4000B000  // SSI3
      |         ^
C:/Keil_v5/ARM/Packs/Keil/TM4C_DFP/1.1.0/Device/Include/TM4C129\TM4C1294NCPDT.h(1920): note: previous definition is here
 1920 | #define SSI3_BASE                       0x4000B000UL
      |         ^
src_my/main.c(26): warning: In file included from...
../../../TivaWare_C_Series-2.2.0.295\inc/hw_memmap.h(61): warning: 'UART0_BASE' macro redefined [-Wmacro-redefined]
   61 | #define UART0_BASE              0x4000C000  // UART0
      |         ^
C:/Keil_v5/ARM/Packs/Keil/TM4C_DFP/1.1.0/Device/Include/TM4C129\TM4C1294NCPDT.h(1921): note: previous definition is here
 1921 | #define UART0_BASE                      0x4000C000UL
      |         ^
src_my/main.c(26): warning: In file included from...
../../../TivaWare_C_Series-2.2.0.295\inc/hw_memmap.h(62): warning: 'UART1_BASE' macro redefined [-Wmacro-redefined]
   62 | #define UART1_BASE              0x4000D000  // UART1
      |         ^
C:/Keil_v5/ARM/Packs/Keil/TM4C_DFP/1.1.0/Device/Include/TM4C129\TM4C1294NCPDT.h(1922): note: previous definition is here
 1922 | #define UART1_BASE                      0x4000D000UL
      |         ^
src_my/main.c(26): warning: In file included from...
../../../TivaWare_C_Series-2.2.0.295\inc/hw_memmap.h(63): warning: 'UART2_BASE' macro redefined [-Wmacro-redefined]
   63 | #define UART2_BASE              0x4000E000  // UART2
      |         ^
C:/Keil_v5/ARM/Packs/Keil/TM4C_DFP/1.1.0/Device/Include/TM4C129\TM4C1294NCPDT.h(1923): note: previous definition is here
 1923 | #define UART2_BASE                      0x4000E000UL
      |         ^
src_my/main.c(26): warning: In file included from...
../../../TivaWare_C_Series-2.2.0.295\inc/hw_memmap.h(64): warning: 'UART3_BASE' macro redefined [-Wmacro-redefined]
   64 | #define UART3_BASE              0x4000F000  // UART3
      |         ^
C:/Keil_v5/ARM/Packs/Keil/TM4C_DFP/1.1.0/Device/Include/TM4C129\TM4C1294NCPDT.h(1924): note: previous definition is here
 1924 | #define UART3_BASE                      0x4000F000UL
      |         ^
src_my/main.c(26): warning: In file included from...
../../../TivaWare_C_Series-2.2.0.295\inc/hw_memmap.h(65): warning: 'UART4_BASE' macro redefined [-Wmacro-redefined]
   65 | #define UART4_BASE              0x40010000  // UART4
      |         ^
C:/Keil_v5/ARM/Packs/Keil/TM4C_DFP/1.1.0/Device/Include/TM4C129\TM4C1294NCPDT.h(1925): note: previous definition is here
 1925 | #define UART4_BASE                      0x40010000UL
      |         ^
src_my/main.c(26): warning: In file included from...
../../../TivaWare_C_Series-2.2.0.295\inc/hw_memmap.h(66): warning: 'UART5_BASE' macro redefined [-Wmacro-redefined]
   66 | #define UART5_BASE              0x40011000  // UART5
      |         ^
C:/Keil_v5/ARM/Packs/Keil/TM4C_DFP/1.1.0/Device/Include/TM4C129\TM4C1294NCPDT.h(1926): note: previous definition is here
 1926 | #define UART5_BASE                      0x40011000UL
      |         ^
src_my/main.c(26): warning: In file included from...
../../../TivaWare_C_Series-2.2.0.295\inc/hw_memmap.h(67): warning: 'UART6_BASE' macro redefined [-Wmacro-redefined]
   67 | #define UART6_BASE              0x40012000  // UART6
      |         ^
C:/Keil_v5/ARM/Packs/Keil/TM4C_DFP/1.1.0/Device/Include/TM4C129\TM4C1294NCPDT.h(1927): note: previous definition is here
 1927 | #define UART6_BASE                      0x40012000UL
      |         ^
src_my/main.c(26): warning: In file included from...
../../../TivaWare_C_Series-2.2.0.295\inc/hw_memmap.h(68): warning: 'UART7_BASE' macro redefined [-Wmacro-redefined]
   68 | #define UART7_BASE              0x40013000  // UART7
      |         ^
C:/Keil_v5/ARM/Packs/Keil/TM4C_DFP/1.1.0/Device/Include/TM4C129\TM4C1294NCPDT.h(1928): note: previous definition is here
 1928 | #define UART7_BASE                      0x40013000UL
      |         ^
src_my/main.c(26): warning: In file included from...
../../../TivaWare_C_Series-2.2.0.295\inc/hw_memmap.h(69): warning: 'I2C0_BASE' macro redefined [-Wmacro-redefined]
   69 | #define I2C0_BASE               0x40020000  // I2C0
      |         ^
C:/Keil_v5/ARM/Packs/Keil/TM4C_DFP/1.1.0/Device/Include/TM4C129\TM4C1294NCPDT.h(1929): note: previous definition is here
 1929 | #define I2C0_BASE                       0x40020000UL
      |         ^
src_my/main.c(26): warning: In file included from...
../../../TivaWare_C_Series-2.2.0.295\inc/hw_memmap.h(70): warning: 'I2C1_BASE' macro redefined [-Wmacro-redefined]
   70 | #define I2C1_BASE               0x40021000  // I2C1
      |         ^
C:/Keil_v5/ARM/Packs/Keil/TM4C_DFP/1.1.0/Device/Include/TM4C129\TM4C1294NCPDT.h(1930): note: previous definition is here
 1930 | #define I2C1_BASE                       0x40021000UL
      |         ^
src_my/main.c(26): warning: In file included from...
../../../TivaWare_C_Series-2.2.0.295\inc/hw_memmap.h(71): warning: 'I2C2_BASE' macro redefined [-Wmacro-redefined]
   71 | #define I2C2_BASE               0x40022000  // I2C2
      |         ^
C:/Keil_v5/ARM/Packs/Keil/TM4C_DFP/1.1.0/Device/Include/TM4C129\TM4C1294NCPDT.h(1931): note: previous definition is here
 1931 | #define I2C2_BASE                       0x40022000UL
      |         ^
src_my/main.c(26): warning: In file included from...
../../../TivaWare_C_Series-2.2.0.295\inc/hw_memmap.h(72): warning: 'I2C3_BASE' macro redefined [-Wmacro-redefined]
   72 | #define I2C3_BASE               0x40023000  // I2C3
      |         ^
C:/Keil_v5/ARM/Packs/Keil/TM4C_DFP/1.1.0/Device/Include/TM4C129\TM4C1294NCPDT.h(1932): note: previous definition is here
 1932 | #define I2C3_BASE                       0x40023000UL
      |         ^
src_my/main.c(26): warning: In file included from...
../../../TivaWare_C_Series-2.2.0.295\inc/hw_memmap.h(77): warning: 'PWM0_BASE' macro redefined [-Wmacro-redefined]
   77 | #define PWM0_BASE               0x40028000  // Pulse Width Modulator (PWM)
      |         ^
C:/Keil_v5/ARM/Packs/Keil/TM4C_DFP/1.1.0/Device/Include/TM4C129\TM4C1294NCPDT.h(1933): note: previous definition is here
 1933 | #define PWM0_BASE                       0x40028000UL
      |         ^
src_my/main.c(26): warning: In file included from...
../../../TivaWare_C_Series-2.2.0.295\inc/hw_memmap.h(79): warning: 'QEI0_BASE' macro redefined [-Wmacro-redefined]
   79 | #define QEI0_BASE               0x4002C000  // QEI0
      |         ^
C:/Keil_v5/ARM/Packs/Keil/TM4C_DFP/1.1.0/Device/Include/TM4C129\TM4C1294NCPDT.h(1934): note: previous definition is here
 1934 | #define QEI0_BASE                       0x4002C000UL
      |         ^
src_my/main.c(26): warning: In file included from...
../../../TivaWare_C_Series-2.2.0.295\inc/hw_memmap.h(81): warning: 'TIMER0_BASE' macro redefined [-Wmacro-redefined]
   81 | #define TIMER0_BASE             0x40030000  // Timer0
      |         ^
C:/Keil_v5/ARM/Packs/Keil/TM4C_DFP/1.1.0/Device/Include/TM4C129\TM4C1294NCPDT.h(1935): note: previous definition is here
 1935 | #define TIMER0_BASE                     0x40030000UL
      |         ^
src_my/main.c(26): warning: In file included from...
../../../TivaWare_C_Series-2.2.0.295\inc/hw_memmap.h(82): warning: 'TIMER1_BASE' macro redefined [-Wmacro-redefined]
   82 | #define TIMER1_BASE             0x40031000  // Timer1
      |         ^
C:/Keil_v5/ARM/Packs/Keil/TM4C_DFP/1.1.0/Device/Include/TM4C129\TM4C1294NCPDT.h(1936): note: previous definition is here
 1936 | #define TIMER1_BASE                     0x40031000UL
      |         ^
src_my/main.c(26): warning: In file included from...
../../../TivaWare_C_Series-2.2.0.295\inc/hw_memmap.h(83): warning: 'TIMER2_BASE' macro redefined [-Wmacro-redefined]
   83 | #define TIMER2_BASE             0x40032000  // Timer2
      |         ^
C:/Keil_v5/ARM/Packs/Keil/TM4C_DFP/1.1.0/Device/Include/TM4C129\TM4C1294NCPDT.h(1937): note: previous definition is here
 1937 | #define TIMER2_BASE                     0x40032000UL
      |         ^
src_my/main.c(26): warning: In file included from...
../../../TivaWare_C_Series-2.2.0.295\inc/hw_memmap.h(84): warning: 'TIMER3_BASE' macro redefined [-Wmacro-redefined]
   84 | #define TIMER3_BASE             0x40033000  // Timer3
      |         ^
C:/Keil_v5/ARM/Packs/Keil/TM4C_DFP/1.1.0/Device/Include/TM4C129\TM4C1294NCPDT.h(1938): note: previous definition is here
 1938 | #define TIMER3_BASE                     0x40033000UL
      |         ^
src_my/main.c(26): warning: In file included from...
../../../TivaWare_C_Series-2.2.0.295\inc/hw_memmap.h(85): warning: 'TIMER4_BASE' macro redefined [-Wmacro-redefined]
   85 | #define TIMER4_BASE             0x40034000  // Timer4
      |         ^
C:/Keil_v5/ARM/Packs/Keil/TM4C_DFP/1.1.0/Device/Include/TM4C129\TM4C1294NCPDT.h(1939): note: previous definition is here
 1939 | #define TIMER4_BASE                     0x40034000UL
      |         ^
src_my/main.c(26): warning: In file included from...
../../../TivaWare_C_Series-2.2.0.295\inc/hw_memmap.h(86): warning: 'TIMER5_BASE' macro redefined [-Wmacro-redefined]
   86 | #define TIMER5_BASE             0x40035000  // Timer5
      |         ^
C:/Keil_v5/ARM/Packs/Keil/TM4C_DFP/1.1.0/Device/Include/TM4C129\TM4C1294NCPDT.h(1940): note: previous definition is here
 1940 | #define TIMER5_BASE                     0x40035000UL
      |         ^
src_my/main.c(26): warning: In file included from...
../../../TivaWare_C_Series-2.2.0.295\inc/hw_memmap.h(89): warning: 'ADC0_BASE' macro redefined [-Wmacro-redefined]
   89 | #define ADC0_BASE               0x40038000  // ADC0
      |         ^
C:/Keil_v5/ARM/Packs/Keil/TM4C_DFP/1.1.0/Device/Include/TM4C129\TM4C1294NCPDT.h(1941): note: previous definition is here
 1941 | #define ADC0_BASE                       0x40038000UL
      |         ^
src_my/main.c(26): warning: In file included from...
../../../TivaWare_C_Series-2.2.0.295\inc/hw_memmap.h(90): warning: 'ADC1_BASE' macro redefined [-Wmacro-redefined]
   90 | #define ADC1_BASE               0x40039000  // ADC1
      |         ^
C:/Keil_v5/ARM/Packs/Keil/TM4C_DFP/1.1.0/Device/Include/TM4C129\TM4C1294NCPDT.h(1942): note: previous definition is here
 1942 | #define ADC1_BASE                       0x40039000UL
      |         ^
src_my/main.c(26): warning: In file included from...
../../../TivaWare_C_Series-2.2.0.295\inc/hw_memmap.h(91): warning: 'COMP_BASE' macro redefined [-Wmacro-redefined]
   91 | #define COMP_BASE               0x4003C000  // Analog comparators
      |         ^
C:/Keil_v5/ARM/Packs/Keil/TM4C_DFP/1.1.0/Device/Include/TM4C129\TM4C1294NCPDT.h(1943): note: previous definition is here
 1943 | #define COMP_BASE                       0x4003C000UL
      |         ^
src_my/main.c(26): warning: In file included from...
../../../TivaWare_C_Series-2.2.0.295\inc/hw_memmap.h(93): warning: 'CAN0_BASE' macro redefined [-Wmacro-redefined]
   93 | #define CAN0_BASE               0x40040000  // CAN0
      |         ^
C:/Keil_v5/ARM/Packs/Keil/TM4C_DFP/1.1.0/Device/Include/TM4C129\TM4C1294NCPDT.h(1944): note: previous definition is here
 1944 | #define CAN0_BASE                       0x40040000UL
      |         ^
src_my/main.c(26): warning: In file included from...
../../../TivaWare_C_Series-2.2.0.295\inc/hw_memmap.h(94): warning: 'CAN1_BASE' macro redefined [-Wmacro-redefined]
   94 | #define CAN1_BASE               0x40041000  // CAN1
      |         ^
C:/Keil_v5/ARM/Packs/Keil/TM4C_DFP/1.1.0/Device/Include/TM4C129\TM4C1294NCPDT.h(1945): note: previous definition is here
 1945 | #define CAN1_BASE                       0x40041000UL
      |         ^
src_my/main.c(26): warning: In file included from...
../../../TivaWare_C_Series-2.2.0.295\inc/hw_memmap.h(99): warning: 'USB0_BASE' macro redefined [-Wmacro-redefined]
   99 | #define USB0_BASE               0x40050000  // USB 0 Controller
      |         ^
C:/Keil_v5/ARM/Packs/Keil/TM4C_DFP/1.1.0/Device/Include/TM4C129\TM4C1294NCPDT.h(1946): note: previous definition is here
 1946 | #define USB0_BASE                       0x40050000UL
      |         ^
src_my/main.c(26): warning: In file included from...
../../../TivaWare_C_Series-2.2.0.295\inc/hw_memmap.h(121): warning: 'EEPROM_BASE' macro redefined [-Wmacro-redefined]
  121 | #define EEPROM_BASE             0x400AF000  // EEPROM memory
      |         ^
C:/Keil_v5/ARM/Packs/Keil/TM4C_DFP/1.1.0/Device/Include/TM4C129\TM4C1294NCPDT.h(1962): note: previous definition is here
 1962 | #define EEPROM_BASE                     0x400AF000UL
      |         ^
src_my/main.c(26): warning: In file included from...
../../../TivaWare_C_Series-2.2.0.295\inc/hw_memmap.h(123): warning: 'I2C8_BASE' macro redefined [-Wmacro-redefined]
  123 | #define I2C8_BASE               0x400B8000  // I2C8
      |         ^
C:/Keil_v5/ARM/Packs/Keil/TM4C_DFP/1.1.0/Device/Include/TM4C129\TM4C1294NCPDT.h(1963): note: previous definition is here
 1963 | #define I2C8_BASE                       0x400B8000UL
      |         ^
src_my/main.c(26): warning: In file included from...
../../../TivaWare_C_Series-2.2.0.295\inc/hw_memmap.h(124): warning: 'I2C9_BASE' macro redefined [-Wmacro-redefined]
  124 | #define I2C9_BASE               0x400B9000  // I2C9
      |         ^
C:/Keil_v5/ARM/Packs/Keil/TM4C_DFP/1.1.0/Device/Include/TM4C129\TM4C1294NCPDT.h(1964): note: previous definition is here
 1964 | #define I2C9_BASE                       0x400B9000UL
      |         ^
src_my/main.c(26): warning: In file included from...
../../../TivaWare_C_Series-2.2.0.295\inc/hw_memmap.h(125): warning: 'I2C4_BASE' macro redefined [-Wmacro-redefined]
  125 | #define I2C4_BASE               0x400C0000  // I2C4
      |         ^
C:/Keil_v5/ARM/Packs/Keil/TM4C_DFP/1.1.0/Device/Include/TM4C129\TM4C1294NCPDT.h(1965): note: previous definition is here
 1965 | #define I2C4_BASE                       0x400C0000UL
      |         ^
src_my/main.c(26): warning: In file included from...
../../../TivaWare_C_Series-2.2.0.295\inc/hw_memmap.h(126): warning: 'I2C5_BASE' macro redefined [-Wmacro-redefined]
  126 | #define I2C5_BASE               0x400C1000  // I2C5
      |         ^
C:/Keil_v5/ARM/Packs/Keil/TM4C_DFP/1.1.0/Device/Include/TM4C129\TM4C1294NCPDT.h(1966): note: previous definition is here
 1966 | #define I2C5_BASE                       0x400C1000UL
      |         ^
src_my/main.c(26): warning: In file included from...
../../../TivaWare_C_Series-2.2.0.295\inc/hw_memmap.h(127): warning: 'I2C6_BASE' macro redefined [-Wmacro-redefined]
  127 | #define I2C6_BASE               0x400C2000  // I2C6
      |         ^
C:/Keil_v5/ARM/Packs/Keil/TM4C_DFP/1.1.0/Device/Include/TM4C129\TM4C1294NCPDT.h(1967): note: previous definition is here
 1967 | #define I2C6_BASE                       0x400C2000UL
      |         ^
src_my/main.c(26): warning: In file included from...
../../../TivaWare_C_Series-2.2.0.295\inc/hw_memmap.h(128): warning: 'I2C7_BASE' macro redefined [-Wmacro-redefined]
  128 | #define I2C7_BASE               0x400C3000  // I2C7
      |         ^
C:/Keil_v5/ARM/Packs/Keil/TM4C_DFP/1.1.0/Device/Include/TM4C129\TM4C1294NCPDT.h(1968): note: previous definition is here
 1968 | #define I2C7_BASE                       0x400C3000UL
      |         ^
src_my/main.c(26): warning: In file included from...
../../../TivaWare_C_Series-2.2.0.295\inc/hw_memmap.h(129): warning: 'EPI0_BASE' macro redefined [-Wmacro-redefined]
  129 | #define EPI0_BASE               0x400D0000  // EPI0
      |         ^
C:/Keil_v5/ARM/Packs/Keil/TM4C_DFP/1.1.0/Device/Include/TM4C129\TM4C1294NCPDT.h(1969): note: previous definition is here
 1969 | #define EPI0_BASE                       0x400D0000UL
      |         ^
src_my/main.c(26): warning: In file included from...
../../../TivaWare_C_Series-2.2.0.295\inc/hw_memmap.h(130): warning: 'TIMER6_BASE' macro redefined [-Wmacro-redefined]
  130 | #define TIMER6_BASE             0x400E0000  // General-Purpose Timers
      |         ^
C:/Keil_v5/ARM/Packs/Keil/TM4C_DFP/1.1.0/Device/Include/TM4C129\TM4C1294NCPDT.h(1970): note: previous definition is here
 1970 | #define TIMER6_BASE                     0x400E0000UL
      |         ^
src_my/main.c(26): warning: In file included from...
../../../TivaWare_C_Series-2.2.0.295\inc/hw_memmap.h(131): warning: 'TIMER7_BASE' macro redefined [-Wmacro-redefined]
  131 | #define TIMER7_BASE             0x400E1000  // General-Purpose Timers
      |         ^
C:/Keil_v5/ARM/Packs/Keil/TM4C_DFP/1.1.0/Device/Include/TM4C129\TM4C1294NCPDT.h(1971): note: previous definition is here
 1971 | #define TIMER7_BASE                     0x400E1000UL
      |         ^
src_my/main.c(26): warning: In file included from...
../../../TivaWare_C_Series-2.2.0.295\inc/hw_memmap.h(132): warning: 'EMAC0_BASE' macro redefined [-Wmacro-redefined]
  132 | #define EMAC0_BASE              0x400EC000  // Ethernet Controller
      |         ^
C:/Keil_v5/ARM/Packs/Keil/TM4C_DFP/1.1.0/Device/Include/TM4C129\TM4C1294NCPDT.h(1972): note: previous definition is here
 1972 | #define EMAC0_BASE                      0x400EC000UL
      |         ^
src_my/main.c(26): warning: In file included from...
../../../TivaWare_C_Series-2.2.0.295\inc/hw_memmap.h(133): warning: 'SYSEXC_BASE' macro redefined [-Wmacro-redefined]
  133 | #define SYSEXC_BASE             0x400F9000  // System Exception Module
      |         ^
C:/Keil_v5/ARM/Packs/Keil/TM4C_DFP/1.1.0/Device/Include/TM4C129\TM4C1294NCPDT.h(1973): note: previous definition is here
 1973 | #define SYSEXC_BASE                     0x400F9000UL
      |         ^
src_my/main.c(26): warning: In file included from...
../../../TivaWare_C_Series-2.2.0.295\inc/hw_memmap.h(134): warning: 'HIB_BASE' macro redefined [-Wmacro-redefined]
  134 | #define HIB_BASE                0x400FC000  // Hibernation Module
      |         ^
C:/Keil_v5/ARM/Packs/Keil/TM4C_DFP/1.1.0/Device/Include/TM4C129\TM4C1294NCPDT.h(1974): note: previous definition is here
 1974 | #define HIB_BASE                        0x400FC000UL
      |         ^
src_my/main.c(26): warning: In file included from...
../../../TivaWare_C_Series-2.2.0.295\inc/hw_memmap.h(135): warning: 'FLASH_CTRL_BASE' macro redefined [-Wmacro-redefined]
  135 | #define FLASH_CTRL_BASE         0x400FD000  // FLASH Controller
      |         ^
C:/Keil_v5/ARM/Packs/Keil/TM4C_DFP/1.1.0/Device/Include/TM4C129\TM4C1294NCPDT.h(1975): note: previous definition is here
 1975 | #define FLASH_CTRL_BASE                 0x400FD000UL
      |         ^
src_my/main.c(26): warning: In file included from...
../../../TivaWare_C_Series-2.2.0.295\inc/hw_memmap.h(136): warning: 'SYSCTL_BASE' macro redefined [-Wmacro-redefined]
  136 | #define SYSCTL_BASE             0x400FE000  // System Control
      |         ^
C:/Keil_v5/ARM/Packs/Keil/TM4C_DFP/1.1.0/Device/Include/TM4C129\TM4C1294NCPDT.h(1976): note: previous definition is here
 1976 | #define SYSCTL_BASE                     0x400FE000UL
      |         ^
src_my/main.c(26): warning: In file included from...
../../../TivaWare_C_Series-2.2.0.295\inc/hw_memmap.h(137): warning: 'UDMA_BASE' macro redefined [-Wmacro-redefined]
  137 | #define UDMA_BASE               0x400FF000  // uDMA Controller
      |         ^
C:/Keil_v5/ARM/Packs/Keil/TM4C_DFP/1.1.0/Device/Include/TM4C129\TM4C1294NCPDT.h(1977): note: previous definition is here
 1977 | #define UDMA_BASE                       0x400FF000UL
      |         ^
src_my/main.c(26): warning: In file included from...
../../../TivaWare_C_Series-2.2.0.295\inc/hw_memmap.h(138): warning: 'CCM0_BASE' macro redefined [-Wmacro-redefined]
  138 | #define CCM0_BASE               0x44030000  // Cyclical Redundancy Check (CRC)
      |         ^
C:/Keil_v5/ARM/Packs/Keil/TM4C_DFP/1.1.0/Device/Include/TM4C129\TM4C1294NCPDT.h(1978): note: previous definition is here
 1978 | #define CCM0_BASE                       0x44030000UL
      |         ^
src_my/main.c(26): warning: In file included from...
../../../TivaWare_C_Series-2.2.0.295\inc/hw_memmap.h(145): warning: 'ITM_BASE' macro redefined [-Wmacro-redefined]
  145 | #define ITM_BASE                0xE0000000  // Instrumentation Trace Macrocell
      |         ^
C:/Keil_v5/ARM/Packs/ARM/CMSIS/6.3.0/CMSIS/Core/Include\core_cm4.h(1551): note: previous definition is here
 1551 | #define ITM_BASE            (0xE0000000UL)                            /*!< ITM Base Address */
      |         ^
src_my/main.c(26): warning: In file included from...
../../../TivaWare_C_Series-2.2.0.295\inc/hw_memmap.h(146): warning: 'DWT_BASE' macro redefined [-Wmacro-redefined]
  146 | #define DWT_BASE                0xE0001000  // Data Watchpoint and Trace
      |         ^
C:/Keil_v5/ARM/Packs/ARM/CMSIS/6.3.0/CMSIS/Core/Include\core_cm4.h(1552): note: previous definition is here
 1552 | #define DWT_BASE            (0xE0001000UL)                            /*!< DWT Base Address */
      |         ^
src_my/main.c(26): warning: In file included from...
../../../TivaWare_C_Series-2.2.0.295\inc/hw_memmap.h(148): warning: 'NVIC_BASE' macro redefined [-Wmacro-redefined]
  148 | #define NVIC_BASE               0xE000E000  // Nested Vectored Interrupt Ctrl
      |         ^
C:/Keil_v5/ARM/Packs/ARM/CMSIS/6.3.0/CMSIS/Core/Include\core_cm4.h(1556): note: previous definition is here
 1556 | #define NVIC_BASE           (SCS_BASE +  0x0100UL)                    /*!< NVIC Base Address */
      |         ^
src_my/main.c(26): warning: In file included from...
../../../TivaWare_C_Series-2.2.0.295\inc/hw_memmap.h(149): warning: 'TPIU_BASE' macro redefined [-Wmacro-redefined]
  149 | #define TPIU_BASE               0xE0040000  // Trace Port Interface Unit
      |         ^
C:/Keil_v5/ARM/Packs/ARM/CMSIS/6.3.0/CMSIS/Core/Include\core_cm4.h(1553): note: previous definition is here
 1553 | #define TPIU_BASE           (0xE0040000UL)                            /*!< TPIU Base Address */
      |         ^
53 warnings generated.
compiling main.c...
linking...
Program Size: Code=7684 RO-data=1164 RW-data=8 ZI-data=11568  
".\Objects\Lab5.axf" - 0 Error(s), 53 Warning(s).

<h2>Software Packages used:</h2>

Package Vendor: ARM
                https://www.keil.com/pack/ARM.CMSIS.6.3.0.pack
                ARM::CMSIS@6.3.0
                CMSIS (Common Microcontroller Software Interface Standard)
   * Component: CORE Version: 6.2.0

Package Vendor: Keil
                http://www.keil.com/pack/Keil.TM4C_DFP.1.1.0.pack
                Keil::TM4C_DFP@1.1.0
                Texas Instruments Tiva C Series Device Support and Examples

<h2>Collection of Component include folders:</h2>
  ./RTE/_Target_1
  C:/Keil_v5/ARM/Packs/ARM/CMSIS/6.3.0/CMSIS/Core/Include
  C:/Keil_v5/ARM/Packs/Keil/TM4C_DFP/1.1.0/Device/Include/TM4C129

<h2>Collection of Component Files used:</h2>

   * Component: ARM::CMSIS:CORE@6.2.0
Build Time Elapsed:  00:00:01
</pre>
</body>
</html>
