<!doctype html public "-//w3c//dtd html 4.0 transitional//en">
<html><head>
<title>Static Call Graph - [.\Objects\projetofinal.axf]</title></head>
<body><HR>
<H1>Static Call Graph for image .\Objects\projetofinal.axf</H1><HR>
<BR><P>#&#060CALLGRAPH&#062# ARM Linker, 6240002: Last Updated: Mon Jun 29 08:57:15 2026
<BR><P>
<H3>Maximum Stack Usage =        200 bytes + Unknown(Functions without stacksize, Cycles, Untraceable Function Pointers)</H3><H3>
Call chain for Maximum Stack Depth:</H3>
thread_1_entry &rArr; DesenharSubMenu &rArr; GrStringWidthGet &rArr; GrFontGlyphDataGet
<P>
<H3>
Functions with no stack information
</H3><UL>
 <LI><a href="#[8e]">__user_initial_stackheap</a>
 <LI><a href="#[b4]">_tx_initialize_low_level</a>
 <LI><a href="#[9]">__tx_SysTickHandler</a>
 <LI><a href="#[144]">_tx_thread_context_restore</a>
 <LI><a href="#[145]">_tx_thread_context_save</a>
 <LI><a href="#[b6]">_tx_thread_schedule</a>
 <LI><a href="#[146]">PendSV_Handler</a>
 <LI><a href="#[8]">__tx_PendSVHandler</a>
 <LI><a href="#[147]">tx_thread_fpu_enable</a>
 <LI><a href="#[148]">tx_thread_fpu_disable</a>
 <LI><a href="#[149]">_tx_vfp_access</a>
 <LI><a href="#[ad]">_tx_timer_interrupt</a>
 <LI><a href="#[d2]">_tx_thread_stack_build</a>
</UL>
</UL>
<P>
<H3>
Mutually Recursive functions
</H3> <LI><a href="#[1]">NMI_Handler</a>&nbsp;&nbsp;&nbsp;&rArr;&nbsp;&nbsp;&nbsp;<a href="#[1]">NMI_Handler</a><BR>
 <LI><a href="#[2]">HardFault_Handler</a>&nbsp;&nbsp;&nbsp;&rArr;&nbsp;&nbsp;&nbsp;<a href="#[2]">HardFault_Handler</a><BR>
 <LI><a href="#[3]">MemManage_Handler</a>&nbsp;&nbsp;&nbsp;&rArr;&nbsp;&nbsp;&nbsp;<a href="#[3]">MemManage_Handler</a><BR>
 <LI><a href="#[4]">BusFault_Handler</a>&nbsp;&nbsp;&nbsp;&rArr;&nbsp;&nbsp;&nbsp;<a href="#[4]">BusFault_Handler</a><BR>
 <LI><a href="#[5]">UsageFault_Handler</a>&nbsp;&nbsp;&nbsp;&rArr;&nbsp;&nbsp;&nbsp;<a href="#[5]">UsageFault_Handler</a><BR>
 <LI><a href="#[6]">SVC_Handler</a>&nbsp;&nbsp;&nbsp;&rArr;&nbsp;&nbsp;&nbsp;<a href="#[6]">SVC_Handler</a><BR>
 <LI><a href="#[7]">DebugMon_Handler</a>&nbsp;&nbsp;&nbsp;&rArr;&nbsp;&nbsp;&nbsp;<a href="#[7]">DebugMon_Handler</a><BR>
 <LI><a href="#[a]">GPIOA_Handler</a>&nbsp;&nbsp;&nbsp;&rArr;&nbsp;&nbsp;&nbsp;<a href="#[a]">GPIOA_Handler</a><BR>
 <LI><a href="#[b]">GPIOB_Handler</a>&nbsp;&nbsp;&nbsp;&rArr;&nbsp;&nbsp;&nbsp;<a href="#[b]">GPIOB_Handler</a><BR>
 <LI><a href="#[c]">GPIOC_Handler</a>&nbsp;&nbsp;&nbsp;&rArr;&nbsp;&nbsp;&nbsp;<a href="#[c]">GPIOC_Handler</a><BR>
 <LI><a href="#[d]">GPIOD_Handler</a>&nbsp;&nbsp;&nbsp;&rArr;&nbsp;&nbsp;&nbsp;<a href="#[d]">GPIOD_Handler</a><BR>
 <LI><a href="#[e]">GPIOE_Handler</a>&nbsp;&nbsp;&nbsp;&rArr;&nbsp;&nbsp;&nbsp;<a href="#[e]">GPIOE_Handler</a><BR>
 <LI><a href="#[f]">UART0_Handler</a>&nbsp;&nbsp;&nbsp;&rArr;&nbsp;&nbsp;&nbsp;<a href="#[f]">UART0_Handler</a><BR>
 <LI><a href="#[10]">UART1_Handler</a>&nbsp;&nbsp;&nbsp;&rArr;&nbsp;&nbsp;&nbsp;<a href="#[10]">UART1_Handler</a><BR>
 <LI><a href="#[11]">SSI0_Handler</a>&nbsp;&nbsp;&nbsp;&rArr;&nbsp;&nbsp;&nbsp;<a href="#[11]">SSI0_Handler</a><BR>
 <LI><a href="#[12]">I2C0_Handler</a>&nbsp;&nbsp;&nbsp;&rArr;&nbsp;&nbsp;&nbsp;<a href="#[12]">I2C0_Handler</a><BR>
 <LI><a href="#[13]">PMW0_FAULT_Handler</a>&nbsp;&nbsp;&nbsp;&rArr;&nbsp;&nbsp;&nbsp;<a href="#[13]">PMW0_FAULT_Handler</a><BR>
 <LI><a href="#[14]">PWM0_0_Handler</a>&nbsp;&nbsp;&nbsp;&rArr;&nbsp;&nbsp;&nbsp;<a href="#[14]">PWM0_0_Handler</a><BR>
 <LI><a href="#[15]">PWM0_1_Handler</a>&nbsp;&nbsp;&nbsp;&rArr;&nbsp;&nbsp;&nbsp;<a href="#[15]">PWM0_1_Handler</a><BR>
 <LI><a href="#[16]">PWM0_2_Handler</a>&nbsp;&nbsp;&nbsp;&rArr;&nbsp;&nbsp;&nbsp;<a href="#[16]">PWM0_2_Handler</a><BR>
 <LI><a href="#[17]">QEI0_Handler</a>&nbsp;&nbsp;&nbsp;&rArr;&nbsp;&nbsp;&nbsp;<a href="#[17]">QEI0_Handler</a><BR>
 <LI><a href="#[18]">ADC0SS0_Handler</a>&nbsp;&nbsp;&nbsp;&rArr;&nbsp;&nbsp;&nbsp;<a href="#[18]">ADC0SS0_Handler</a><BR>
 <LI><a href="#[19]">ADC0SS1_Handler</a>&nbsp;&nbsp;&nbsp;&rArr;&nbsp;&nbsp;&nbsp;<a href="#[19]">ADC0SS1_Handler</a><BR>
 <LI><a href="#[1a]">ADC0SS2_Handler</a>&nbsp;&nbsp;&nbsp;&rArr;&nbsp;&nbsp;&nbsp;<a href="#[1a]">ADC0SS2_Handler</a><BR>
 <LI><a href="#[1b]">ADC0SS3_Handler</a>&nbsp;&nbsp;&nbsp;&rArr;&nbsp;&nbsp;&nbsp;<a href="#[1b]">ADC0SS3_Handler</a><BR>
 <LI><a href="#[1c]">WDT0_Handler</a>&nbsp;&nbsp;&nbsp;&rArr;&nbsp;&nbsp;&nbsp;<a href="#[1c]">WDT0_Handler</a><BR>
 <LI><a href="#[1d]">TIMER0A_Handler</a>&nbsp;&nbsp;&nbsp;&rArr;&nbsp;&nbsp;&nbsp;<a href="#[1d]">TIMER0A_Handler</a><BR>
 <LI><a href="#[1e]">TIMER0B_Handler</a>&nbsp;&nbsp;&nbsp;&rArr;&nbsp;&nbsp;&nbsp;<a href="#[1e]">TIMER0B_Handler</a><BR>
 <LI><a href="#[1f]">TIMER1A_Handler</a>&nbsp;&nbsp;&nbsp;&rArr;&nbsp;&nbsp;&nbsp;<a href="#[1f]">TIMER1A_Handler</a><BR>
 <LI><a href="#[20]">TIMER1B_Handler</a>&nbsp;&nbsp;&nbsp;&rArr;&nbsp;&nbsp;&nbsp;<a href="#[20]">TIMER1B_Handler</a><BR>
 <LI><a href="#[21]">TIMER2A_Handler</a>&nbsp;&nbsp;&nbsp;&rArr;&nbsp;&nbsp;&nbsp;<a href="#[21]">TIMER2A_Handler</a><BR>
 <LI><a href="#[22]">TIMER2B_Handler</a>&nbsp;&nbsp;&nbsp;&rArr;&nbsp;&nbsp;&nbsp;<a href="#[22]">TIMER2B_Handler</a><BR>
 <LI><a href="#[23]">COMP0_Handler</a>&nbsp;&nbsp;&nbsp;&rArr;&nbsp;&nbsp;&nbsp;<a href="#[23]">COMP0_Handler</a><BR>
 <LI><a href="#[24]">COMP1_Handler</a>&nbsp;&nbsp;&nbsp;&rArr;&nbsp;&nbsp;&nbsp;<a href="#[24]">COMP1_Handler</a><BR>
 <LI><a href="#[25]">COMP2_Handler</a>&nbsp;&nbsp;&nbsp;&rArr;&nbsp;&nbsp;&nbsp;<a href="#[25]">COMP2_Handler</a><BR>
 <LI><a href="#[26]">SYSCTL_Handler</a>&nbsp;&nbsp;&nbsp;&rArr;&nbsp;&nbsp;&nbsp;<a href="#[26]">SYSCTL_Handler</a><BR>
 <LI><a href="#[27]">FLASH_Handler</a>&nbsp;&nbsp;&nbsp;&rArr;&nbsp;&nbsp;&nbsp;<a href="#[27]">FLASH_Handler</a><BR>
 <LI><a href="#[28]">GPIOF_Handler</a>&nbsp;&nbsp;&nbsp;&rArr;&nbsp;&nbsp;&nbsp;<a href="#[28]">GPIOF_Handler</a><BR>
 <LI><a href="#[29]">GPIOG_Handler</a>&nbsp;&nbsp;&nbsp;&rArr;&nbsp;&nbsp;&nbsp;<a href="#[29]">GPIOG_Handler</a><BR>
 <LI><a href="#[2a]">GPIOH_Handler</a>&nbsp;&nbsp;&nbsp;&rArr;&nbsp;&nbsp;&nbsp;<a href="#[2a]">GPIOH_Handler</a><BR>
 <LI><a href="#[2b]">UART2_Handler</a>&nbsp;&nbsp;&nbsp;&rArr;&nbsp;&nbsp;&nbsp;<a href="#[2b]">UART2_Handler</a><BR>
 <LI><a href="#[2c]">SSI1_Handler</a>&nbsp;&nbsp;&nbsp;&rArr;&nbsp;&nbsp;&nbsp;<a href="#[2c]">SSI1_Handler</a><BR>
 <LI><a href="#[2d]">TIMER3A_Handler</a>&nbsp;&nbsp;&nbsp;&rArr;&nbsp;&nbsp;&nbsp;<a href="#[2d]">TIMER3A_Handler</a><BR>
 <LI><a href="#[2e]">TIMER3B_Handler</a>&nbsp;&nbsp;&nbsp;&rArr;&nbsp;&nbsp;&nbsp;<a href="#[2e]">TIMER3B_Handler</a><BR>
 <LI><a href="#[2f]">I2C1_Handler</a>&nbsp;&nbsp;&nbsp;&rArr;&nbsp;&nbsp;&nbsp;<a href="#[2f]">I2C1_Handler</a><BR>
 <LI><a href="#[30]">CAN0_Handler</a>&nbsp;&nbsp;&nbsp;&rArr;&nbsp;&nbsp;&nbsp;<a href="#[30]">CAN0_Handler</a><BR>
 <LI><a href="#[31]">CAN1_Handler</a>&nbsp;&nbsp;&nbsp;&rArr;&nbsp;&nbsp;&nbsp;<a href="#[31]">CAN1_Handler</a><BR>
 <LI><a href="#[32]">ETH_Handler</a>&nbsp;&nbsp;&nbsp;&rArr;&nbsp;&nbsp;&nbsp;<a href="#[32]">ETH_Handler</a><BR>
 <LI><a href="#[33]">HIB_Handler</a>&nbsp;&nbsp;&nbsp;&rArr;&nbsp;&nbsp;&nbsp;<a href="#[33]">HIB_Handler</a><BR>
 <LI><a href="#[34]">USB0_Handler</a>&nbsp;&nbsp;&nbsp;&rArr;&nbsp;&nbsp;&nbsp;<a href="#[34]">USB0_Handler</a><BR>
 <LI><a href="#[35]">PWM0_3_Handler</a>&nbsp;&nbsp;&nbsp;&rArr;&nbsp;&nbsp;&nbsp;<a href="#[35]">PWM0_3_Handler</a><BR>
 <LI><a href="#[36]">UDMA_Handler</a>&nbsp;&nbsp;&nbsp;&rArr;&nbsp;&nbsp;&nbsp;<a href="#[36]">UDMA_Handler</a><BR>
 <LI><a href="#[37]">UDMAERR_Handler</a>&nbsp;&nbsp;&nbsp;&rArr;&nbsp;&nbsp;&nbsp;<a href="#[37]">UDMAERR_Handler</a><BR>
 <LI><a href="#[38]">ADC1SS0_Handler</a>&nbsp;&nbsp;&nbsp;&rArr;&nbsp;&nbsp;&nbsp;<a href="#[38]">ADC1SS0_Handler</a><BR>
 <LI><a href="#[39]">ADC1SS1_Handler</a>&nbsp;&nbsp;&nbsp;&rArr;&nbsp;&nbsp;&nbsp;<a href="#[39]">ADC1SS1_Handler</a><BR>
 <LI><a href="#[3a]">ADC1SS2_Handler</a>&nbsp;&nbsp;&nbsp;&rArr;&nbsp;&nbsp;&nbsp;<a href="#[3a]">ADC1SS2_Handler</a><BR>
 <LI><a href="#[3b]">ADC1SS3_Handler</a>&nbsp;&nbsp;&nbsp;&rArr;&nbsp;&nbsp;&nbsp;<a href="#[3b]">ADC1SS3_Handler</a><BR>
 <LI><a href="#[3c]">EBI0_Handler</a>&nbsp;&nbsp;&nbsp;&rArr;&nbsp;&nbsp;&nbsp;<a href="#[3c]">EBI0_Handler</a><BR>
 <LI><a href="#[3d]">GPIOJ_Handler</a>&nbsp;&nbsp;&nbsp;&rArr;&nbsp;&nbsp;&nbsp;<a href="#[3d]">GPIOJ_Handler</a><BR>
 <LI><a href="#[3e]">GPIOK_Handler</a>&nbsp;&nbsp;&nbsp;&rArr;&nbsp;&nbsp;&nbsp;<a href="#[3e]">GPIOK_Handler</a><BR>
 <LI><a href="#[3f]">GPIOL_Handler</a>&nbsp;&nbsp;&nbsp;&rArr;&nbsp;&nbsp;&nbsp;<a href="#[3f]">GPIOL_Handler</a><BR>
 <LI><a href="#[40]">SSI2_Handler</a>&nbsp;&nbsp;&nbsp;&rArr;&nbsp;&nbsp;&nbsp;<a href="#[40]">SSI2_Handler</a><BR>
 <LI><a href="#[41]">SSI3_Handler</a>&nbsp;&nbsp;&nbsp;&rArr;&nbsp;&nbsp;&nbsp;<a href="#[41]">SSI3_Handler</a><BR>
 <LI><a href="#[42]">UART3_Handler</a>&nbsp;&nbsp;&nbsp;&rArr;&nbsp;&nbsp;&nbsp;<a href="#[42]">UART3_Handler</a><BR>
 <LI><a href="#[43]">UART4_Handler</a>&nbsp;&nbsp;&nbsp;&rArr;&nbsp;&nbsp;&nbsp;<a href="#[43]">UART4_Handler</a><BR>
 <LI><a href="#[44]">UART5_Handler</a>&nbsp;&nbsp;&nbsp;&rArr;&nbsp;&nbsp;&nbsp;<a href="#[44]">UART5_Handler</a><BR>
 <LI><a href="#[45]">UART6_Handler</a>&nbsp;&nbsp;&nbsp;&rArr;&nbsp;&nbsp;&nbsp;<a href="#[45]">UART6_Handler</a><BR>
 <LI><a href="#[46]">UART7_Handler</a>&nbsp;&nbsp;&nbsp;&rArr;&nbsp;&nbsp;&nbsp;<a href="#[46]">UART7_Handler</a><BR>
 <LI><a href="#[47]">I2C2_Handler</a>&nbsp;&nbsp;&nbsp;&rArr;&nbsp;&nbsp;&nbsp;<a href="#[47]">I2C2_Handler</a><BR>
 <LI><a href="#[48]">I2C3_Handler</a>&nbsp;&nbsp;&nbsp;&rArr;&nbsp;&nbsp;&nbsp;<a href="#[48]">I2C3_Handler</a><BR>
 <LI><a href="#[49]">TIMER4A_Handler</a>&nbsp;&nbsp;&nbsp;&rArr;&nbsp;&nbsp;&nbsp;<a href="#[49]">TIMER4A_Handler</a><BR>
 <LI><a href="#[4a]">TIMER4B_Handler</a>&nbsp;&nbsp;&nbsp;&rArr;&nbsp;&nbsp;&nbsp;<a href="#[4a]">TIMER4B_Handler</a><BR>
 <LI><a href="#[4b]">TIMER5A_Handler</a>&nbsp;&nbsp;&nbsp;&rArr;&nbsp;&nbsp;&nbsp;<a href="#[4b]">TIMER5A_Handler</a><BR>
 <LI><a href="#[4c]">TIMER5B_Handler</a>&nbsp;&nbsp;&nbsp;&rArr;&nbsp;&nbsp;&nbsp;<a href="#[4c]">TIMER5B_Handler</a><BR>
 <LI><a href="#[4d]">FPU_Handler</a>&nbsp;&nbsp;&nbsp;&rArr;&nbsp;&nbsp;&nbsp;<a href="#[4d]">FPU_Handler</a><BR>
 <LI><a href="#[4e]">I2C4_Handler</a>&nbsp;&nbsp;&nbsp;&rArr;&nbsp;&nbsp;&nbsp;<a href="#[4e]">I2C4_Handler</a><BR>
 <LI><a href="#[4f]">I2C5_Handler</a>&nbsp;&nbsp;&nbsp;&rArr;&nbsp;&nbsp;&nbsp;<a href="#[4f]">I2C5_Handler</a><BR>
 <LI><a href="#[50]">GPIOM_Handler</a>&nbsp;&nbsp;&nbsp;&rArr;&nbsp;&nbsp;&nbsp;<a href="#[50]">GPIOM_Handler</a><BR>
 <LI><a href="#[51]">GPION_Handler</a>&nbsp;&nbsp;&nbsp;&rArr;&nbsp;&nbsp;&nbsp;<a href="#[51]">GPION_Handler</a><BR>
 <LI><a href="#[52]">TAMPER_Handler</a>&nbsp;&nbsp;&nbsp;&rArr;&nbsp;&nbsp;&nbsp;<a href="#[52]">TAMPER_Handler</a><BR>
 <LI><a href="#[53]">GPIOP0_Handler</a>&nbsp;&nbsp;&nbsp;&rArr;&nbsp;&nbsp;&nbsp;<a href="#[53]">GPIOP0_Handler</a><BR>
 <LI><a href="#[54]">GPIOP1_Handler</a>&nbsp;&nbsp;&nbsp;&rArr;&nbsp;&nbsp;&nbsp;<a href="#[54]">GPIOP1_Handler</a><BR>
 <LI><a href="#[55]">GPIOP2_Handler</a>&nbsp;&nbsp;&nbsp;&rArr;&nbsp;&nbsp;&nbsp;<a href="#[55]">GPIOP2_Handler</a><BR>
 <LI><a href="#[56]">GPIOP3_Handler</a>&nbsp;&nbsp;&nbsp;&rArr;&nbsp;&nbsp;&nbsp;<a href="#[56]">GPIOP3_Handler</a><BR>
 <LI><a href="#[57]">GPIOP4_Handler</a>&nbsp;&nbsp;&nbsp;&rArr;&nbsp;&nbsp;&nbsp;<a href="#[57]">GPIOP4_Handler</a><BR>
 <LI><a href="#[58]">GPIOP5_Handler</a>&nbsp;&nbsp;&nbsp;&rArr;&nbsp;&nbsp;&nbsp;<a href="#[58]">GPIOP5_Handler</a><BR>
 <LI><a href="#[59]">GPIOP6_Handler</a>&nbsp;&nbsp;&nbsp;&rArr;&nbsp;&nbsp;&nbsp;<a href="#[59]">GPIOP6_Handler</a><BR>
 <LI><a href="#[5a]">GPIOP7_Handler</a>&nbsp;&nbsp;&nbsp;&rArr;&nbsp;&nbsp;&nbsp;<a href="#[5a]">GPIOP7_Handler</a><BR>
 <LI><a href="#[5b]">GPIOQ0_Handler</a>&nbsp;&nbsp;&nbsp;&rArr;&nbsp;&nbsp;&nbsp;<a href="#[5b]">GPIOQ0_Handler</a><BR>
 <LI><a href="#[5c]">GPIOQ1_Handler</a>&nbsp;&nbsp;&nbsp;&rArr;&nbsp;&nbsp;&nbsp;<a href="#[5c]">GPIOQ1_Handler</a><BR>
 <LI><a href="#[5d]">GPIOQ2_Handler</a>&nbsp;&nbsp;&nbsp;&rArr;&nbsp;&nbsp;&nbsp;<a href="#[5d]">GPIOQ2_Handler</a><BR>
 <LI><a href="#[5e]">GPIOQ3_Handler</a>&nbsp;&nbsp;&nbsp;&rArr;&nbsp;&nbsp;&nbsp;<a href="#[5e]">GPIOQ3_Handler</a><BR>
 <LI><a href="#[5f]">GPIOQ4_Handler</a>&nbsp;&nbsp;&nbsp;&rArr;&nbsp;&nbsp;&nbsp;<a href="#[5f]">GPIOQ4_Handler</a><BR>
 <LI><a href="#[60]">GPIOQ5_Handler</a>&nbsp;&nbsp;&nbsp;&rArr;&nbsp;&nbsp;&nbsp;<a href="#[60]">GPIOQ5_Handler</a><BR>
 <LI><a href="#[61]">GPIOQ6_Handler</a>&nbsp;&nbsp;&nbsp;&rArr;&nbsp;&nbsp;&nbsp;<a href="#[61]">GPIOQ6_Handler</a><BR>
 <LI><a href="#[62]">GPIOQ7_Handler</a>&nbsp;&nbsp;&nbsp;&rArr;&nbsp;&nbsp;&nbsp;<a href="#[62]">GPIOQ7_Handler</a><BR>
 <LI><a href="#[63]">GPIOR_Handler</a>&nbsp;&nbsp;&nbsp;&rArr;&nbsp;&nbsp;&nbsp;<a href="#[63]">GPIOR_Handler</a><BR>
 <LI><a href="#[64]">GPIOS_Handler</a>&nbsp;&nbsp;&nbsp;&rArr;&nbsp;&nbsp;&nbsp;<a href="#[64]">GPIOS_Handler</a><BR>
 <LI><a href="#[65]">SHAMD5_Handler</a>&nbsp;&nbsp;&nbsp;&rArr;&nbsp;&nbsp;&nbsp;<a href="#[65]">SHAMD5_Handler</a><BR>
 <LI><a href="#[66]">AES_Handler</a>&nbsp;&nbsp;&nbsp;&rArr;&nbsp;&nbsp;&nbsp;<a href="#[66]">AES_Handler</a><BR>
 <LI><a href="#[67]">DES3DES_Handler</a>&nbsp;&nbsp;&nbsp;&rArr;&nbsp;&nbsp;&nbsp;<a href="#[67]">DES3DES_Handler</a><BR>
 <LI><a href="#[68]">LCDCONTROLLER_Handler</a>&nbsp;&nbsp;&nbsp;&rArr;&nbsp;&nbsp;&nbsp;<a href="#[68]">LCDCONTROLLER_Handler</a><BR>
 <LI><a href="#[69]">TIMER6A_Handler</a>&nbsp;&nbsp;&nbsp;&rArr;&nbsp;&nbsp;&nbsp;<a href="#[69]">TIMER6A_Handler</a><BR>
 <LI><a href="#[6a]">TIMER6B_Handler</a>&nbsp;&nbsp;&nbsp;&rArr;&nbsp;&nbsp;&nbsp;<a href="#[6a]">TIMER6B_Handler</a><BR>
 <LI><a href="#[6b]">TIMER7A_Handler</a>&nbsp;&nbsp;&nbsp;&rArr;&nbsp;&nbsp;&nbsp;<a href="#[6b]">TIMER7A_Handler</a><BR>
 <LI><a href="#[6c]">TIMER7B_Handler</a>&nbsp;&nbsp;&nbsp;&rArr;&nbsp;&nbsp;&nbsp;<a href="#[6c]">TIMER7B_Handler</a><BR>
 <LI><a href="#[6d]">I2C6_Handler</a>&nbsp;&nbsp;&nbsp;&rArr;&nbsp;&nbsp;&nbsp;<a href="#[6d]">I2C6_Handler</a><BR>
 <LI><a href="#[6e]">I2C7_Handler</a>&nbsp;&nbsp;&nbsp;&rArr;&nbsp;&nbsp;&nbsp;<a href="#[6e]">I2C7_Handler</a><BR>
 <LI><a href="#[6f]">HIMSCANKEYBOARD_Handler</a>&nbsp;&nbsp;&nbsp;&rArr;&nbsp;&nbsp;&nbsp;<a href="#[6f]">HIMSCANKEYBOARD_Handler</a><BR>
 <LI><a href="#[70]">ONEWIRE_Handler</a>&nbsp;&nbsp;&nbsp;&rArr;&nbsp;&nbsp;&nbsp;<a href="#[70]">ONEWIRE_Handler</a><BR>
 <LI><a href="#[71]">HIMPS2_Handler</a>&nbsp;&nbsp;&nbsp;&rArr;&nbsp;&nbsp;&nbsp;<a href="#[71]">HIMPS2_Handler</a><BR>
 <LI><a href="#[72]">HIMLEDSEQUENCER_Handler</a>&nbsp;&nbsp;&nbsp;&rArr;&nbsp;&nbsp;&nbsp;<a href="#[72]">HIMLEDSEQUENCER_Handler</a><BR>
 <LI><a href="#[73]">HIMCONSUMERIR_Handler</a>&nbsp;&nbsp;&nbsp;&rArr;&nbsp;&nbsp;&nbsp;<a href="#[73]">HIMCONSUMERIR_Handler</a><BR>
 <LI><a href="#[74]">I2C8_Handler</a>&nbsp;&nbsp;&nbsp;&rArr;&nbsp;&nbsp;&nbsp;<a href="#[74]">I2C8_Handler</a><BR>
 <LI><a href="#[75]">I2C9_Handler</a>&nbsp;&nbsp;&nbsp;&rArr;&nbsp;&nbsp;&nbsp;<a href="#[75]">I2C9_Handler</a><BR>
 <LI><a href="#[76]">GPIOT_Handler</a>&nbsp;&nbsp;&nbsp;&rArr;&nbsp;&nbsp;&nbsp;<a href="#[76]">GPIOT_Handler</a><BR>
 <LI><a href="#[112]">SSIDataPut</a>&nbsp;&nbsp;&nbsp;&rArr;&nbsp;&nbsp;&nbsp;<a href="#[112]">SSIDataPut</a><BR>
 <LI><a href="#[ac]">SysCtlDelay</a>&nbsp;&nbsp;&nbsp;&rArr;&nbsp;&nbsp;&nbsp;<a href="#[ac]">SysCtlDelay</a><BR>
 <LI><a href="#[8f]">SysTick_Handler</a>&nbsp;&nbsp;&nbsp;&rArr;&nbsp;&nbsp;&nbsp;<a href="#[8f]">SysTick_Handler</a><BR>
 <LI><a href="#[90]">WTIMER0A_Handler</a>&nbsp;&nbsp;&nbsp;&rArr;&nbsp;&nbsp;&nbsp;<a href="#[90]">WTIMER0A_Handler</a><BR>
 <LI><a href="#[91]">WTIMER0B_Handler</a>&nbsp;&nbsp;&nbsp;&rArr;&nbsp;&nbsp;&nbsp;<a href="#[91]">WTIMER0B_Handler</a><BR>
 <LI><a href="#[92]">WTIMER1A_Handler</a>&nbsp;&nbsp;&nbsp;&rArr;&nbsp;&nbsp;&nbsp;<a href="#[92]">WTIMER1A_Handler</a><BR>
 <LI><a href="#[93]">WTIMER1B_Handler</a>&nbsp;&nbsp;&nbsp;&rArr;&nbsp;&nbsp;&nbsp;<a href="#[93]">WTIMER1B_Handler</a><BR>
 <LI><a href="#[94]">WTIMER2A_Handler</a>&nbsp;&nbsp;&nbsp;&rArr;&nbsp;&nbsp;&nbsp;<a href="#[94]">WTIMER2A_Handler</a><BR>
 <LI><a href="#[95]">WTIMER2B_Handler</a>&nbsp;&nbsp;&nbsp;&rArr;&nbsp;&nbsp;&nbsp;<a href="#[95]">WTIMER2B_Handler</a><BR>
 <LI><a href="#[96]">WTIMER3A_Handler</a>&nbsp;&nbsp;&nbsp;&rArr;&nbsp;&nbsp;&nbsp;<a href="#[96]">WTIMER3A_Handler</a><BR>
 <LI><a href="#[97]">WTIMER3B_Handler</a>&nbsp;&nbsp;&nbsp;&rArr;&nbsp;&nbsp;&nbsp;<a href="#[97]">WTIMER3B_Handler</a><BR>
 <LI><a href="#[98]">WTIMER4A_Handler</a>&nbsp;&nbsp;&nbsp;&rArr;&nbsp;&nbsp;&nbsp;<a href="#[98]">WTIMER4A_Handler</a><BR>
 <LI><a href="#[99]">WTIMER4B_Handler</a>&nbsp;&nbsp;&nbsp;&rArr;&nbsp;&nbsp;&nbsp;<a href="#[99]">WTIMER4B_Handler</a><BR>
 <LI><a href="#[9a]">WTIMER5A_Handler</a>&nbsp;&nbsp;&nbsp;&rArr;&nbsp;&nbsp;&nbsp;<a href="#[9a]">WTIMER5A_Handler</a><BR>
 <LI><a href="#[9b]">WTIMER5B_Handler</a>&nbsp;&nbsp;&nbsp;&rArr;&nbsp;&nbsp;&nbsp;<a href="#[9b]">WTIMER5B_Handler</a><BR>
</UL>
<P>
<H3>
Function Pointers
</H3><UL>
 <LI><a href="#[18]">ADC0SS0_Handler</a> from startup_tm4c129.o(.text) referenced from startup_tm4c129.o(RESET)
 <LI><a href="#[19]">ADC0SS1_Handler</a> from startup_tm4c129.o(.text) referenced from startup_tm4c129.o(RESET)
 <LI><a href="#[1a]">ADC0SS2_Handler</a> from startup_tm4c129.o(.text) referenced from startup_tm4c129.o(RESET)
 <LI><a href="#[1b]">ADC0SS3_Handler</a> from startup_tm4c129.o(.text) referenced from startup_tm4c129.o(RESET)
 <LI><a href="#[38]">ADC1SS0_Handler</a> from startup_tm4c129.o(.text) referenced from startup_tm4c129.o(RESET)
 <LI><a href="#[39]">ADC1SS1_Handler</a> from startup_tm4c129.o(.text) referenced from startup_tm4c129.o(RESET)
 <LI><a href="#[3a]">ADC1SS2_Handler</a> from startup_tm4c129.o(.text) referenced from startup_tm4c129.o(RESET)
 <LI><a href="#[3b]">ADC1SS3_Handler</a> from startup_tm4c129.o(.text) referenced from startup_tm4c129.o(RESET)
 <LI><a href="#[81]">ADC1_InterruptHandler</a> from hardware.o(.text.ADC1_InterruptHandler) referenced 2 times from hardware.o(.text.ConfigurarOsciloscopioBackground)
 <LI><a href="#[66]">AES_Handler</a> from startup_tm4c129.o(.text) referenced from startup_tm4c129.o(RESET)
 <LI><a href="#[4]">BusFault_Handler</a> from startup_tm4c129.o(.text) referenced from startup_tm4c129.o(RESET)
 <LI><a href="#[30]">CAN0_Handler</a> from startup_tm4c129.o(.text) referenced from startup_tm4c129.o(RESET)
 <LI><a href="#[31]">CAN1_Handler</a> from startup_tm4c129.o(.text) referenced from startup_tm4c129.o(RESET)
 <LI><a href="#[23]">COMP0_Handler</a> from startup_tm4c129.o(.text) referenced from startup_tm4c129.o(RESET)
 <LI><a href="#[24]">COMP1_Handler</a> from startup_tm4c129.o(.text) referenced from startup_tm4c129.o(RESET)
 <LI><a href="#[25]">COMP2_Handler</a> from startup_tm4c129.o(.text) referenced from startup_tm4c129.o(RESET)
 <LI><a href="#[8c]">Crystalfontz128x128_ColorTranslate</a> from crystalfontz128x128_st7735.o(.text.Crystalfontz128x128_ColorTranslate) referenced from crystalfontz128x128_st7735.o(.rodata.g_sCrystalfontz128x128)
 <LI><a href="#[8d]">Crystalfontz128x128_Flush</a> from crystalfontz128x128_st7735.o(.text.Crystalfontz128x128_Flush) referenced from crystalfontz128x128_st7735.o(.rodata.g_sCrystalfontz128x128)
 <LI><a href="#[89]">Crystalfontz128x128_LineDrawH</a> from crystalfontz128x128_st7735.o(.text.Crystalfontz128x128_LineDrawH) referenced from crystalfontz128x128_st7735.o(.rodata.g_sCrystalfontz128x128)
 <LI><a href="#[8a]">Crystalfontz128x128_LineDrawV</a> from crystalfontz128x128_st7735.o(.text.Crystalfontz128x128_LineDrawV) referenced from crystalfontz128x128_st7735.o(.rodata.g_sCrystalfontz128x128)
 <LI><a href="#[87]">Crystalfontz128x128_PixelDraw</a> from crystalfontz128x128_st7735.o(.text.Crystalfontz128x128_PixelDraw) referenced from crystalfontz128x128_st7735.o(.rodata.g_sCrystalfontz128x128)
 <LI><a href="#[88]">Crystalfontz128x128_PixelDrawMultiple</a> from crystalfontz128x128_st7735.o(.text.Crystalfontz128x128_PixelDrawMultiple) referenced from crystalfontz128x128_st7735.o(.rodata.g_sCrystalfontz128x128)
 <LI><a href="#[8b]">Crystalfontz128x128_RectFill</a> from crystalfontz128x128_st7735.o(.text.Crystalfontz128x128_RectFill) referenced from crystalfontz128x128_st7735.o(.rodata.g_sCrystalfontz128x128)
 <LI><a href="#[67]">DES3DES_Handler</a> from startup_tm4c129.o(.text) referenced from startup_tm4c129.o(RESET)
 <LI><a href="#[7]">DebugMon_Handler</a> from startup_tm4c129.o(.text) referenced from startup_tm4c129.o(RESET)
 <LI><a href="#[3c]">EBI0_Handler</a> from startup_tm4c129.o(.text) referenced from startup_tm4c129.o(RESET)
 <LI><a href="#[32]">ETH_Handler</a> from startup_tm4c129.o(.text) referenced from startup_tm4c129.o(RESET)
 <LI><a href="#[27]">FLASH_Handler</a> from startup_tm4c129.o(.text) referenced from startup_tm4c129.o(RESET)
 <LI><a href="#[4d]">FPU_Handler</a> from startup_tm4c129.o(.text) referenced from startup_tm4c129.o(RESET)
 <LI><a href="#[a]">GPIOA_Handler</a> from startup_tm4c129.o(.text) referenced from startup_tm4c129.o(RESET)
 <LI><a href="#[b]">GPIOB_Handler</a> from startup_tm4c129.o(.text) referenced from startup_tm4c129.o(RESET)
 <LI><a href="#[c]">GPIOC_Handler</a> from startup_tm4c129.o(.text) referenced from startup_tm4c129.o(RESET)
 <LI><a href="#[80]">GPIOC_InterruptHandler</a> from hardware.o(.text.GPIOC_InterruptHandler) referenced 2 times from hardware.o(.text.ConfigurarADC0)
 <LI><a href="#[d]">GPIOD_Handler</a> from startup_tm4c129.o(.text) referenced from startup_tm4c129.o(RESET)
 <LI><a href="#[e]">GPIOE_Handler</a> from startup_tm4c129.o(.text) referenced from startup_tm4c129.o(RESET)
 <LI><a href="#[28]">GPIOF_Handler</a> from startup_tm4c129.o(.text) referenced from startup_tm4c129.o(RESET)
 <LI><a href="#[29]">GPIOG_Handler</a> from startup_tm4c129.o(.text) referenced from startup_tm4c129.o(RESET)
 <LI><a href="#[2a]">GPIOH_Handler</a> from startup_tm4c129.o(.text) referenced from startup_tm4c129.o(RESET)
 <LI><a href="#[3d]">GPIOJ_Handler</a> from startup_tm4c129.o(.text) referenced from startup_tm4c129.o(RESET)
 <LI><a href="#[3e]">GPIOK_Handler</a> from startup_tm4c129.o(.text) referenced from startup_tm4c129.o(RESET)
 <LI><a href="#[3f]">GPIOL_Handler</a> from startup_tm4c129.o(.text) referenced from startup_tm4c129.o(RESET)
 <LI><a href="#[50]">GPIOM_Handler</a> from startup_tm4c129.o(.text) referenced from startup_tm4c129.o(RESET)
 <LI><a href="#[51]">GPION_Handler</a> from startup_tm4c129.o(.text) referenced from startup_tm4c129.o(RESET)
 <LI><a href="#[53]">GPIOP0_Handler</a> from startup_tm4c129.o(.text) referenced from startup_tm4c129.o(RESET)
 <LI><a href="#[54]">GPIOP1_Handler</a> from startup_tm4c129.o(.text) referenced from startup_tm4c129.o(RESET)
 <LI><a href="#[55]">GPIOP2_Handler</a> from startup_tm4c129.o(.text) referenced from startup_tm4c129.o(RESET)
 <LI><a href="#[56]">GPIOP3_Handler</a> from startup_tm4c129.o(.text) referenced from startup_tm4c129.o(RESET)
 <LI><a href="#[57]">GPIOP4_Handler</a> from startup_tm4c129.o(.text) referenced from startup_tm4c129.o(RESET)
 <LI><a href="#[58]">GPIOP5_Handler</a> from startup_tm4c129.o(.text) referenced from startup_tm4c129.o(RESET)
 <LI><a href="#[59]">GPIOP6_Handler</a> from startup_tm4c129.o(.text) referenced from startup_tm4c129.o(RESET)
 <LI><a href="#[5a]">GPIOP7_Handler</a> from startup_tm4c129.o(.text) referenced from startup_tm4c129.o(RESET)
 <LI><a href="#[5b]">GPIOQ0_Handler</a> from startup_tm4c129.o(.text) referenced from startup_tm4c129.o(RESET)
 <LI><a href="#[5c]">GPIOQ1_Handler</a> from startup_tm4c129.o(.text) referenced from startup_tm4c129.o(RESET)
 <LI><a href="#[5d]">GPIOQ2_Handler</a> from startup_tm4c129.o(.text) referenced from startup_tm4c129.o(RESET)
 <LI><a href="#[5e]">GPIOQ3_Handler</a> from startup_tm4c129.o(.text) referenced from startup_tm4c129.o(RESET)
 <LI><a href="#[5f]">GPIOQ4_Handler</a> from startup_tm4c129.o(.text) referenced from startup_tm4c129.o(RESET)
 <LI><a href="#[60]">GPIOQ5_Handler</a> from startup_tm4c129.o(.text) referenced from startup_tm4c129.o(RESET)
 <LI><a href="#[61]">GPIOQ6_Handler</a> from startup_tm4c129.o(.text) referenced from startup_tm4c129.o(RESET)
 <LI><a href="#[62]">GPIOQ7_Handler</a> from startup_tm4c129.o(.text) referenced from startup_tm4c129.o(RESET)
 <LI><a href="#[63]">GPIOR_Handler</a> from startup_tm4c129.o(.text) referenced from startup_tm4c129.o(RESET)
 <LI><a href="#[64]">GPIOS_Handler</a> from startup_tm4c129.o(.text) referenced from startup_tm4c129.o(RESET)
 <LI><a href="#[76]">GPIOT_Handler</a> from startup_tm4c129.o(.text) referenced from startup_tm4c129.o(RESET)
 <LI><a href="#[85]">GrDefaultStringRenderer</a> from string.o(i.GrDefaultStringRenderer) referenced from context.o(i.GrContextInit)
 <LI><a href="#[86]">GrMapISO8859_1_Unicode</a> from charmap.o(i.GrMapISO8859_1_Unicode) referenced 2 times from context.o(.constdata)
 <LI><a href="#[33]">HIB_Handler</a> from startup_tm4c129.o(.text) referenced from startup_tm4c129.o(RESET)
 <LI><a href="#[73]">HIMCONSUMERIR_Handler</a> from startup_tm4c129.o(.text) referenced from startup_tm4c129.o(RESET)
 <LI><a href="#[72]">HIMLEDSEQUENCER_Handler</a> from startup_tm4c129.o(.text) referenced from startup_tm4c129.o(RESET)
 <LI><a href="#[71]">HIMPS2_Handler</a> from startup_tm4c129.o(.text) referenced from startup_tm4c129.o(RESET)
 <LI><a href="#[6f]">HIMSCANKEYBOARD_Handler</a> from startup_tm4c129.o(.text) referenced from startup_tm4c129.o(RESET)
 <LI><a href="#[2]">HardFault_Handler</a> from startup_tm4c129.o(.text) referenced from startup_tm4c129.o(RESET)
 <LI><a href="#[12]">I2C0_Handler</a> from startup_tm4c129.o(.text) referenced from startup_tm4c129.o(RESET)
 <LI><a href="#[2f]">I2C1_Handler</a> from startup_tm4c129.o(.text) referenced from startup_tm4c129.o(RESET)
 <LI><a href="#[47]">I2C2_Handler</a> from startup_tm4c129.o(.text) referenced from startup_tm4c129.o(RESET)
 <LI><a href="#[48]">I2C3_Handler</a> from startup_tm4c129.o(.text) referenced from startup_tm4c129.o(RESET)
 <LI><a href="#[4e]">I2C4_Handler</a> from startup_tm4c129.o(.text) referenced from startup_tm4c129.o(RESET)
 <LI><a href="#[4f]">I2C5_Handler</a> from startup_tm4c129.o(.text) referenced from startup_tm4c129.o(RESET)
 <LI><a href="#[6d]">I2C6_Handler</a> from startup_tm4c129.o(.text) referenced from startup_tm4c129.o(RESET)
 <LI><a href="#[6e]">I2C7_Handler</a> from startup_tm4c129.o(.text) referenced from startup_tm4c129.o(RESET)
 <LI><a href="#[74]">I2C8_Handler</a> from startup_tm4c129.o(.text) referenced from startup_tm4c129.o(RESET)
 <LI><a href="#[75]">I2C9_Handler</a> from startup_tm4c129.o(.text) referenced from startup_tm4c129.o(RESET)
 <LI><a href="#[68]">LCDCONTROLLER_Handler</a> from startup_tm4c129.o(.text) referenced from startup_tm4c129.o(RESET)
 <LI><a href="#[3]">MemManage_Handler</a> from startup_tm4c129.o(.text) referenced from startup_tm4c129.o(RESET)
 <LI><a href="#[1]">NMI_Handler</a> from startup_tm4c129.o(.text) referenced from startup_tm4c129.o(RESET)
 <LI><a href="#[70]">ONEWIRE_Handler</a> from startup_tm4c129.o(.text) referenced from startup_tm4c129.o(RESET)
 <LI><a href="#[13]">PMW0_FAULT_Handler</a> from startup_tm4c129.o(.text) referenced from startup_tm4c129.o(RESET)
 <LI><a href="#[14]">PWM0_0_Handler</a> from startup_tm4c129.o(.text) referenced from startup_tm4c129.o(RESET)
 <LI><a href="#[15]">PWM0_1_Handler</a> from startup_tm4c129.o(.text) referenced from startup_tm4c129.o(RESET)
 <LI><a href="#[16]">PWM0_2_Handler</a> from startup_tm4c129.o(.text) referenced from startup_tm4c129.o(RESET)
 <LI><a href="#[35]">PWM0_3_Handler</a> from startup_tm4c129.o(.text) referenced from startup_tm4c129.o(RESET)
 <LI><a href="#[17]">QEI0_Handler</a> from startup_tm4c129.o(.text) referenced from startup_tm4c129.o(RESET)
 <LI><a href="#[0]">Reset_Handler</a> from startup_tm4c129.o(.text) referenced from startup_tm4c129.o(RESET)
 <LI><a href="#[65]">SHAMD5_Handler</a> from startup_tm4c129.o(.text) referenced from startup_tm4c129.o(RESET)
 <LI><a href="#[11]">SSI0_Handler</a> from startup_tm4c129.o(.text) referenced from startup_tm4c129.o(RESET)
 <LI><a href="#[2c]">SSI1_Handler</a> from startup_tm4c129.o(.text) referenced from startup_tm4c129.o(RESET)
 <LI><a href="#[40]">SSI2_Handler</a> from startup_tm4c129.o(.text) referenced from startup_tm4c129.o(RESET)
 <LI><a href="#[41]">SSI3_Handler</a> from startup_tm4c129.o(.text) referenced from startup_tm4c129.o(RESET)
 <LI><a href="#[6]">SVC_Handler</a> from startup_tm4c129.o(.text) referenced from startup_tm4c129.o(RESET)
 <LI><a href="#[26]">SYSCTL_Handler</a> from startup_tm4c129.o(.text) referenced from startup_tm4c129.o(RESET)
 <LI><a href="#[77]">SystemInit</a> from system_tm4c129.o(.text.SystemInit) referenced from startup_tm4c129.o(.text)
 <LI><a href="#[52]">TAMPER_Handler</a> from startup_tm4c129.o(.text) referenced from startup_tm4c129.o(RESET)
 <LI><a href="#[1d]">TIMER0A_Handler</a> from startup_tm4c129.o(.text) referenced from startup_tm4c129.o(RESET)
 <LI><a href="#[1e]">TIMER0B_Handler</a> from startup_tm4c129.o(.text) referenced from startup_tm4c129.o(RESET)
 <LI><a href="#[1f]">TIMER1A_Handler</a> from startup_tm4c129.o(.text) referenced from startup_tm4c129.o(RESET)
 <LI><a href="#[20]">TIMER1B_Handler</a> from startup_tm4c129.o(.text) referenced from startup_tm4c129.o(RESET)
 <LI><a href="#[21]">TIMER2A_Handler</a> from startup_tm4c129.o(.text) referenced from startup_tm4c129.o(RESET)
 <LI><a href="#[22]">TIMER2B_Handler</a> from startup_tm4c129.o(.text) referenced from startup_tm4c129.o(RESET)
 <LI><a href="#[2d]">TIMER3A_Handler</a> from startup_tm4c129.o(.text) referenced from startup_tm4c129.o(RESET)
 <LI><a href="#[2e]">TIMER3B_Handler</a> from startup_tm4c129.o(.text) referenced from startup_tm4c129.o(RESET)
 <LI><a href="#[49]">TIMER4A_Handler</a> from startup_tm4c129.o(.text) referenced from startup_tm4c129.o(RESET)
 <LI><a href="#[4a]">TIMER4B_Handler</a> from startup_tm4c129.o(.text) referenced from startup_tm4c129.o(RESET)
 <LI><a href="#[4b]">TIMER5A_Handler</a> from startup_tm4c129.o(.text) referenced from startup_tm4c129.o(RESET)
 <LI><a href="#[4c]">TIMER5B_Handler</a> from startup_tm4c129.o(.text) referenced from startup_tm4c129.o(RESET)
 <LI><a href="#[69]">TIMER6A_Handler</a> from startup_tm4c129.o(.text) referenced from startup_tm4c129.o(RESET)
 <LI><a href="#[6a]">TIMER6B_Handler</a> from startup_tm4c129.o(.text) referenced from startup_tm4c129.o(RESET)
 <LI><a href="#[6b]">TIMER7A_Handler</a> from startup_tm4c129.o(.text) referenced from startup_tm4c129.o(RESET)
 <LI><a href="#[6c]">TIMER7B_Handler</a> from startup_tm4c129.o(.text) referenced from startup_tm4c129.o(RESET)
 <LI><a href="#[82]">Timer1A_Handler</a> from hardware.o(.text.Timer1A_Handler) referenced 2 times from hardware.o(.text.ConfigurarTimer1A)
 <LI><a href="#[f]">UART0_Handler</a> from startup_tm4c129.o(.text) referenced from startup_tm4c129.o(RESET)
 <LI><a href="#[10]">UART1_Handler</a> from startup_tm4c129.o(.text) referenced from startup_tm4c129.o(RESET)
 <LI><a href="#[2b]">UART2_Handler</a> from startup_tm4c129.o(.text) referenced from startup_tm4c129.o(RESET)
 <LI><a href="#[42]">UART3_Handler</a> from startup_tm4c129.o(.text) referenced from startup_tm4c129.o(RESET)
 <LI><a href="#[43]">UART4_Handler</a> from startup_tm4c129.o(.text) referenced from startup_tm4c129.o(RESET)
 <LI><a href="#[44]">UART5_Handler</a> from startup_tm4c129.o(.text) referenced from startup_tm4c129.o(RESET)
 <LI><a href="#[45]">UART6_Handler</a> from startup_tm4c129.o(.text) referenced from startup_tm4c129.o(RESET)
 <LI><a href="#[46]">UART7_Handler</a> from startup_tm4c129.o(.text) referenced from startup_tm4c129.o(RESET)
 <LI><a href="#[37]">UDMAERR_Handler</a> from startup_tm4c129.o(.text) referenced from startup_tm4c129.o(RESET)
 <LI><a href="#[36]">UDMA_Handler</a> from startup_tm4c129.o(.text) referenced from startup_tm4c129.o(RESET)
 <LI><a href="#[34]">USB0_Handler</a> from startup_tm4c129.o(.text) referenced from startup_tm4c129.o(RESET)
 <LI><a href="#[5]">UsageFault_Handler</a> from startup_tm4c129.o(.text) referenced from startup_tm4c129.o(RESET)
 <LI><a href="#[1c]">WDT0_Handler</a> from startup_tm4c129.o(.text) referenced from startup_tm4c129.o(RESET)
 <LI><a href="#[78]">__main</a> from __main.o(!!!main) referenced from startup_tm4c129.o(.text)
 <LI><a href="#[8]">__tx_PendSVHandler</a> from tx_thread_schedule.o(.text) referenced from startup_tm4c129.o(RESET)
 <LI><a href="#[9]">__tx_SysTickHandler</a> from tx_initialize_low_level.o(.text) referenced from startup_tm4c129.o(RESET)
 <LI><a href="#[79]">_tx_byte_pool_cleanup</a> from tx_byte_pool_cleanup.o(.text) referenced 4 times from tx_byte_allocate.o(.text)
 <LI><a href="#[7a]">_tx_event_flags_cleanup</a> from tx_event_flags_cleanup.o(.text) referenced 4 times from tx_event_flags_get.o(.text)
 <LI><a href="#[7c]">_tx_mutex_cleanup</a> from tx_mutex_cleanup.o(.text) referenced 4 times from tx_mutex_get.o(.text)
 <LI><a href="#[7b]">_tx_mutex_thread_release</a> from tx_mutex_cleanup.o(.text) referenced 2 times from tx_mutex_create.o(.text)
 <LI><a href="#[7e]">_tx_thread_shell_entry</a> from tx_thread_shell_entry.o(.text) referenced 2 times from tx_thread_create.o(.text)
 <LI><a href="#[7d]">_tx_thread_timeout</a> from tx_thread_timeout.o(.text) referenced 2 times from tx_thread_create.o(.text)
 <LI><a href="#[7f]">_tx_timer_thread_entry</a> from tx_timer_thread_entry.o(.text) referenced 2 times from tx_timer_initialize.o(.text)
 <LI><a href="#[83]">thread_0_entry</a> from main.o(.text.thread_0_entry) referenced 2 times from main.o(.text.tx_application_define)
 <LI><a href="#[84]">thread_1_entry</a> from main.o(.text.thread_1_entry) referenced 2 times from main.o(.text.tx_application_define)
</UL>
<P>
<H3>
Global Symbols
</H3>
<P><STRONG><a name="[78]"></a>__main</STRONG> (Thumb, 8 bytes, Stack size 0 bytes, __main.o(!!!main))
<BR><BR>[Calls]<UL><LI><a href="#[9c]">&gt;&gt;</a>&nbsp;&nbsp;&nbsp;__scatterload
<LI><a href="#[9d]">&gt;&gt;</a>&nbsp;&nbsp;&nbsp;__rt_entry
</UL>
<BR>[Address Reference Count : 1]<UL><LI> startup_tm4c129.o(.text)
</UL>
<P><STRONG><a name="[9c]"></a>__scatterload</STRONG> (Thumb, 0 bytes, Stack size unknown bytes, __scatter.o(!!!scatter))
<BR><BR>[Called By]<UL><LI><a href="#[78]">&gt;&gt;</a>&nbsp;&nbsp;&nbsp;__main
</UL>

<P><STRONG><a name="[9e]"></a>__scatterload_rt2</STRONG> (Thumb, 84 bytes, Stack size unknown bytes, __scatter.o(!!!scatter), UNUSED)
<BR><BR>[Calls]<UL><LI><a href="#[9d]">&gt;&gt;</a>&nbsp;&nbsp;&nbsp;__rt_entry
</UL>

<P><STRONG><a name="[11e]"></a>__scatterload_rt2_thumb_only</STRONG> (Thumb, 0 bytes, Stack size unknown bytes, __scatter.o(!!!scatter), UNUSED)

<P><STRONG><a name="[11f]"></a>__scatterload_loop</STRONG> (Thumb, 0 bytes, Stack size unknown bytes, __scatter.o(!!!scatter), UNUSED)

<P><STRONG><a name="[120]"></a>__decompress</STRONG> (Thumb, 58 bytes, Stack size unknown bytes, __dczerorl.o(!!dczerorl), UNUSED)

<P><STRONG><a name="[121]"></a>__decompress0</STRONG> (Thumb, 0 bytes, Stack size unknown bytes, __dczerorl.o(!!dczerorl), UNUSED)

<P><STRONG><a name="[122]"></a>__scatterload_null</STRONG> (Thumb, 2 bytes, Stack size unknown bytes, __scatter.o(!!handler_null), UNUSED)

<P><STRONG><a name="[123]"></a>__scatterload_zeroinit</STRONG> (Thumb, 28 bytes, Stack size unknown bytes, __scatter_zi.o(!!handler_zi), UNUSED)

<P><STRONG><a name="[a4]"></a>__rt_lib_init</STRONG> (Thumb, 0 bytes, Stack size unknown bytes, libinit.o(.ARM.Collect$$libinit$$00000000))
<BR><BR>[Called By]<UL><LI><a href="#[a3]">&gt;&gt;</a>&nbsp;&nbsp;&nbsp;__rt_entry_li
</UL>

<P><STRONG><a name="[9f]"></a>__rt_lib_init_fp_1</STRONG> (Thumb, 0 bytes, Stack size unknown bytes, libinit2.o(.ARM.Collect$$libinit$$00000001))
<BR><BR>[Calls]<UL><LI><a href="#[a0]">&gt;&gt;</a>&nbsp;&nbsp;&nbsp;_fp_init
</UL>

<P><STRONG><a name="[124]"></a>__rt_lib_init_alloca_1</STRONG> (Thumb, 0 bytes, Stack size unknown bytes, libinit2.o(.ARM.Collect$$libinit$$00000030))

<P><STRONG><a name="[125]"></a>__rt_lib_init_argv_1</STRONG> (Thumb, 0 bytes, Stack size unknown bytes, libinit2.o(.ARM.Collect$$libinit$$0000002E))

<P><STRONG><a name="[126]"></a>__rt_lib_init_atexit_1</STRONG> (Thumb, 0 bytes, Stack size unknown bytes, libinit2.o(.ARM.Collect$$libinit$$0000001D))

<P><STRONG><a name="[127]"></a>__rt_lib_init_clock_1</STRONG> (Thumb, 0 bytes, Stack size unknown bytes, libinit2.o(.ARM.Collect$$libinit$$00000023))

<P><STRONG><a name="[128]"></a>__rt_lib_init_cpp_1</STRONG> (Thumb, 0 bytes, Stack size unknown bytes, libinit2.o(.ARM.Collect$$libinit$$00000034))

<P><STRONG><a name="[129]"></a>__rt_lib_init_exceptions_1</STRONG> (Thumb, 0 bytes, Stack size unknown bytes, libinit2.o(.ARM.Collect$$libinit$$00000032))

<P><STRONG><a name="[12a]"></a>__rt_lib_init_fp_trap_1</STRONG> (Thumb, 0 bytes, Stack size unknown bytes, libinit2.o(.ARM.Collect$$libinit$$00000021))

<P><STRONG><a name="[12b]"></a>__rt_lib_init_getenv_1</STRONG> (Thumb, 0 bytes, Stack size unknown bytes, libinit2.o(.ARM.Collect$$libinit$$00000025))

<P><STRONG><a name="[12c]"></a>__rt_lib_init_heap_1</STRONG> (Thumb, 0 bytes, Stack size unknown bytes, libinit2.o(.ARM.Collect$$libinit$$0000000C))

<P><STRONG><a name="[12d]"></a>__rt_lib_init_lc_collate_1</STRONG> (Thumb, 0 bytes, Stack size unknown bytes, libinit2.o(.ARM.Collect$$libinit$$00000013))

<P><STRONG><a name="[12e]"></a>__rt_lib_init_lc_ctype_1</STRONG> (Thumb, 0 bytes, Stack size unknown bytes, libinit2.o(.ARM.Collect$$libinit$$00000015))

<P><STRONG><a name="[12f]"></a>__rt_lib_init_lc_monetary_1</STRONG> (Thumb, 0 bytes, Stack size unknown bytes, libinit2.o(.ARM.Collect$$libinit$$00000017))

<P><STRONG><a name="[130]"></a>__rt_lib_init_lc_numeric_1</STRONG> (Thumb, 0 bytes, Stack size unknown bytes, libinit2.o(.ARM.Collect$$libinit$$00000019))

<P><STRONG><a name="[131]"></a>__rt_lib_init_lc_time_1</STRONG> (Thumb, 0 bytes, Stack size unknown bytes, libinit2.o(.ARM.Collect$$libinit$$0000001B))

<P><STRONG><a name="[132]"></a>__rt_lib_init_preinit_1</STRONG> (Thumb, 0 bytes, Stack size unknown bytes, libinit2.o(.ARM.Collect$$libinit$$00000006))

<P><STRONG><a name="[133]"></a>__rt_lib_init_rand_1</STRONG> (Thumb, 0 bytes, Stack size unknown bytes, libinit2.o(.ARM.Collect$$libinit$$00000010))

<P><STRONG><a name="[134]"></a>__rt_lib_init_relocate_pie_1</STRONG> (Thumb, 0 bytes, Stack size unknown bytes, libinit2.o(.ARM.Collect$$libinit$$00000004))

<P><STRONG><a name="[135]"></a>__rt_lib_init_return</STRONG> (Thumb, 0 bytes, Stack size unknown bytes, libinit2.o(.ARM.Collect$$libinit$$00000035))

<P><STRONG><a name="[136]"></a>__rt_lib_init_signal_1</STRONG> (Thumb, 0 bytes, Stack size unknown bytes, libinit2.o(.ARM.Collect$$libinit$$0000001F))

<P><STRONG><a name="[137]"></a>__rt_lib_init_stdio_1</STRONG> (Thumb, 0 bytes, Stack size unknown bytes, libinit2.o(.ARM.Collect$$libinit$$00000027))

<P><STRONG><a name="[138]"></a>__rt_lib_init_user_alloc_1</STRONG> (Thumb, 0 bytes, Stack size unknown bytes, libinit2.o(.ARM.Collect$$libinit$$0000000E))

<P><STRONG><a name="[a9]"></a>__rt_lib_shutdown</STRONG> (Thumb, 0 bytes, Stack size unknown bytes, libshutdown.o(.ARM.Collect$$libshutdown$$00000000))
<BR><BR>[Called By]<UL><LI><a href="#[a8]">&gt;&gt;</a>&nbsp;&nbsp;&nbsp;__rt_exit_ls
</UL>

<P><STRONG><a name="[139]"></a>__rt_lib_shutdown_cpp_1</STRONG> (Thumb, 0 bytes, Stack size unknown bytes, libshutdown2.o(.ARM.Collect$$libshutdown$$00000002))

<P><STRONG><a name="[13a]"></a>__rt_lib_shutdown_fp_trap_1</STRONG> (Thumb, 0 bytes, Stack size unknown bytes, libshutdown2.o(.ARM.Collect$$libshutdown$$00000007))

<P><STRONG><a name="[13b]"></a>__rt_lib_shutdown_heap_1</STRONG> (Thumb, 0 bytes, Stack size unknown bytes, libshutdown2.o(.ARM.Collect$$libshutdown$$0000000F))

<P><STRONG><a name="[13c]"></a>__rt_lib_shutdown_return</STRONG> (Thumb, 0 bytes, Stack size unknown bytes, libshutdown2.o(.ARM.Collect$$libshutdown$$00000010))

<P><STRONG><a name="[13d]"></a>__rt_lib_shutdown_signal_1</STRONG> (Thumb, 0 bytes, Stack size unknown bytes, libshutdown2.o(.ARM.Collect$$libshutdown$$0000000A))

<P><STRONG><a name="[13e]"></a>__rt_lib_shutdown_stdio_1</STRONG> (Thumb, 0 bytes, Stack size unknown bytes, libshutdown2.o(.ARM.Collect$$libshutdown$$00000004))

<P><STRONG><a name="[13f]"></a>__rt_lib_shutdown_user_alloc_1</STRONG> (Thumb, 0 bytes, Stack size unknown bytes, libshutdown2.o(.ARM.Collect$$libshutdown$$0000000C))

<P><STRONG><a name="[9d]"></a>__rt_entry</STRONG> (Thumb, 0 bytes, Stack size unknown bytes, __rtentry.o(.ARM.Collect$$rtentry$$00000000))
<BR><BR>[Called By]<UL><LI><a href="#[9e]">&gt;&gt;</a>&nbsp;&nbsp;&nbsp;__scatterload_rt2
<LI><a href="#[78]">&gt;&gt;</a>&nbsp;&nbsp;&nbsp;__main
</UL>

<P><STRONG><a name="[140]"></a>__rt_entry_presh_1</STRONG> (Thumb, 0 bytes, Stack size unknown bytes, __rtentry2.o(.ARM.Collect$$rtentry$$00000002))

<P><STRONG><a name="[a1]"></a>__rt_entry_sh</STRONG> (Thumb, 0 bytes, Stack size unknown bytes, __rtentry4.o(.ARM.Collect$$rtentry$$00000004))
<BR><BR>[Stack]<UL><LI>Max Depth = 8 + Unknown Stack Size
<LI>Call Chain = __rt_entry_sh &rArr; __user_setup_stackheap
</UL>
<BR>[Calls]<UL><LI><a href="#[a2]">&gt;&gt;</a>&nbsp;&nbsp;&nbsp;__user_setup_stackheap
</UL>

<P><STRONG><a name="[a3]"></a>__rt_entry_li</STRONG> (Thumb, 0 bytes, Stack size unknown bytes, __rtentry2.o(.ARM.Collect$$rtentry$$0000000A))
<BR><BR>[Calls]<UL><LI><a href="#[a4]">&gt;&gt;</a>&nbsp;&nbsp;&nbsp;__rt_lib_init
</UL>

<P><STRONG><a name="[141]"></a>__rt_entry_postsh_1</STRONG> (Thumb, 0 bytes, Stack size unknown bytes, __rtentry2.o(.ARM.Collect$$rtentry$$00000009))

<P><STRONG><a name="[a5]"></a>__rt_entry_main</STRONG> (Thumb, 0 bytes, Stack size unknown bytes, __rtentry2.o(.ARM.Collect$$rtentry$$0000000D))
<BR><BR>[Stack]<UL><LI>Max Depth = 176 + Unknown Stack Size
<LI>Call Chain = __rt_entry_main &rArr; main &rArr; _tx_initialize_kernel_enter &rArr; tx_application_define &rArr; _txe_thread_create &rArr; _tx_thread_create &rArr; _tx_thread_system_resume
</UL>
<BR>[Calls]<UL><LI><a href="#[a6]">&gt;&gt;</a>&nbsp;&nbsp;&nbsp;main
<LI><a href="#[a7]">&gt;&gt;</a>&nbsp;&nbsp;&nbsp;exit
</UL>

<P><STRONG><a name="[142]"></a>__rt_entry_postli_1</STRONG> (Thumb, 0 bytes, Stack size unknown bytes, __rtentry2.o(.ARM.Collect$$rtentry$$0000000C))

<P><STRONG><a name="[d8]"></a>__rt_exit</STRONG> (Thumb, 0 bytes, Stack size unknown bytes, rtexit.o(.ARM.Collect$$rtexit$$00000000))
<BR><BR>[Called By]<UL><LI><a href="#[a7]">&gt;&gt;</a>&nbsp;&nbsp;&nbsp;exit
</UL>

<P><STRONG><a name="[a8]"></a>__rt_exit_ls</STRONG> (Thumb, 0 bytes, Stack size unknown bytes, rtexit2.o(.ARM.Collect$$rtexit$$00000003))
<BR><BR>[Calls]<UL><LI><a href="#[a9]">&gt;&gt;</a>&nbsp;&nbsp;&nbsp;__rt_lib_shutdown
</UL>

<P><STRONG><a name="[143]"></a>__rt_exit_prels_1</STRONG> (Thumb, 0 bytes, Stack size unknown bytes, rtexit2.o(.ARM.Collect$$rtexit$$00000002))

<P><STRONG><a name="[aa]"></a>__rt_exit_exit</STRONG> (Thumb, 0 bytes, Stack size unknown bytes, rtexit2.o(.ARM.Collect$$rtexit$$00000004))
<BR><BR>[Calls]<UL><LI><a href="#[ab]">&gt;&gt;</a>&nbsp;&nbsp;&nbsp;_sys_exit
</UL>

<P><STRONG><a name="[ac]"></a>SysCtlDelay</STRONG> (Thumb, 6 bytes, Stack size 0 bytes, sysctl.o(.emb_text))
<BR><BR>[Calls]<UL><LI><a href="#[ac]">&gt;&gt;</a>&nbsp;&nbsp;&nbsp;SysCtlDelay
</UL>
<BR>[Called By]<UL><LI><a href="#[ac]">&gt;&gt;</a>&nbsp;&nbsp;&nbsp;SysCtlDelay
<LI><a href="#[fb]">&gt;&gt;</a>&nbsp;&nbsp;&nbsp;HAL_LCD_SpiInit
<LI><a href="#[f9]">&gt;&gt;</a>&nbsp;&nbsp;&nbsp;Crystalfontz128x128_Init
</UL>

<P><STRONG><a name="[0]"></a>Reset_Handler</STRONG> (Thumb, 8 bytes, Stack size 0 bytes, startup_tm4c129.o(.text))
<BR>[Address Reference Count : 1]<UL><LI> startup_tm4c129.o(RESET)
</UL>
<P><STRONG><a name="[1]"></a>NMI_Handler</STRONG> (Thumb, 2 bytes, Stack size 0 bytes, startup_tm4c129.o(.text))
<BR><BR>[Calls]<UL><LI><a href="#[1]">&gt;&gt;</a>&nbsp;&nbsp;&nbsp;NMI_Handler
</UL>
<BR>[Called By]<UL><LI><a href="#[1]">&gt;&gt;</a>&nbsp;&nbsp;&nbsp;NMI_Handler
</UL>
<BR>[Address Reference Count : 1]<UL><LI> startup_tm4c129.o(RESET)
</UL>
<P><STRONG><a name="[2]"></a>HardFault_Handler</STRONG> (Thumb, 2 bytes, Stack size 0 bytes, startup_tm4c129.o(.text))
<BR><BR>[Calls]<UL><LI><a href="#[2]">&gt;&gt;</a>&nbsp;&nbsp;&nbsp;HardFault_Handler
</UL>
<BR>[Called By]<UL><LI><a href="#[2]">&gt;&gt;</a>&nbsp;&nbsp;&nbsp;HardFault_Handler
</UL>
<BR>[Address Reference Count : 1]<UL><LI> startup_tm4c129.o(RESET)
</UL>
<P><STRONG><a name="[3]"></a>MemManage_Handler</STRONG> (Thumb, 2 bytes, Stack size 0 bytes, startup_tm4c129.o(.text))
<BR><BR>[Calls]<UL><LI><a href="#[3]">&gt;&gt;</a>&nbsp;&nbsp;&nbsp;MemManage_Handler
</UL>
<BR>[Called By]<UL><LI><a href="#[3]">&gt;&gt;</a>&nbsp;&nbsp;&nbsp;MemManage_Handler
</UL>
<BR>[Address Reference Count : 1]<UL><LI> startup_tm4c129.o(RESET)
</UL>
<P><STRONG><a name="[4]"></a>BusFault_Handler</STRONG> (Thumb, 2 bytes, Stack size 0 bytes, startup_tm4c129.o(.text))
<BR><BR>[Calls]<UL><LI><a href="#[4]">&gt;&gt;</a>&nbsp;&nbsp;&nbsp;BusFault_Handler
</UL>
<BR>[Called By]<UL><LI><a href="#[4]">&gt;&gt;</a>&nbsp;&nbsp;&nbsp;BusFault_Handler
</UL>
<BR>[Address Reference Count : 1]<UL><LI> startup_tm4c129.o(RESET)
</UL>
<P><STRONG><a name="[5]"></a>UsageFault_Handler</STRONG> (Thumb, 2 bytes, Stack size 0 bytes, startup_tm4c129.o(.text))
<BR><BR>[Calls]<UL><LI><a href="#[5]">&gt;&gt;</a>&nbsp;&nbsp;&nbsp;UsageFault_Handler
</UL>
<BR>[Called By]<UL><LI><a href="#[5]">&gt;&gt;</a>&nbsp;&nbsp;&nbsp;UsageFault_Handler
</UL>
<BR>[Address Reference Count : 1]<UL><LI> startup_tm4c129.o(RESET)
</UL>
<P><STRONG><a name="[6]"></a>SVC_Handler</STRONG> (Thumb, 2 bytes, Stack size 0 bytes, startup_tm4c129.o(.text))
<BR><BR>[Calls]<UL><LI><a href="#[6]">&gt;&gt;</a>&nbsp;&nbsp;&nbsp;SVC_Handler
</UL>
<BR>[Called By]<UL><LI><a href="#[6]">&gt;&gt;</a>&nbsp;&nbsp;&nbsp;SVC_Handler
</UL>
<BR>[Address Reference Count : 1]<UL><LI> startup_tm4c129.o(RESET)
</UL>
<P><STRONG><a name="[7]"></a>DebugMon_Handler</STRONG> (Thumb, 2 bytes, Stack size 0 bytes, startup_tm4c129.o(.text))
<BR><BR>[Calls]<UL><LI><a href="#[7]">&gt;&gt;</a>&nbsp;&nbsp;&nbsp;DebugMon_Handler
</UL>
<BR>[Called By]<UL><LI><a href="#[7]">&gt;&gt;</a>&nbsp;&nbsp;&nbsp;DebugMon_Handler
</UL>
<BR>[Address Reference Count : 1]<UL><LI> startup_tm4c129.o(RESET)
</UL>
<P><STRONG><a name="[8f]"></a>SysTick_Handler</STRONG> (Thumb, 2 bytes, Stack size 0 bytes, startup_tm4c129.o(.text), UNUSED, KEPT)
<BR><BR>[Calls]<UL><LI><a href="#[8f]">&gt;&gt;</a>&nbsp;&nbsp;&nbsp;SysTick_Handler
</UL>
<BR>[Called By]<UL><LI><a href="#[8f]">&gt;&gt;</a>&nbsp;&nbsp;&nbsp;SysTick_Handler
</UL>

<P><STRONG><a name="[a]"></a>GPIOA_Handler</STRONG> (Thumb, 2 bytes, Stack size 0 bytes, startup_tm4c129.o(.text))
<BR><BR>[Calls]<UL><LI><a href="#[a]">&gt;&gt;</a>&nbsp;&nbsp;&nbsp;GPIOA_Handler
</UL>
<BR>[Called By]<UL><LI><a href="#[a]">&gt;&gt;</a>&nbsp;&nbsp;&nbsp;GPIOA_Handler
</UL>
<BR>[Address Reference Count : 1]<UL><LI> startup_tm4c129.o(RESET)
</UL>
<P><STRONG><a name="[b]"></a>GPIOB_Handler</STRONG> (Thumb, 2 bytes, Stack size 0 bytes, startup_tm4c129.o(.text))
<BR><BR>[Calls]<UL><LI><a href="#[b]">&gt;&gt;</a>&nbsp;&nbsp;&nbsp;GPIOB_Handler
</UL>
<BR>[Called By]<UL><LI><a href="#[b]">&gt;&gt;</a>&nbsp;&nbsp;&nbsp;GPIOB_Handler
</UL>
<BR>[Address Reference Count : 1]<UL><LI> startup_tm4c129.o(RESET)
</UL>
<P><STRONG><a name="[c]"></a>GPIOC_Handler</STRONG> (Thumb, 2 bytes, Stack size 0 bytes, startup_tm4c129.o(.text))
<BR><BR>[Calls]<UL><LI><a href="#[c]">&gt;&gt;</a>&nbsp;&nbsp;&nbsp;GPIOC_Handler
</UL>
<BR>[Called By]<UL><LI><a href="#[c]">&gt;&gt;</a>&nbsp;&nbsp;&nbsp;GPIOC_Handler
</UL>
<BR>[Address Reference Count : 1]<UL><LI> startup_tm4c129.o(RESET)
</UL>
<P><STRONG><a name="[d]"></a>GPIOD_Handler</STRONG> (Thumb, 2 bytes, Stack size 0 bytes, startup_tm4c129.o(.text))
<BR><BR>[Calls]<UL><LI><a href="#[d]">&gt;&gt;</a>&nbsp;&nbsp;&nbsp;GPIOD_Handler
</UL>
<BR>[Called By]<UL><LI><a href="#[d]">&gt;&gt;</a>&nbsp;&nbsp;&nbsp;GPIOD_Handler
</UL>
<BR>[Address Reference Count : 1]<UL><LI> startup_tm4c129.o(RESET)
</UL>
<P><STRONG><a name="[e]"></a>GPIOE_Handler</STRONG> (Thumb, 2 bytes, Stack size 0 bytes, startup_tm4c129.o(.text))
<BR><BR>[Calls]<UL><LI><a href="#[e]">&gt;&gt;</a>&nbsp;&nbsp;&nbsp;GPIOE_Handler
</UL>
<BR>[Called By]<UL><LI><a href="#[e]">&gt;&gt;</a>&nbsp;&nbsp;&nbsp;GPIOE_Handler
</UL>
<BR>[Address Reference Count : 1]<UL><LI> startup_tm4c129.o(RESET)
</UL>
<P><STRONG><a name="[f]"></a>UART0_Handler</STRONG> (Thumb, 2 bytes, Stack size 0 bytes, startup_tm4c129.o(.text))
<BR><BR>[Calls]<UL><LI><a href="#[f]">&gt;&gt;</a>&nbsp;&nbsp;&nbsp;UART0_Handler
</UL>
<BR>[Called By]<UL><LI><a href="#[f]">&gt;&gt;</a>&nbsp;&nbsp;&nbsp;UART0_Handler
</UL>
<BR>[Address Reference Count : 1]<UL><LI> startup_tm4c129.o(RESET)
</UL>
<P><STRONG><a name="[10]"></a>UART1_Handler</STRONG> (Thumb, 2 bytes, Stack size 0 bytes, startup_tm4c129.o(.text))
<BR><BR>[Calls]<UL><LI><a href="#[10]">&gt;&gt;</a>&nbsp;&nbsp;&nbsp;UART1_Handler
</UL>
<BR>[Called By]<UL><LI><a href="#[10]">&gt;&gt;</a>&nbsp;&nbsp;&nbsp;UART1_Handler
</UL>
<BR>[Address Reference Count : 1]<UL><LI> startup_tm4c129.o(RESET)
</UL>
<P><STRONG><a name="[11]"></a>SSI0_Handler</STRONG> (Thumb, 2 bytes, Stack size 0 bytes, startup_tm4c129.o(.text))
<BR><BR>[Calls]<UL><LI><a href="#[11]">&gt;&gt;</a>&nbsp;&nbsp;&nbsp;SSI0_Handler
</UL>
<BR>[Called By]<UL><LI><a href="#[11]">&gt;&gt;</a>&nbsp;&nbsp;&nbsp;SSI0_Handler
</UL>
<BR>[Address Reference Count : 1]<UL><LI> startup_tm4c129.o(RESET)
</UL>
<P><STRONG><a name="[12]"></a>I2C0_Handler</STRONG> (Thumb, 2 bytes, Stack size 0 bytes, startup_tm4c129.o(.text))
<BR><BR>[Calls]<UL><LI><a href="#[12]">&gt;&gt;</a>&nbsp;&nbsp;&nbsp;I2C0_Handler
</UL>
<BR>[Called By]<UL><LI><a href="#[12]">&gt;&gt;</a>&nbsp;&nbsp;&nbsp;I2C0_Handler
</UL>
<BR>[Address Reference Count : 1]<UL><LI> startup_tm4c129.o(RESET)
</UL>
<P><STRONG><a name="[13]"></a>PMW0_FAULT_Handler</STRONG> (Thumb, 2 bytes, Stack size 0 bytes, startup_tm4c129.o(.text))
<BR><BR>[Calls]<UL><LI><a href="#[13]">&gt;&gt;</a>&nbsp;&nbsp;&nbsp;PMW0_FAULT_Handler
</UL>
<BR>[Called By]<UL><LI><a href="#[13]">&gt;&gt;</a>&nbsp;&nbsp;&nbsp;PMW0_FAULT_Handler
</UL>
<BR>[Address Reference Count : 1]<UL><LI> startup_tm4c129.o(RESET)
</UL>
<P><STRONG><a name="[14]"></a>PWM0_0_Handler</STRONG> (Thumb, 2 bytes, Stack size 0 bytes, startup_tm4c129.o(.text))
<BR><BR>[Calls]<UL><LI><a href="#[14]">&gt;&gt;</a>&nbsp;&nbsp;&nbsp;PWM0_0_Handler
</UL>
<BR>[Called By]<UL><LI><a href="#[14]">&gt;&gt;</a>&nbsp;&nbsp;&nbsp;PWM0_0_Handler
</UL>
<BR>[Address Reference Count : 1]<UL><LI> startup_tm4c129.o(RESET)
</UL>
<P><STRONG><a name="[15]"></a>PWM0_1_Handler</STRONG> (Thumb, 2 bytes, Stack size 0 bytes, startup_tm4c129.o(.text))
<BR><BR>[Calls]<UL><LI><a href="#[15]">&gt;&gt;</a>&nbsp;&nbsp;&nbsp;PWM0_1_Handler
</UL>
<BR>[Called By]<UL><LI><a href="#[15]">&gt;&gt;</a>&nbsp;&nbsp;&nbsp;PWM0_1_Handler
</UL>
<BR>[Address Reference Count : 1]<UL><LI> startup_tm4c129.o(RESET)
</UL>
<P><STRONG><a name="[16]"></a>PWM0_2_Handler</STRONG> (Thumb, 2 bytes, Stack size 0 bytes, startup_tm4c129.o(.text))
<BR><BR>[Calls]<UL><LI><a href="#[16]">&gt;&gt;</a>&nbsp;&nbsp;&nbsp;PWM0_2_Handler
</UL>
<BR>[Called By]<UL><LI><a href="#[16]">&gt;&gt;</a>&nbsp;&nbsp;&nbsp;PWM0_2_Handler
</UL>
<BR>[Address Reference Count : 1]<UL><LI> startup_tm4c129.o(RESET)
</UL>
<P><STRONG><a name="[17]"></a>QEI0_Handler</STRONG> (Thumb, 2 bytes, Stack size 0 bytes, startup_tm4c129.o(.text))
<BR><BR>[Calls]<UL><LI><a href="#[17]">&gt;&gt;</a>&nbsp;&nbsp;&nbsp;QEI0_Handler
</UL>
<BR>[Called By]<UL><LI><a href="#[17]">&gt;&gt;</a>&nbsp;&nbsp;&nbsp;QEI0_Handler
</UL>
<BR>[Address Reference Count : 1]<UL><LI> startup_tm4c129.o(RESET)
</UL>
<P><STRONG><a name="[18]"></a>ADC0SS0_Handler</STRONG> (Thumb, 2 bytes, Stack size 0 bytes, startup_tm4c129.o(.text))
<BR><BR>[Calls]<UL><LI><a href="#[18]">&gt;&gt;</a>&nbsp;&nbsp;&nbsp;ADC0SS0_Handler
</UL>
<BR>[Called By]<UL><LI><a href="#[18]">&gt;&gt;</a>&nbsp;&nbsp;&nbsp;ADC0SS0_Handler
</UL>
<BR>[Address Reference Count : 1]<UL><LI> startup_tm4c129.o(RESET)
</UL>
<P><STRONG><a name="[19]"></a>ADC0SS1_Handler</STRONG> (Thumb, 2 bytes, Stack size 0 bytes, startup_tm4c129.o(.text))
<BR><BR>[Calls]<UL><LI><a href="#[19]">&gt;&gt;</a>&nbsp;&nbsp;&nbsp;ADC0SS1_Handler
</UL>
<BR>[Called By]<UL><LI><a href="#[19]">&gt;&gt;</a>&nbsp;&nbsp;&nbsp;ADC0SS1_Handler
</UL>
<BR>[Address Reference Count : 1]<UL><LI> startup_tm4c129.o(RESET)
</UL>
<P><STRONG><a name="[1a]"></a>ADC0SS2_Handler</STRONG> (Thumb, 2 bytes, Stack size 0 bytes, startup_tm4c129.o(.text))
<BR><BR>[Calls]<UL><LI><a href="#[1a]">&gt;&gt;</a>&nbsp;&nbsp;&nbsp;ADC0SS2_Handler
</UL>
<BR>[Called By]<UL><LI><a href="#[1a]">&gt;&gt;</a>&nbsp;&nbsp;&nbsp;ADC0SS2_Handler
</UL>
<BR>[Address Reference Count : 1]<UL><LI> startup_tm4c129.o(RESET)
</UL>
<P><STRONG><a name="[1b]"></a>ADC0SS3_Handler</STRONG> (Thumb, 2 bytes, Stack size 0 bytes, startup_tm4c129.o(.text))
<BR><BR>[Calls]<UL><LI><a href="#[1b]">&gt;&gt;</a>&nbsp;&nbsp;&nbsp;ADC0SS3_Handler
</UL>
<BR>[Called By]<UL><LI><a href="#[1b]">&gt;&gt;</a>&nbsp;&nbsp;&nbsp;ADC0SS3_Handler
</UL>
<BR>[Address Reference Count : 1]<UL><LI> startup_tm4c129.o(RESET)
</UL>
<P><STRONG><a name="[1c]"></a>WDT0_Handler</STRONG> (Thumb, 2 bytes, Stack size 0 bytes, startup_tm4c129.o(.text))
<BR><BR>[Calls]<UL><LI><a href="#[1c]">&gt;&gt;</a>&nbsp;&nbsp;&nbsp;WDT0_Handler
</UL>
<BR>[Called By]<UL><LI><a href="#[1c]">&gt;&gt;</a>&nbsp;&nbsp;&nbsp;WDT0_Handler
</UL>
<BR>[Address Reference Count : 1]<UL><LI> startup_tm4c129.o(RESET)
</UL>
<P><STRONG><a name="[1d]"></a>TIMER0A_Handler</STRONG> (Thumb, 2 bytes, Stack size 0 bytes, startup_tm4c129.o(.text))
<BR><BR>[Calls]<UL><LI><a href="#[1d]">&gt;&gt;</a>&nbsp;&nbsp;&nbsp;TIMER0A_Handler
</UL>
<BR>[Called By]<UL><LI><a href="#[1d]">&gt;&gt;</a>&nbsp;&nbsp;&nbsp;TIMER0A_Handler
</UL>
<BR>[Address Reference Count : 1]<UL><LI> startup_tm4c129.o(RESET)
</UL>
<P><STRONG><a name="[1e]"></a>TIMER0B_Handler</STRONG> (Thumb, 2 bytes, Stack size 0 bytes, startup_tm4c129.o(.text))
<BR><BR>[Calls]<UL><LI><a href="#[1e]">&gt;&gt;</a>&nbsp;&nbsp;&nbsp;TIMER0B_Handler
</UL>
<BR>[Called By]<UL><LI><a href="#[1e]">&gt;&gt;</a>&nbsp;&nbsp;&nbsp;TIMER0B_Handler
</UL>
<BR>[Address Reference Count : 1]<UL><LI> startup_tm4c129.o(RESET)
</UL>
<P><STRONG><a name="[1f]"></a>TIMER1A_Handler</STRONG> (Thumb, 2 bytes, Stack size 0 bytes, startup_tm4c129.o(.text))
<BR><BR>[Calls]<UL><LI><a href="#[1f]">&gt;&gt;</a>&nbsp;&nbsp;&nbsp;TIMER1A_Handler
</UL>
<BR>[Called By]<UL><LI><a href="#[1f]">&gt;&gt;</a>&nbsp;&nbsp;&nbsp;TIMER1A_Handler
</UL>
<BR>[Address Reference Count : 1]<UL><LI> startup_tm4c129.o(RESET)
</UL>
<P><STRONG><a name="[20]"></a>TIMER1B_Handler</STRONG> (Thumb, 2 bytes, Stack size 0 bytes, startup_tm4c129.o(.text))
<BR><BR>[Calls]<UL><LI><a href="#[20]">&gt;&gt;</a>&nbsp;&nbsp;&nbsp;TIMER1B_Handler
</UL>
<BR>[Called By]<UL><LI><a href="#[20]">&gt;&gt;</a>&nbsp;&nbsp;&nbsp;TIMER1B_Handler
</UL>
<BR>[Address Reference Count : 1]<UL><LI> startup_tm4c129.o(RESET)
</UL>
<P><STRONG><a name="[21]"></a>TIMER2A_Handler</STRONG> (Thumb, 2 bytes, Stack size 0 bytes, startup_tm4c129.o(.text))
<BR><BR>[Calls]<UL><LI><a href="#[21]">&gt;&gt;</a>&nbsp;&nbsp;&nbsp;TIMER2A_Handler
</UL>
<BR>[Called By]<UL><LI><a href="#[21]">&gt;&gt;</a>&nbsp;&nbsp;&nbsp;TIMER2A_Handler
</UL>
<BR>[Address Reference Count : 1]<UL><LI> startup_tm4c129.o(RESET)
</UL>
<P><STRONG><a name="[22]"></a>TIMER2B_Handler</STRONG> (Thumb, 2 bytes, Stack size 0 bytes, startup_tm4c129.o(.text))
<BR><BR>[Calls]<UL><LI><a href="#[22]">&gt;&gt;</a>&nbsp;&nbsp;&nbsp;TIMER2B_Handler
</UL>
<BR>[Called By]<UL><LI><a href="#[22]">&gt;&gt;</a>&nbsp;&nbsp;&nbsp;TIMER2B_Handler
</UL>
<BR>[Address Reference Count : 1]<UL><LI> startup_tm4c129.o(RESET)
</UL>
<P><STRONG><a name="[23]"></a>COMP0_Handler</STRONG> (Thumb, 2 bytes, Stack size 0 bytes, startup_tm4c129.o(.text))
<BR><BR>[Calls]<UL><LI><a href="#[23]">&gt;&gt;</a>&nbsp;&nbsp;&nbsp;COMP0_Handler
</UL>
<BR>[Called By]<UL><LI><a href="#[23]">&gt;&gt;</a>&nbsp;&nbsp;&nbsp;COMP0_Handler
</UL>
<BR>[Address Reference Count : 1]<UL><LI> startup_tm4c129.o(RESET)
</UL>
<P><STRONG><a name="[24]"></a>COMP1_Handler</STRONG> (Thumb, 2 bytes, Stack size 0 bytes, startup_tm4c129.o(.text))
<BR><BR>[Calls]<UL><LI><a href="#[24]">&gt;&gt;</a>&nbsp;&nbsp;&nbsp;COMP1_Handler
</UL>
<BR>[Called By]<UL><LI><a href="#[24]">&gt;&gt;</a>&nbsp;&nbsp;&nbsp;COMP1_Handler
</UL>
<BR>[Address Reference Count : 1]<UL><LI> startup_tm4c129.o(RESET)
</UL>
<P><STRONG><a name="[25]"></a>COMP2_Handler</STRONG> (Thumb, 2 bytes, Stack size 0 bytes, startup_tm4c129.o(.text))
<BR><BR>[Calls]<UL><LI><a href="#[25]">&gt;&gt;</a>&nbsp;&nbsp;&nbsp;COMP2_Handler
</UL>
<BR>[Called By]<UL><LI><a href="#[25]">&gt;&gt;</a>&nbsp;&nbsp;&nbsp;COMP2_Handler
</UL>
<BR>[Address Reference Count : 1]<UL><LI> startup_tm4c129.o(RESET)
</UL>
<P><STRONG><a name="[26]"></a>SYSCTL_Handler</STRONG> (Thumb, 2 bytes, Stack size 0 bytes, startup_tm4c129.o(.text))
<BR><BR>[Calls]<UL><LI><a href="#[26]">&gt;&gt;</a>&nbsp;&nbsp;&nbsp;SYSCTL_Handler
</UL>
<BR>[Called By]<UL><LI><a href="#[26]">&gt;&gt;</a>&nbsp;&nbsp;&nbsp;SYSCTL_Handler
</UL>
<BR>[Address Reference Count : 1]<UL><LI> startup_tm4c129.o(RESET)
</UL>
<P><STRONG><a name="[27]"></a>FLASH_Handler</STRONG> (Thumb, 2 bytes, Stack size 0 bytes, startup_tm4c129.o(.text))
<BR><BR>[Calls]<UL><LI><a href="#[27]">&gt;&gt;</a>&nbsp;&nbsp;&nbsp;FLASH_Handler
</UL>
<BR>[Called By]<UL><LI><a href="#[27]">&gt;&gt;</a>&nbsp;&nbsp;&nbsp;FLASH_Handler
</UL>
<BR>[Address Reference Count : 1]<UL><LI> startup_tm4c129.o(RESET)
</UL>
<P><STRONG><a name="[28]"></a>GPIOF_Handler</STRONG> (Thumb, 2 bytes, Stack size 0 bytes, startup_tm4c129.o(.text))
<BR><BR>[Calls]<UL><LI><a href="#[28]">&gt;&gt;</a>&nbsp;&nbsp;&nbsp;GPIOF_Handler
</UL>
<BR>[Called By]<UL><LI><a href="#[28]">&gt;&gt;</a>&nbsp;&nbsp;&nbsp;GPIOF_Handler
</UL>
<BR>[Address Reference Count : 1]<UL><LI> startup_tm4c129.o(RESET)
</UL>
<P><STRONG><a name="[29]"></a>GPIOG_Handler</STRONG> (Thumb, 2 bytes, Stack size 0 bytes, startup_tm4c129.o(.text))
<BR><BR>[Calls]<UL><LI><a href="#[29]">&gt;&gt;</a>&nbsp;&nbsp;&nbsp;GPIOG_Handler
</UL>
<BR>[Called By]<UL><LI><a href="#[29]">&gt;&gt;</a>&nbsp;&nbsp;&nbsp;GPIOG_Handler
</UL>
<BR>[Address Reference Count : 1]<UL><LI> startup_tm4c129.o(RESET)
</UL>
<P><STRONG><a name="[2a]"></a>GPIOH_Handler</STRONG> (Thumb, 2 bytes, Stack size 0 bytes, startup_tm4c129.o(.text))
<BR><BR>[Calls]<UL><LI><a href="#[2a]">&gt;&gt;</a>&nbsp;&nbsp;&nbsp;GPIOH_Handler
</UL>
<BR>[Called By]<UL><LI><a href="#[2a]">&gt;&gt;</a>&nbsp;&nbsp;&nbsp;GPIOH_Handler
</UL>
<BR>[Address Reference Count : 1]<UL><LI> startup_tm4c129.o(RESET)
</UL>
<P><STRONG><a name="[2b]"></a>UART2_Handler</STRONG> (Thumb, 2 bytes, Stack size 0 bytes, startup_tm4c129.o(.text))
<BR><BR>[Calls]<UL><LI><a href="#[2b]">&gt;&gt;</a>&nbsp;&nbsp;&nbsp;UART2_Handler
</UL>
<BR>[Called By]<UL><LI><a href="#[2b]">&gt;&gt;</a>&nbsp;&nbsp;&nbsp;UART2_Handler
</UL>
<BR>[Address Reference Count : 1]<UL><LI> startup_tm4c129.o(RESET)
</UL>
<P><STRONG><a name="[2c]"></a>SSI1_Handler</STRONG> (Thumb, 2 bytes, Stack size 0 bytes, startup_tm4c129.o(.text))
<BR><BR>[Calls]<UL><LI><a href="#[2c]">&gt;&gt;</a>&nbsp;&nbsp;&nbsp;SSI1_Handler
</UL>
<BR>[Called By]<UL><LI><a href="#[2c]">&gt;&gt;</a>&nbsp;&nbsp;&nbsp;SSI1_Handler
</UL>
<BR>[Address Reference Count : 1]<UL><LI> startup_tm4c129.o(RESET)
</UL>
<P><STRONG><a name="[2d]"></a>TIMER3A_Handler</STRONG> (Thumb, 2 bytes, Stack size 0 bytes, startup_tm4c129.o(.text))
<BR><BR>[Calls]<UL><LI><a href="#[2d]">&gt;&gt;</a>&nbsp;&nbsp;&nbsp;TIMER3A_Handler
</UL>
<BR>[Called By]<UL><LI><a href="#[2d]">&gt;&gt;</a>&nbsp;&nbsp;&nbsp;TIMER3A_Handler
</UL>
<BR>[Address Reference Count : 1]<UL><LI> startup_tm4c129.o(RESET)
</UL>
<P><STRONG><a name="[2e]"></a>TIMER3B_Handler</STRONG> (Thumb, 2 bytes, Stack size 0 bytes, startup_tm4c129.o(.text))
<BR><BR>[Calls]<UL><LI><a href="#[2e]">&gt;&gt;</a>&nbsp;&nbsp;&nbsp;TIMER3B_Handler
</UL>
<BR>[Called By]<UL><LI><a href="#[2e]">&gt;&gt;</a>&nbsp;&nbsp;&nbsp;TIMER3B_Handler
</UL>
<BR>[Address Reference Count : 1]<UL><LI> startup_tm4c129.o(RESET)
</UL>
<P><STRONG><a name="[2f]"></a>I2C1_Handler</STRONG> (Thumb, 2 bytes, Stack size 0 bytes, startup_tm4c129.o(.text))
<BR><BR>[Calls]<UL><LI><a href="#[2f]">&gt;&gt;</a>&nbsp;&nbsp;&nbsp;I2C1_Handler
</UL>
<BR>[Called By]<UL><LI><a href="#[2f]">&gt;&gt;</a>&nbsp;&nbsp;&nbsp;I2C1_Handler
</UL>
<BR>[Address Reference Count : 1]<UL><LI> startup_tm4c129.o(RESET)
</UL>
<P><STRONG><a name="[30]"></a>CAN0_Handler</STRONG> (Thumb, 2 bytes, Stack size 0 bytes, startup_tm4c129.o(.text))
<BR><BR>[Calls]<UL><LI><a href="#[30]">&gt;&gt;</a>&nbsp;&nbsp;&nbsp;CAN0_Handler
</UL>
<BR>[Called By]<UL><LI><a href="#[30]">&gt;&gt;</a>&nbsp;&nbsp;&nbsp;CAN0_Handler
</UL>
<BR>[Address Reference Count : 1]<UL><LI> startup_tm4c129.o(RESET)
</UL>
<P><STRONG><a name="[31]"></a>CAN1_Handler</STRONG> (Thumb, 2 bytes, Stack size 0 bytes, startup_tm4c129.o(.text))
<BR><BR>[Calls]<UL><LI><a href="#[31]">&gt;&gt;</a>&nbsp;&nbsp;&nbsp;CAN1_Handler
</UL>
<BR>[Called By]<UL><LI><a href="#[31]">&gt;&gt;</a>&nbsp;&nbsp;&nbsp;CAN1_Handler
</UL>
<BR>[Address Reference Count : 1]<UL><LI> startup_tm4c129.o(RESET)
</UL>
<P><STRONG><a name="[32]"></a>ETH_Handler</STRONG> (Thumb, 2 bytes, Stack size 0 bytes, startup_tm4c129.o(.text))
<BR><BR>[Calls]<UL><LI><a href="#[32]">&gt;&gt;</a>&nbsp;&nbsp;&nbsp;ETH_Handler
</UL>
<BR>[Called By]<UL><LI><a href="#[32]">&gt;&gt;</a>&nbsp;&nbsp;&nbsp;ETH_Handler
</UL>
<BR>[Address Reference Count : 1]<UL><LI> startup_tm4c129.o(RESET)
</UL>
<P><STRONG><a name="[33]"></a>HIB_Handler</STRONG> (Thumb, 2 bytes, Stack size 0 bytes, startup_tm4c129.o(.text))
<BR><BR>[Calls]<UL><LI><a href="#[33]">&gt;&gt;</a>&nbsp;&nbsp;&nbsp;HIB_Handler
</UL>
<BR>[Called By]<UL><LI><a href="#[33]">&gt;&gt;</a>&nbsp;&nbsp;&nbsp;HIB_Handler
</UL>
<BR>[Address Reference Count : 1]<UL><LI> startup_tm4c129.o(RESET)
</UL>
<P><STRONG><a name="[34]"></a>USB0_Handler</STRONG> (Thumb, 2 bytes, Stack size 0 bytes, startup_tm4c129.o(.text))
<BR><BR>[Calls]<UL><LI><a href="#[34]">&gt;&gt;</a>&nbsp;&nbsp;&nbsp;USB0_Handler
</UL>
<BR>[Called By]<UL><LI><a href="#[34]">&gt;&gt;</a>&nbsp;&nbsp;&nbsp;USB0_Handler
</UL>
<BR>[Address Reference Count : 1]<UL><LI> startup_tm4c129.o(RESET)
</UL>
<P><STRONG><a name="[35]"></a>PWM0_3_Handler</STRONG> (Thumb, 2 bytes, Stack size 0 bytes, startup_tm4c129.o(.text))
<BR><BR>[Calls]<UL><LI><a href="#[35]">&gt;&gt;</a>&nbsp;&nbsp;&nbsp;PWM0_3_Handler
</UL>
<BR>[Called By]<UL><LI><a href="#[35]">&gt;&gt;</a>&nbsp;&nbsp;&nbsp;PWM0_3_Handler
</UL>
<BR>[Address Reference Count : 1]<UL><LI> startup_tm4c129.o(RESET)
</UL>
<P><STRONG><a name="[36]"></a>UDMA_Handler</STRONG> (Thumb, 2 bytes, Stack size 0 bytes, startup_tm4c129.o(.text))
<BR><BR>[Calls]<UL><LI><a href="#[36]">&gt;&gt;</a>&nbsp;&nbsp;&nbsp;UDMA_Handler
</UL>
<BR>[Called By]<UL><LI><a href="#[36]">&gt;&gt;</a>&nbsp;&nbsp;&nbsp;UDMA_Handler
</UL>
<BR>[Address Reference Count : 1]<UL><LI> startup_tm4c129.o(RESET)
</UL>
<P><STRONG><a name="[37]"></a>UDMAERR_Handler</STRONG> (Thumb, 2 bytes, Stack size 0 bytes, startup_tm4c129.o(.text))
<BR><BR>[Calls]<UL><LI><a href="#[37]">&gt;&gt;</a>&nbsp;&nbsp;&nbsp;UDMAERR_Handler
</UL>
<BR>[Called By]<UL><LI><a href="#[37]">&gt;&gt;</a>&nbsp;&nbsp;&nbsp;UDMAERR_Handler
</UL>
<BR>[Address Reference Count : 1]<UL><LI> startup_tm4c129.o(RESET)
</UL>
<P><STRONG><a name="[38]"></a>ADC1SS0_Handler</STRONG> (Thumb, 2 bytes, Stack size 0 bytes, startup_tm4c129.o(.text))
<BR><BR>[Calls]<UL><LI><a href="#[38]">&gt;&gt;</a>&nbsp;&nbsp;&nbsp;ADC1SS0_Handler
</UL>
<BR>[Called By]<UL><LI><a href="#[38]">&gt;&gt;</a>&nbsp;&nbsp;&nbsp;ADC1SS0_Handler
</UL>
<BR>[Address Reference Count : 1]<UL><LI> startup_tm4c129.o(RESET)
</UL>
<P><STRONG><a name="[39]"></a>ADC1SS1_Handler</STRONG> (Thumb, 2 bytes, Stack size 0 bytes, startup_tm4c129.o(.text))
<BR><BR>[Calls]<UL><LI><a href="#[39]">&gt;&gt;</a>&nbsp;&nbsp;&nbsp;ADC1SS1_Handler
</UL>
<BR>[Called By]<UL><LI><a href="#[39]">&gt;&gt;</a>&nbsp;&nbsp;&nbsp;ADC1SS1_Handler
</UL>
<BR>[Address Reference Count : 1]<UL><LI> startup_tm4c129.o(RESET)
</UL>
<P><STRONG><a name="[3a]"></a>ADC1SS2_Handler</STRONG> (Thumb, 2 bytes, Stack size 0 bytes, startup_tm4c129.o(.text))
<BR><BR>[Calls]<UL><LI><a href="#[3a]">&gt;&gt;</a>&nbsp;&nbsp;&nbsp;ADC1SS2_Handler
</UL>
<BR>[Called By]<UL><LI><a href="#[3a]">&gt;&gt;</a>&nbsp;&nbsp;&nbsp;ADC1SS2_Handler
</UL>
<BR>[Address Reference Count : 1]<UL><LI> startup_tm4c129.o(RESET)
</UL>
<P><STRONG><a name="[3b]"></a>ADC1SS3_Handler</STRONG> (Thumb, 2 bytes, Stack size 0 bytes, startup_tm4c129.o(.text))
<BR><BR>[Calls]<UL><LI><a href="#[3b]">&gt;&gt;</a>&nbsp;&nbsp;&nbsp;ADC1SS3_Handler
</UL>
<BR>[Called By]<UL><LI><a href="#[3b]">&gt;&gt;</a>&nbsp;&nbsp;&nbsp;ADC1SS3_Handler
</UL>
<BR>[Address Reference Count : 1]<UL><LI> startup_tm4c129.o(RESET)
</UL>
<P><STRONG><a name="[3c]"></a>EBI0_Handler</STRONG> (Thumb, 2 bytes, Stack size 0 bytes, startup_tm4c129.o(.text))
<BR><BR>[Calls]<UL><LI><a href="#[3c]">&gt;&gt;</a>&nbsp;&nbsp;&nbsp;EBI0_Handler
</UL>
<BR>[Called By]<UL><LI><a href="#[3c]">&gt;&gt;</a>&nbsp;&nbsp;&nbsp;EBI0_Handler
</UL>
<BR>[Address Reference Count : 1]<UL><LI> startup_tm4c129.o(RESET)
</UL>
<P><STRONG><a name="[3d]"></a>GPIOJ_Handler</STRONG> (Thumb, 2 bytes, Stack size 0 bytes, startup_tm4c129.o(.text))
<BR><BR>[Calls]<UL><LI><a href="#[3d]">&gt;&gt;</a>&nbsp;&nbsp;&nbsp;GPIOJ_Handler
</UL>
<BR>[Called By]<UL><LI><a href="#[3d]">&gt;&gt;</a>&nbsp;&nbsp;&nbsp;GPIOJ_Handler
</UL>
<BR>[Address Reference Count : 1]<UL><LI> startup_tm4c129.o(RESET)
</UL>
<P><STRONG><a name="[3e]"></a>GPIOK_Handler</STRONG> (Thumb, 2 bytes, Stack size 0 bytes, startup_tm4c129.o(.text))
<BR><BR>[Calls]<UL><LI><a href="#[3e]">&gt;&gt;</a>&nbsp;&nbsp;&nbsp;GPIOK_Handler
</UL>
<BR>[Called By]<UL><LI><a href="#[3e]">&gt;&gt;</a>&nbsp;&nbsp;&nbsp;GPIOK_Handler
</UL>
<BR>[Address Reference Count : 1]<UL><LI> startup_tm4c129.o(RESET)
</UL>
<P><STRONG><a name="[3f]"></a>GPIOL_Handler</STRONG> (Thumb, 2 bytes, Stack size 0 bytes, startup_tm4c129.o(.text))
<BR><BR>[Calls]<UL><LI><a href="#[3f]">&gt;&gt;</a>&nbsp;&nbsp;&nbsp;GPIOL_Handler
</UL>
<BR>[Called By]<UL><LI><a href="#[3f]">&gt;&gt;</a>&nbsp;&nbsp;&nbsp;GPIOL_Handler
</UL>
<BR>[Address Reference Count : 1]<UL><LI> startup_tm4c129.o(RESET)
</UL>
<P><STRONG><a name="[40]"></a>SSI2_Handler</STRONG> (Thumb, 2 bytes, Stack size 0 bytes, startup_tm4c129.o(.text))
<BR><BR>[Calls]<UL><LI><a href="#[40]">&gt;&gt;</a>&nbsp;&nbsp;&nbsp;SSI2_Handler
</UL>
<BR>[Called By]<UL><LI><a href="#[40]">&gt;&gt;</a>&nbsp;&nbsp;&nbsp;SSI2_Handler
</UL>
<BR>[Address Reference Count : 1]<UL><LI> startup_tm4c129.o(RESET)
</UL>
<P><STRONG><a name="[41]"></a>SSI3_Handler</STRONG> (Thumb, 2 bytes, Stack size 0 bytes, startup_tm4c129.o(.text))
<BR><BR>[Calls]<UL><LI><a href="#[41]">&gt;&gt;</a>&nbsp;&nbsp;&nbsp;SSI3_Handler
</UL>
<BR>[Called By]<UL><LI><a href="#[41]">&gt;&gt;</a>&nbsp;&nbsp;&nbsp;SSI3_Handler
</UL>
<BR>[Address Reference Count : 1]<UL><LI> startup_tm4c129.o(RESET)
</UL>
<P><STRONG><a name="[42]"></a>UART3_Handler</STRONG> (Thumb, 2 bytes, Stack size 0 bytes, startup_tm4c129.o(.text))
<BR><BR>[Calls]<UL><LI><a href="#[42]">&gt;&gt;</a>&nbsp;&nbsp;&nbsp;UART3_Handler
</UL>
<BR>[Called By]<UL><LI><a href="#[42]">&gt;&gt;</a>&nbsp;&nbsp;&nbsp;UART3_Handler
</UL>
<BR>[Address Reference Count : 1]<UL><LI> startup_tm4c129.o(RESET)
</UL>
<P><STRONG><a name="[43]"></a>UART4_Handler</STRONG> (Thumb, 2 bytes, Stack size 0 bytes, startup_tm4c129.o(.text))
<BR><BR>[Calls]<UL><LI><a href="#[43]">&gt;&gt;</a>&nbsp;&nbsp;&nbsp;UART4_Handler
</UL>
<BR>[Called By]<UL><LI><a href="#[43]">&gt;&gt;</a>&nbsp;&nbsp;&nbsp;UART4_Handler
</UL>
<BR>[Address Reference Count : 1]<UL><LI> startup_tm4c129.o(RESET)
</UL>
<P><STRONG><a name="[44]"></a>UART5_Handler</STRONG> (Thumb, 2 bytes, Stack size 0 bytes, startup_tm4c129.o(.text))
<BR><BR>[Calls]<UL><LI><a href="#[44]">&gt;&gt;</a>&nbsp;&nbsp;&nbsp;UART5_Handler
</UL>
<BR>[Called By]<UL><LI><a href="#[44]">&gt;&gt;</a>&nbsp;&nbsp;&nbsp;UART5_Handler
</UL>
<BR>[Address Reference Count : 1]<UL><LI> startup_tm4c129.o(RESET)
</UL>
<P><STRONG><a name="[45]"></a>UART6_Handler</STRONG> (Thumb, 2 bytes, Stack size 0 bytes, startup_tm4c129.o(.text))
<BR><BR>[Calls]<UL><LI><a href="#[45]">&gt;&gt;</a>&nbsp;&nbsp;&nbsp;UART6_Handler
</UL>
<BR>[Called By]<UL><LI><a href="#[45]">&gt;&gt;</a>&nbsp;&nbsp;&nbsp;UART6_Handler
</UL>
<BR>[Address Reference Count : 1]<UL><LI> startup_tm4c129.o(RESET)
</UL>
<P><STRONG><a name="[46]"></a>UART7_Handler</STRONG> (Thumb, 2 bytes, Stack size 0 bytes, startup_tm4c129.o(.text))
<BR><BR>[Calls]<UL><LI><a href="#[46]">&gt;&gt;</a>&nbsp;&nbsp;&nbsp;UART7_Handler
</UL>
<BR>[Called By]<UL><LI><a href="#[46]">&gt;&gt;</a>&nbsp;&nbsp;&nbsp;UART7_Handler
</UL>
<BR>[Address Reference Count : 1]<UL><LI> startup_tm4c129.o(RESET)
</UL>
<P><STRONG><a name="[47]"></a>I2C2_Handler</STRONG> (Thumb, 2 bytes, Stack size 0 bytes, startup_tm4c129.o(.text))
<BR><BR>[Calls]<UL><LI><a href="#[47]">&gt;&gt;</a>&nbsp;&nbsp;&nbsp;I2C2_Handler
</UL>
<BR>[Called By]<UL><LI><a href="#[47]">&gt;&gt;</a>&nbsp;&nbsp;&nbsp;I2C2_Handler
</UL>
<BR>[Address Reference Count : 1]<UL><LI> startup_tm4c129.o(RESET)
</UL>
<P><STRONG><a name="[48]"></a>I2C3_Handler</STRONG> (Thumb, 2 bytes, Stack size 0 bytes, startup_tm4c129.o(.text))
<BR><BR>[Calls]<UL><LI><a href="#[48]">&gt;&gt;</a>&nbsp;&nbsp;&nbsp;I2C3_Handler
</UL>
<BR>[Called By]<UL><LI><a href="#[48]">&gt;&gt;</a>&nbsp;&nbsp;&nbsp;I2C3_Handler
</UL>
<BR>[Address Reference Count : 1]<UL><LI> startup_tm4c129.o(RESET)
</UL>
<P><STRONG><a name="[49]"></a>TIMER4A_Handler</STRONG> (Thumb, 2 bytes, Stack size 0 bytes, startup_tm4c129.o(.text))
<BR><BR>[Calls]<UL><LI><a href="#[49]">&gt;&gt;</a>&nbsp;&nbsp;&nbsp;TIMER4A_Handler
</UL>
<BR>[Called By]<UL><LI><a href="#[49]">&gt;&gt;</a>&nbsp;&nbsp;&nbsp;TIMER4A_Handler
</UL>
<BR>[Address Reference Count : 1]<UL><LI> startup_tm4c129.o(RESET)
</UL>
<P><STRONG><a name="[4a]"></a>TIMER4B_Handler</STRONG> (Thumb, 2 bytes, Stack size 0 bytes, startup_tm4c129.o(.text))
<BR><BR>[Calls]<UL><LI><a href="#[4a]">&gt;&gt;</a>&nbsp;&nbsp;&nbsp;TIMER4B_Handler
</UL>
<BR>[Called By]<UL><LI><a href="#[4a]">&gt;&gt;</a>&nbsp;&nbsp;&nbsp;TIMER4B_Handler
</UL>
<BR>[Address Reference Count : 1]<UL><LI> startup_tm4c129.o(RESET)
</UL>
<P><STRONG><a name="[4b]"></a>TIMER5A_Handler</STRONG> (Thumb, 2 bytes, Stack size 0 bytes, startup_tm4c129.o(.text))
<BR><BR>[Calls]<UL><LI><a href="#[4b]">&gt;&gt;</a>&nbsp;&nbsp;&nbsp;TIMER5A_Handler
</UL>
<BR>[Called By]<UL><LI><a href="#[4b]">&gt;&gt;</a>&nbsp;&nbsp;&nbsp;TIMER5A_Handler
</UL>
<BR>[Address Reference Count : 1]<UL><LI> startup_tm4c129.o(RESET)
</UL>
<P><STRONG><a name="[4c]"></a>TIMER5B_Handler</STRONG> (Thumb, 2 bytes, Stack size 0 bytes, startup_tm4c129.o(.text))
<BR><BR>[Calls]<UL><LI><a href="#[4c]">&gt;&gt;</a>&nbsp;&nbsp;&nbsp;TIMER5B_Handler
</UL>
<BR>[Called By]<UL><LI><a href="#[4c]">&gt;&gt;</a>&nbsp;&nbsp;&nbsp;TIMER5B_Handler
</UL>
<BR>[Address Reference Count : 1]<UL><LI> startup_tm4c129.o(RESET)
</UL>
<P><STRONG><a name="[90]"></a>WTIMER0A_Handler</STRONG> (Thumb, 2 bytes, Stack size 0 bytes, startup_tm4c129.o(.text), UNUSED, KEPT)
<BR><BR>[Calls]<UL><LI><a href="#[90]">&gt;&gt;</a>&nbsp;&nbsp;&nbsp;WTIMER0A_Handler
</UL>
<BR>[Called By]<UL><LI><a href="#[90]">&gt;&gt;</a>&nbsp;&nbsp;&nbsp;WTIMER0A_Handler
</UL>

<P><STRONG><a name="[91]"></a>WTIMER0B_Handler</STRONG> (Thumb, 2 bytes, Stack size 0 bytes, startup_tm4c129.o(.text), UNUSED, KEPT)
<BR><BR>[Calls]<UL><LI><a href="#[91]">&gt;&gt;</a>&nbsp;&nbsp;&nbsp;WTIMER0B_Handler
</UL>
<BR>[Called By]<UL><LI><a href="#[91]">&gt;&gt;</a>&nbsp;&nbsp;&nbsp;WTIMER0B_Handler
</UL>

<P><STRONG><a name="[92]"></a>WTIMER1A_Handler</STRONG> (Thumb, 2 bytes, Stack size 0 bytes, startup_tm4c129.o(.text), UNUSED, KEPT)
<BR><BR>[Calls]<UL><LI><a href="#[92]">&gt;&gt;</a>&nbsp;&nbsp;&nbsp;WTIMER1A_Handler
</UL>
<BR>[Called By]<UL><LI><a href="#[92]">&gt;&gt;</a>&nbsp;&nbsp;&nbsp;WTIMER1A_Handler
</UL>

<P><STRONG><a name="[93]"></a>WTIMER1B_Handler</STRONG> (Thumb, 2 bytes, Stack size 0 bytes, startup_tm4c129.o(.text), UNUSED, KEPT)
<BR><BR>[Calls]<UL><LI><a href="#[93]">&gt;&gt;</a>&nbsp;&nbsp;&nbsp;WTIMER1B_Handler
</UL>
<BR>[Called By]<UL><LI><a href="#[93]">&gt;&gt;</a>&nbsp;&nbsp;&nbsp;WTIMER1B_Handler
</UL>

<P><STRONG><a name="[94]"></a>WTIMER2A_Handler</STRONG> (Thumb, 2 bytes, Stack size 0 bytes, startup_tm4c129.o(.text), UNUSED, KEPT)
<BR><BR>[Calls]<UL><LI><a href="#[94]">&gt;&gt;</a>&nbsp;&nbsp;&nbsp;WTIMER2A_Handler
</UL>
<BR>[Called By]<UL><LI><a href="#[94]">&gt;&gt;</a>&nbsp;&nbsp;&nbsp;WTIMER2A_Handler
</UL>

<P><STRONG><a name="[95]"></a>WTIMER2B_Handler</STRONG> (Thumb, 2 bytes, Stack size 0 bytes, startup_tm4c129.o(.text), UNUSED, KEPT)
<BR><BR>[Calls]<UL><LI><a href="#[95]">&gt;&gt;</a>&nbsp;&nbsp;&nbsp;WTIMER2B_Handler
</UL>
<BR>[Called By]<UL><LI><a href="#[95]">&gt;&gt;</a>&nbsp;&nbsp;&nbsp;WTIMER2B_Handler
</UL>

<P><STRONG><a name="[96]"></a>WTIMER3A_Handler</STRONG> (Thumb, 2 bytes, Stack size 0 bytes, startup_tm4c129.o(.text), UNUSED, KEPT)
<BR><BR>[Calls]<UL><LI><a href="#[96]">&gt;&gt;</a>&nbsp;&nbsp;&nbsp;WTIMER3A_Handler
</UL>
<BR>[Called By]<UL><LI><a href="#[96]">&gt;&gt;</a>&nbsp;&nbsp;&nbsp;WTIMER3A_Handler
</UL>

<P><STRONG><a name="[97]"></a>WTIMER3B_Handler</STRONG> (Thumb, 2 bytes, Stack size 0 bytes, startup_tm4c129.o(.text), UNUSED, KEPT)
<BR><BR>[Calls]<UL><LI><a href="#[97]">&gt;&gt;</a>&nbsp;&nbsp;&nbsp;WTIMER3B_Handler
</UL>
<BR>[Called By]<UL><LI><a href="#[97]">&gt;&gt;</a>&nbsp;&nbsp;&nbsp;WTIMER3B_Handler
</UL>

<P><STRONG><a name="[98]"></a>WTIMER4A_Handler</STRONG> (Thumb, 2 bytes, Stack size 0 bytes, startup_tm4c129.o(.text), UNUSED, KEPT)
<BR><BR>[Calls]<UL><LI><a href="#[98]">&gt;&gt;</a>&nbsp;&nbsp;&nbsp;WTIMER4A_Handler
</UL>
<BR>[Called By]<UL><LI><a href="#[98]">&gt;&gt;</a>&nbsp;&nbsp;&nbsp;WTIMER4A_Handler
</UL>

<P><STRONG><a name="[99]"></a>WTIMER4B_Handler</STRONG> (Thumb, 2 bytes, Stack size 0 bytes, startup_tm4c129.o(.text), UNUSED, KEPT)
<BR><BR>[Calls]<UL><LI><a href="#[99]">&gt;&gt;</a>&nbsp;&nbsp;&nbsp;WTIMER4B_Handler
</UL>
<BR>[Called By]<UL><LI><a href="#[99]">&gt;&gt;</a>&nbsp;&nbsp;&nbsp;WTIMER4B_Handler
</UL>

<P><STRONG><a name="[9a]"></a>WTIMER5A_Handler</STRONG> (Thumb, 2 bytes, Stack size 0 bytes, startup_tm4c129.o(.text), UNUSED, KEPT)
<BR><BR>[Calls]<UL><LI><a href="#[9a]">&gt;&gt;</a>&nbsp;&nbsp;&nbsp;WTIMER5A_Handler
</UL>
<BR>[Called By]<UL><LI><a href="#[9a]">&gt;&gt;</a>&nbsp;&nbsp;&nbsp;WTIMER5A_Handler
</UL>

<P><STRONG><a name="[9b]"></a>WTIMER5B_Handler</STRONG> (Thumb, 2 bytes, Stack size 0 bytes, startup_tm4c129.o(.text), UNUSED, KEPT)
<BR><BR>[Calls]<UL><LI><a href="#[9b]">&gt;&gt;</a>&nbsp;&nbsp;&nbsp;WTIMER5B_Handler
</UL>
<BR>[Called By]<UL><LI><a href="#[9b]">&gt;&gt;</a>&nbsp;&nbsp;&nbsp;WTIMER5B_Handler
</UL>

<P><STRONG><a name="[4d]"></a>FPU_Handler</STRONG> (Thumb, 2 bytes, Stack size 0 bytes, startup_tm4c129.o(.text))
<BR><BR>[Calls]<UL><LI><a href="#[4d]">&gt;&gt;</a>&nbsp;&nbsp;&nbsp;FPU_Handler
</UL>
<BR>[Called By]<UL><LI><a href="#[4d]">&gt;&gt;</a>&nbsp;&nbsp;&nbsp;FPU_Handler
</UL>
<BR>[Address Reference Count : 1]<UL><LI> startup_tm4c129.o(RESET)
</UL>
<P><STRONG><a name="[4e]"></a>I2C4_Handler</STRONG> (Thumb, 2 bytes, Stack size 0 bytes, startup_tm4c129.o(.text))
<BR><BR>[Calls]<UL><LI><a href="#[4e]">&gt;&gt;</a>&nbsp;&nbsp;&nbsp;I2C4_Handler
</UL>
<BR>[Called By]<UL><LI><a href="#[4e]">&gt;&gt;</a>&nbsp;&nbsp;&nbsp;I2C4_Handler
</UL>
<BR>[Address Reference Count : 1]<UL><LI> startup_tm4c129.o(RESET)
</UL>
<P><STRONG><a name="[4f]"></a>I2C5_Handler</STRONG> (Thumb, 2 bytes, Stack size 0 bytes, startup_tm4c129.o(.text))
<BR><BR>[Calls]<UL><LI><a href="#[4f]">&gt;&gt;</a>&nbsp;&nbsp;&nbsp;I2C5_Handler
</UL>
<BR>[Called By]<UL><LI><a href="#[4f]">&gt;&gt;</a>&nbsp;&nbsp;&nbsp;I2C5_Handler
</UL>
<BR>[Address Reference Count : 1]<UL><LI> startup_tm4c129.o(RESET)
</UL>
<P><STRONG><a name="[50]"></a>GPIOM_Handler</STRONG> (Thumb, 2 bytes, Stack size 0 bytes, startup_tm4c129.o(.text))
<BR><BR>[Calls]<UL><LI><a href="#[50]">&gt;&gt;</a>&nbsp;&nbsp;&nbsp;GPIOM_Handler
</UL>
<BR>[Called By]<UL><LI><a href="#[50]">&gt;&gt;</a>&nbsp;&nbsp;&nbsp;GPIOM_Handler
</UL>
<BR>[Address Reference Count : 1]<UL><LI> startup_tm4c129.o(RESET)
</UL>
<P><STRONG><a name="[51]"></a>GPION_Handler</STRONG> (Thumb, 2 bytes, Stack size 0 bytes, startup_tm4c129.o(.text))
<BR><BR>[Calls]<UL><LI><a href="#[51]">&gt;&gt;</a>&nbsp;&nbsp;&nbsp;GPION_Handler
</UL>
<BR>[Called By]<UL><LI><a href="#[51]">&gt;&gt;</a>&nbsp;&nbsp;&nbsp;GPION_Handler
</UL>
<BR>[Address Reference Count : 1]<UL><LI> startup_tm4c129.o(RESET)
</UL>
<P><STRONG><a name="[52]"></a>TAMPER_Handler</STRONG> (Thumb, 2 bytes, Stack size 0 bytes, startup_tm4c129.o(.text))
<BR><BR>[Calls]<UL><LI><a href="#[52]">&gt;&gt;</a>&nbsp;&nbsp;&nbsp;TAMPER_Handler
</UL>
<BR>[Called By]<UL><LI><a href="#[52]">&gt;&gt;</a>&nbsp;&nbsp;&nbsp;TAMPER_Handler
</UL>
<BR>[Address Reference Count : 1]<UL><LI> startup_tm4c129.o(RESET)
</UL>
<P><STRONG><a name="[53]"></a>GPIOP0_Handler</STRONG> (Thumb, 2 bytes, Stack size 0 bytes, startup_tm4c129.o(.text))
<BR><BR>[Calls]<UL><LI><a href="#[53]">&gt;&gt;</a>&nbsp;&nbsp;&nbsp;GPIOP0_Handler
</UL>
<BR>[Called By]<UL><LI><a href="#[53]">&gt;&gt;</a>&nbsp;&nbsp;&nbsp;GPIOP0_Handler
</UL>
<BR>[Address Reference Count : 1]<UL><LI> startup_tm4c129.o(RESET)
</UL>
<P><STRONG><a name="[54]"></a>GPIOP1_Handler</STRONG> (Thumb, 2 bytes, Stack size 0 bytes, startup_tm4c129.o(.text))
<BR><BR>[Calls]<UL><LI><a href="#[54]">&gt;&gt;</a>&nbsp;&nbsp;&nbsp;GPIOP1_Handler
</UL>
<BR>[Called By]<UL><LI><a href="#[54]">&gt;&gt;</a>&nbsp;&nbsp;&nbsp;GPIOP1_Handler
</UL>
<BR>[Address Reference Count : 1]<UL><LI> startup_tm4c129.o(RESET)
</UL>
<P><STRONG><a name="[55]"></a>GPIOP2_Handler</STRONG> (Thumb, 2 bytes, Stack size 0 bytes, startup_tm4c129.o(.text))
<BR><BR>[Calls]<UL><LI><a href="#[55]">&gt;&gt;</a>&nbsp;&nbsp;&nbsp;GPIOP2_Handler
</UL>
<BR>[Called By]<UL><LI><a href="#[55]">&gt;&gt;</a>&nbsp;&nbsp;&nbsp;GPIOP2_Handler
</UL>
<BR>[Address Reference Count : 1]<UL><LI> startup_tm4c129.o(RESET)
</UL>
<P><STRONG><a name="[56]"></a>GPIOP3_Handler</STRONG> (Thumb, 2 bytes, Stack size 0 bytes, startup_tm4c129.o(.text))
<BR><BR>[Calls]<UL><LI><a href="#[56]">&gt;&gt;</a>&nbsp;&nbsp;&nbsp;GPIOP3_Handler
</UL>
<BR>[Called By]<UL><LI><a href="#[56]">&gt;&gt;</a>&nbsp;&nbsp;&nbsp;GPIOP3_Handler
</UL>
<BR>[Address Reference Count : 1]<UL><LI> startup_tm4c129.o(RESET)
</UL>
<P><STRONG><a name="[57]"></a>GPIOP4_Handler</STRONG> (Thumb, 2 bytes, Stack size 0 bytes, startup_tm4c129.o(.text))
<BR><BR>[Calls]<UL><LI><a href="#[57]">&gt;&gt;</a>&nbsp;&nbsp;&nbsp;GPIOP4_Handler
</UL>
<BR>[Called By]<UL><LI><a href="#[57]">&gt;&gt;</a>&nbsp;&nbsp;&nbsp;GPIOP4_Handler
</UL>
<BR>[Address Reference Count : 1]<UL><LI> startup_tm4c129.o(RESET)
</UL>
<P><STRONG><a name="[58]"></a>GPIOP5_Handler</STRONG> (Thumb, 2 bytes, Stack size 0 bytes, startup_tm4c129.o(.text))
<BR><BR>[Calls]<UL><LI><a href="#[58]">&gt;&gt;</a>&nbsp;&nbsp;&nbsp;GPIOP5_Handler
</UL>
<BR>[Called By]<UL><LI><a href="#[58]">&gt;&gt;</a>&nbsp;&nbsp;&nbsp;GPIOP5_Handler
</UL>
<BR>[Address Reference Count : 1]<UL><LI> startup_tm4c129.o(RESET)
</UL>
<P><STRONG><a name="[59]"></a>GPIOP6_Handler</STRONG> (Thumb, 2 bytes, Stack size 0 bytes, startup_tm4c129.o(.text))
<BR><BR>[Calls]<UL><LI><a href="#[59]">&gt;&gt;</a>&nbsp;&nbsp;&nbsp;GPIOP6_Handler
</UL>
<BR>[Called By]<UL><LI><a href="#[59]">&gt;&gt;</a>&nbsp;&nbsp;&nbsp;GPIOP6_Handler
</UL>
<BR>[Address Reference Count : 1]<UL><LI> startup_tm4c129.o(RESET)
</UL>
[...]
<BR><BR>[Called By]<UL><LI><a href="#[81]">&gt;&gt;</a>&nbsp;&nbsp;&nbsp;ADC1_InterruptHandler
</UL>

<P><STRONG><a name="[e8]"></a>ADCSequenceEnable</STRONG> (Thumb, 14 bytes, Stack size 0 bytes, adc.o(i.ADCSequenceEnable))
<BR><BR>[Called By]<UL><LI><a href="#[dc]">&gt;&gt;</a>&nbsp;&nbsp;&nbsp;ConfigurarADC0
<LI><a href="#[e9]">&gt;&gt;</a>&nbsp;&nbsp;&nbsp;ConfigurarOsciloscopioBackground
</UL>

<P><STRONG><a name="[e7]"></a>ADCSequenceStepConfigure</STRONG> (Thumb, 154 bytes, Stack size 4 bytes, adc.o(i.ADCSequenceStepConfigure))
<BR><BR>[Stack]<UL><LI>Max Depth = 4<LI>Call Chain = ADCSequenceStepConfigure
</UL>
<BR>[Called By]<UL><LI><a href="#[dc]">&gt;&gt;</a>&nbsp;&nbsp;&nbsp;ConfigurarADC0
<LI><a href="#[e9]">&gt;&gt;</a>&nbsp;&nbsp;&nbsp;ConfigurarOsciloscopioBackground
</UL>

<P><STRONG><a name="[11a]"></a>GPIODirModeSet</STRONG> (Thumb, 40 bytes, Stack size 0 bytes, gpio.o(i.GPIODirModeSet))
<BR><BR>[Called By]<UL><LI><a href="#[10d]">&gt;&gt;</a>&nbsp;&nbsp;&nbsp;GPIOPinTypeGPIOOutput
<LI><a href="#[10b]">&gt;&gt;</a>&nbsp;&nbsp;&nbsp;GPIOPinTypeSSI
<LI><a href="#[e0]">&gt;&gt;</a>&nbsp;&nbsp;&nbsp;GPIOPinTypeGPIOInput
<LI><a href="#[df]">&gt;&gt;</a>&nbsp;&nbsp;&nbsp;GPIOPinTypeADC
</UL>

<P><STRONG><a name="[10a]"></a>GPIOIntClear</STRONG> (Thumb, 6 bytes, Stack size 0 bytes, gpio.o(i.GPIOIntClear))
<BR><BR>[Called By]<UL><LI><a href="#[80]">&gt;&gt;</a>&nbsp;&nbsp;&nbsp;GPIOC_InterruptHandler
</UL>

<P><STRONG><a name="[e4]"></a>GPIOIntEnable</STRONG> (Thumb, 12 bytes, Stack size 0 bytes, gpio.o(i.GPIOIntEnable))
<BR><BR>[Called By]<UL><LI><a href="#[dc]">&gt;&gt;</a>&nbsp;&nbsp;&nbsp;ConfigurarADC0
</UL>

<P><STRONG><a name="[e3]"></a>GPIOIntRegister</STRONG> (Thumb, 26 bytes, Stack size 16 bytes, gpio.o(i.GPIOIntRegister))
<BR><BR>[Stack]<UL><LI>Max Depth = 24<LI>Call Chain = GPIOIntRegister &rArr; IntRegister
</UL>
<BR>[Calls]<UL><LI><a href="#[118]">&gt;&gt;</a>&nbsp;&nbsp;&nbsp;IntRegister
<LI><a href="#[e5]">&gt;&gt;</a>&nbsp;&nbsp;&nbsp;IntEnable
<LI><a href="#[119]">&gt;&gt;</a>&nbsp;&nbsp;&nbsp;_GPIOIntNumberGet
</UL>
<BR>[Called By]<UL><LI><a href="#[dc]">&gt;&gt;</a>&nbsp;&nbsp;&nbsp;ConfigurarADC0
</UL>

<P><STRONG><a name="[109]"></a>GPIOIntStatus</STRONG> (Thumb, 14 bytes, Stack size 0 bytes, gpio.o(i.GPIOIntStatus))
<BR><BR>[Called By]<UL><LI><a href="#[80]">&gt;&gt;</a>&nbsp;&nbsp;&nbsp;GPIOC_InterruptHandler
</UL>

<P><STRONG><a name="[e2]"></a>GPIOIntTypeSet</STRONG> (Thumb, 80 bytes, Stack size 0 bytes, gpio.o(i.GPIOIntTypeSet))
<BR><BR>[Called By]<UL><LI><a href="#[dc]">&gt;&gt;</a>&nbsp;&nbsp;&nbsp;ConfigurarADC0
</UL>

<P><STRONG><a name="[e1]"></a>GPIOPadConfigSet</STRONG> (Thumb, 354 bytes, Stack size 36 bytes, gpio.o(i.GPIOPadConfigSet))
<BR><BR>[Stack]<UL><LI>Max Depth = 36<LI>Call Chain = GPIOPadConfigSet
</UL>
<BR>[Called By]<UL><LI><a href="#[10d]">&gt;&gt;</a>&nbsp;&nbsp;&nbsp;GPIOPinTypeGPIOOutput
<LI><a href="#[10b]">&gt;&gt;</a>&nbsp;&nbsp;&nbsp;GPIOPinTypeSSI
<LI><a href="#[e0]">&gt;&gt;</a>&nbsp;&nbsp;&nbsp;GPIOPinTypeGPIOInput
<LI><a href="#[df]">&gt;&gt;</a>&nbsp;&nbsp;&nbsp;GPIOPinTypeADC
<LI><a href="#[dc]">&gt;&gt;</a>&nbsp;&nbsp;&nbsp;ConfigurarADC0
</UL>

<P><STRONG><a name="[10c]"></a>GPIOPinConfigure</STRONG> (Thumb, 60 bytes, Stack size 0 bytes, gpio.o(i.GPIOPinConfigure))
<BR><BR>[Called By]<UL><LI><a href="#[fa]">&gt;&gt;</a>&nbsp;&nbsp;&nbsp;HAL_LCD_PortInit
</UL>

<P><STRONG><a name="[df]"></a>GPIOPinTypeADC</STRONG> (Thumb, 28 bytes, Stack size 12 bytes, gpio.o(i.GPIOPinTypeADC))
<BR><BR>[Stack]<UL><LI>Max Depth = 48<LI>Call Chain = GPIOPinTypeADC &rArr; GPIOPadConfigSet
</UL>
<BR>[Calls]<UL><LI><a href="#[e1]">&gt;&gt;</a>&nbsp;&nbsp;&nbsp;GPIOPadConfigSet
<LI><a href="#[11a]">&gt;&gt;</a>&nbsp;&nbsp;&nbsp;GPIODirModeSet
</UL>
<BR>[Called By]<UL><LI><a href="#[dc]">&gt;&gt;</a>&nbsp;&nbsp;&nbsp;ConfigurarADC0
<LI><a href="#[e9]">&gt;&gt;</a>&nbsp;&nbsp;&nbsp;ConfigurarOsciloscopioBackground
</UL>

<P><STRONG><a name="[e0]"></a>GPIOPinTypeGPIOInput</STRONG> (Thumb, 28 bytes, Stack size 12 bytes, gpio.o(i.GPIOPinTypeGPIOInput))
<BR><BR>[Stack]<UL><LI>Max Depth = 48<LI>Call Chain = GPIOPinTypeGPIOInput &rArr; GPIOPadConfigSet
</UL>
<BR>[Calls]<UL><LI><a href="#[e1]">&gt;&gt;</a>&nbsp;&nbsp;&nbsp;GPIOPadConfigSet
<LI><a href="#[11a]">&gt;&gt;</a>&nbsp;&nbsp;&nbsp;GPIODirModeSet
</UL>
<BR>[Called By]<UL><LI><a href="#[dc]">&gt;&gt;</a>&nbsp;&nbsp;&nbsp;ConfigurarADC0
</UL>

<P><STRONG><a name="[10d]"></a>GPIOPinTypeGPIOOutput</STRONG> (Thumb, 28 bytes, Stack size 12 bytes, gpio.o(i.GPIOPinTypeGPIOOutput))
<BR><BR>[Stack]<UL><LI>Max Depth = 48<LI>Call Chain = GPIOPinTypeGPIOOutput &rArr; GPIOPadConfigSet
</UL>
<BR>[Calls]<UL><LI><a href="#[e1]">&gt;&gt;</a>&nbsp;&nbsp;&nbsp;GPIOPadConfigSet
<LI><a href="#[11a]">&gt;&gt;</a>&nbsp;&nbsp;&nbsp;GPIODirModeSet
</UL>
<BR>[Called By]<UL><LI><a href="#[fa]">&gt;&gt;</a>&nbsp;&nbsp;&nbsp;HAL_LCD_PortInit
</UL>

<P><STRONG><a name="[10b]"></a>GPIOPinTypeSSI</STRONG> (Thumb, 28 bytes, Stack size 12 bytes, gpio.o(i.GPIOPinTypeSSI))
<BR><BR>[Stack]<UL><LI>Max Depth = 48<LI>Call Chain = GPIOPinTypeSSI &rArr; GPIOPadConfigSet
</UL>
<BR>[Calls]<UL><LI><a href="#[e1]">&gt;&gt;</a>&nbsp;&nbsp;&nbsp;GPIOPadConfigSet
<LI><a href="#[11a]">&gt;&gt;</a>&nbsp;&nbsp;&nbsp;GPIODirModeSet
</UL>
<BR>[Called By]<UL><LI><a href="#[fa]">&gt;&gt;</a>&nbsp;&nbsp;&nbsp;HAL_LCD_PortInit
</UL>

<P><STRONG><a name="[110]"></a>GPIOPinWrite</STRONG> (Thumb, 6 bytes, Stack size 0 bytes, gpio.o(i.GPIOPinWrite))
<BR><BR>[Called By]<UL><LI><a href="#[f7]">&gt;&gt;</a>&nbsp;&nbsp;&nbsp;HAL_LCD_writeCommand
<LI><a href="#[fb]">&gt;&gt;</a>&nbsp;&nbsp;&nbsp;HAL_LCD_SpiInit
</UL>

<P><STRONG><a name="[ff]"></a>GrContextFontSet</STRONG> (Thumb, 6 bytes, Stack size 0 bytes, string.o(i.GrContextFontSet))
<BR><BR>[Stack]<UL><LI>Max Depth = 16<LI>Call Chain = GrContextFontSet &rArr; UpdateContextCharMapping
</UL>
<BR>[Calls]<UL><LI><a href="#[11b]">&gt;&gt;</a>&nbsp;&nbsp;&nbsp;UpdateContextCharMapping
</UL>
<BR>[Called By]<UL><LI><a href="#[105]">&gt;&gt;</a>&nbsp;&nbsp;&nbsp;DesenharOsciloscopio2
<LI><a href="#[104]">&gt;&gt;</a>&nbsp;&nbsp;&nbsp;DesenharOsciloscopio
<LI><a href="#[fd]">&gt;&gt;</a>&nbsp;&nbsp;&nbsp;DesenharMenuPrincipal
<LI><a href="#[107]">&gt;&gt;</a>&nbsp;&nbsp;&nbsp;DisplaySetup
</UL>

<P><STRONG><a name="[108]"></a>GrContextInit</STRONG> (Thumb, 88 bytes, Stack size 0 bytes, context.o(i.GrContextInit))
<BR><BR>[Called By]<UL><LI><a href="#[107]">&gt;&gt;</a>&nbsp;&nbsp;&nbsp;DisplaySetup
</UL>

<P><STRONG><a name="[85]"></a>GrDefaultStringRenderer</STRONG> (Thumb, 280 bytes, Stack size 72 bytes, string.o(i.GrDefaultStringRenderer))
<BR><BR>[Stack]<UL><LI>Max Depth = 136<LI>Call Chain = GrDefaultStringRenderer &rArr; GrFontGlyphRender
</UL>
<BR>[Calls]<UL><LI><a href="#[11d]">&gt;&gt;</a>&nbsp;&nbsp;&nbsp;GrFontGlyphRender
<LI><a href="#[11c]">&gt;&gt;</a>&nbsp;&nbsp;&nbsp;GrFontGlyphDataGet
</UL>
<BR>[Address Reference Count : 1]<UL><LI> context.o(i.GrContextInit)
</UL>
<P><STRONG><a name="[101]"></a>GrFontBaselineGet</STRONG> (Thumb, 44 bytes, Stack size 24 bytes, string.o(i.GrFontBaselineGet))
<BR><BR>[Stack]<UL><LI>Max Depth = 24<LI>Call Chain = GrFontBaselineGet
</UL>
<BR>[Called By]<UL><LI><a href="#[106]">&gt;&gt;</a>&nbsp;&nbsp;&nbsp;DesenharSubMenu
<LI><a href="#[fd]">&gt;&gt;</a>&nbsp;&nbsp;&nbsp;DesenharMenuPrincipal
</UL>

<P><STRONG><a name="[11c]"></a>GrFontGlyphDataGet</STRONG> (Thumb, 166 bytes, Stack size 16 bytes, string.o(i.GrFontGlyphDataGet))
<BR><BR>[Stack]<UL><LI>Max Depth = 16<LI>Call Chain = GrFontGlyphDataGet
</UL>
<BR>[Called By]<UL><LI><a href="#[100]">&gt;&gt;</a>&nbsp;&nbsp;&nbsp;GrStringWidthGet
<LI><a href="#[85]">&gt;&gt;</a>&nbsp;&nbsp;&nbsp;GrDefaultStringRenderer
</UL>

<P><STRONG><a name="[11d]"></a>GrFontGlyphRender</STRONG> (Thumb, 646 bytes, Stack size 64 bytes, string.o(i.GrFontGlyphRender))
<BR><BR>[Stack]<UL><LI>Max Depth = 64<LI>Call Chain = GrFontGlyphRender
</UL>
<BR>[Called By]<UL><LI><a href="#[85]">&gt;&gt;</a>&nbsp;&nbsp;&nbsp;GrDefaultStringRenderer
</UL>

<P><STRONG><a name="[103]"></a>GrLineDraw</STRONG> (Thumb, 638 bytes, Stack size 40 bytes, line.o(i.GrLineDraw))
<BR><BR>[Stack]<UL><LI>Max Depth = 40<LI>Call Chain = GrLineDraw
</UL>
<BR>[Called By]<UL><LI><a href="#[105]">&gt;&gt;</a>&nbsp;&nbsp;&nbsp;DesenharOsciloscopio2
<LI><a href="#[104]">&gt;&gt;</a>&nbsp;&nbsp;&nbsp;DesenharOsciloscopio
<LI><a href="#[106]">&gt;&gt;</a>&nbsp;&nbsp;&nbsp;DesenharSubMenu
<LI><a href="#[fd]">&gt;&gt;</a>&nbsp;&nbsp;&nbsp;DesenharMenuPrincipal
</UL>

<P><STRONG><a name="[86]"></a>GrMapISO8859_1_Unicode</STRONG> (Thumb, 8 bytes, Stack size 0 bytes, charmap.o(i.GrMapISO8859_1_Unicode))
<BR>[Address Reference Count : 1]<UL><LI> context.o(.constdata)
</UL>
<P><STRONG><a name="[fe]"></a>GrRectFill</STRONG> (Thumb, 180 bytes, Stack size 24 bytes, rectangle.o(i.GrRectFill))
<BR><BR>[Stack]<UL><LI>Max Depth = 24<LI>Call Chain = GrRectFill
</UL>
<BR>[Called By]<UL><LI><a href="#[105]">&gt;&gt;</a>&nbsp;&nbsp;&nbsp;DesenharOsciloscopio2
<LI><a href="#[104]">&gt;&gt;</a>&nbsp;&nbsp;&nbsp;DesenharOsciloscopio
<LI><a href="#[106]">&gt;&gt;</a>&nbsp;&nbsp;&nbsp;DesenharSubMenu
<LI><a href="#[fd]">&gt;&gt;</a>&nbsp;&nbsp;&nbsp;DesenharMenuPrincipal
</UL>

<P><STRONG><a name="[102]"></a>GrStringDraw</STRONG> (Thumb, 32 bytes, Stack size 16 bytes, string.o(i.GrStringDraw))
<BR><BR>[Stack]<UL><LI>Max Depth = 16<LI>Call Chain = GrStringDraw
</UL>
<BR>[Called By]<UL><LI><a href="#[105]">&gt;&gt;</a>&nbsp;&nbsp;&nbsp;DesenharOsciloscopio2
<LI><a href="#[104]">&gt;&gt;</a>&nbsp;&nbsp;&nbsp;DesenharOsciloscopio
<LI><a href="#[106]">&gt;&gt;</a>&nbsp;&nbsp;&nbsp;DesenharSubMenu
<LI><a href="#[fd]">&gt;&gt;</a>&nbsp;&nbsp;&nbsp;DesenharMenuPrincipal
</UL>

<P><STRONG><a name="[100]"></a>GrStringWidthGet</STRONG> (Thumb, 192 bytes, Stack size 64 bytes, string.o(i.GrStringWidthGet))
<BR><BR>[Stack]<UL><LI>Max Depth = 80<LI>Call Chain = GrStringWidthGet &rArr; GrFontGlyphDataGet
</UL>
<BR>[Calls]<UL><LI><a href="#[11c]">&gt;&gt;</a>&nbsp;&nbsp;&nbsp;GrFontGlyphDataGet
</UL>
<BR>[Called By]<UL><LI><a href="#[106]">&gt;&gt;</a>&nbsp;&nbsp;&nbsp;DesenharSubMenu
<LI><a href="#[fd]">&gt;&gt;</a>&nbsp;&nbsp;&nbsp;DesenharMenuPrincipal
</UL>

<P><STRONG><a name="[e5]"></a>IntEnable</STRONG> (Thumb, 92 bytes, Stack size 0 bytes, interrupt.o(i.IntEnable))
<BR><BR>[Called By]<UL><LI><a href="#[ea]">&gt;&gt;</a>&nbsp;&nbsp;&nbsp;ADCIntRegister
<LI><a href="#[e3]">&gt;&gt;</a>&nbsp;&nbsp;&nbsp;GPIOIntRegister
<LI><a href="#[dc]">&gt;&gt;</a>&nbsp;&nbsp;&nbsp;ConfigurarADC0
<LI><a href="#[e9]">&gt;&gt;</a>&nbsp;&nbsp;&nbsp;ConfigurarOsciloscopioBackground
<LI><a href="#[f0]">&gt;&gt;</a>&nbsp;&nbsp;&nbsp;ConfigurarTimer1A
<LI><a href="#[f3]">&gt;&gt;</a>&nbsp;&nbsp;&nbsp;TimerIntRegister
</UL>

<P><STRONG><a name="[f4]"></a>IntPrioritySet</STRONG> (Thumb, 36 bytes, Stack size 0 bytes, interrupt.o(i.IntPrioritySet))
<BR><BR>[Called By]<UL><LI><a href="#[f0]">&gt;&gt;</a>&nbsp;&nbsp;&nbsp;ConfigurarTimer1A
</UL>

<P><STRONG><a name="[118]"></a>IntRegister</STRONG> (Thumb, 44 bytes, Stack size 8 bytes, interrupt.o(i.IntRegister))
<BR><BR>[Stack]<UL><LI>Max Depth = 8<LI>Call Chain = IntRegister
</UL>
<BR>[Called By]<UL><LI><a href="#[ea]">&gt;&gt;</a>&nbsp;&nbsp;&nbsp;ADCIntRegister
<LI><a href="#[e3]">&gt;&gt;</a>&nbsp;&nbsp;&nbsp;GPIOIntRegister
<LI><a href="#[f3]">&gt;&gt;</a>&nbsp;&nbsp;&nbsp;TimerIntRegister
</UL>

<P><STRONG><a name="[111]"></a>SSIBusy</STRONG> (Thumb, 8 bytes, Stack size 0 bytes, ssi.o(i.SSIBusy))
<BR><BR>[Called By]<UL><LI><a href="#[f7]">&gt;&gt;</a>&nbsp;&nbsp;&nbsp;HAL_LCD_writeCommand
</UL>

<P><STRONG><a name="[10e]"></a>SSIConfigSetExpClk</STRONG> (Thumb, 58 bytes, Stack size 4 bytes, ssi.o(i.SSIConfigSetExpClk))
<BR><BR>[Stack]<UL><LI>Max Depth = 4<LI>Call Chain = SSIConfigSetExpClk
</UL>
<BR>[Called By]<UL><LI><a href="#[fb]">&gt;&gt;</a>&nbsp;&nbsp;&nbsp;HAL_LCD_SpiInit
</UL>

<P><STRONG><a name="[112]"></a>SSIDataPut</STRONG> (Thumb, 12 bytes, Stack size 0 bytes, ssi.o(i.SSIDataPut))
<BR><BR>[Calls]<UL><LI><a href="#[112]">&gt;&gt;</a>&nbsp;&nbsp;&nbsp;SSIDataPut
</UL>
<BR>[Called By]<UL><LI><a href="#[112]">&gt;&gt;</a>&nbsp;&nbsp;&nbsp;SSIDataPut
<LI><a href="#[f8]">&gt;&gt;</a>&nbsp;&nbsp;&nbsp;HAL_LCD_writeData
<LI><a href="#[f7]">&gt;&gt;</a>&nbsp;&nbsp;&nbsp;HAL_LCD_writeCommand
</UL>

<P><STRONG><a name="[10f]"></a>SSIEnable</STRONG> (Thumb, 10 bytes, Stack size 0 bytes, ssi.o(i.SSIEnable))
<BR><BR>[Called By]<UL><LI><a href="#[fb]">&gt;&gt;</a>&nbsp;&nbsp;&nbsp;HAL_LCD_SpiInit
</UL>

<P><STRONG><a name="[116]"></a>SysCtlClockFreqSet</STRONG> (Thumb, 700 bytes, Stack size 24 bytes, sysctl.o(i.SysCtlClockFreqSet))
<BR><BR>[Stack]<UL><LI>Max Depth = 24<LI>Call Chain = SysCtlClockFreqSet
</UL>
<BR>[Called By]<UL><LI><a href="#[a6]">&gt;&gt;</a>&nbsp;&nbsp;&nbsp;main
</UL>

<P><STRONG><a name="[dd]"></a>SysCtlPeripheralEnable</STRONG> (Thumb, 36 bytes, Stack size 0 bytes, sysctl.o(i.SysCtlPeripheralEnable))
<BR><BR>[Called By]<UL><LI><a href="#[fb]">&gt;&gt;</a>&nbsp;&nbsp;&nbsp;HAL_LCD_SpiInit
<LI><a href="#[fa]">&gt;&gt;</a>&nbsp;&nbsp;&nbsp;HAL_LCD_PortInit
<LI><a href="#[dc]">&gt;&gt;</a>&nbsp;&nbsp;&nbsp;ConfigurarADC0
<LI><a href="#[e9]">&gt;&gt;</a>&nbsp;&nbsp;&nbsp;ConfigurarOsciloscopioBackground
<LI><a href="#[f0]">&gt;&gt;</a>&nbsp;&nbsp;&nbsp;ConfigurarTimer1A
</UL>

<P><STRONG><a name="[de]"></a>SysCtlPeripheralReady</STRONG> (Thumb, 40 bytes, Stack size 0 bytes, sysctl.o(i.SysCtlPeripheralReady))
<BR><BR>[Called By]<UL><LI><a href="#[dc]">&gt;&gt;</a>&nbsp;&nbsp;&nbsp;ConfigurarADC0
<LI><a href="#[e9]">&gt;&gt;</a>&nbsp;&nbsp;&nbsp;ConfigurarOsciloscopioBackground
<LI><a href="#[f0]">&gt;&gt;</a>&nbsp;&nbsp;&nbsp;ConfigurarTimer1A
</UL>

<P><STRONG><a name="[ec]"></a>TimerConfigure</STRONG> (Thumb, 88 bytes, Stack size 4 bytes, timer.o(i.TimerConfigure))
<BR><BR>[Stack]<UL><LI>Max Depth = 4<LI>Call Chain = TimerConfigure
</UL>
<BR>[Called By]<UL><LI><a href="#[e9]">&gt;&gt;</a>&nbsp;&nbsp;&nbsp;ConfigurarOsciloscopioBackground
<LI><a href="#[f0]">&gt;&gt;</a>&nbsp;&nbsp;&nbsp;ConfigurarTimer1A
</UL>

<P><STRONG><a name="[ee]"></a>TimerControlTrigger</STRONG> (Thumb, 70 bytes, Stack size 0 bytes, timer.o(i.TimerControlTrigger))
<BR><BR>[Called By]<UL><LI><a href="#[e9]">&gt;&gt;</a>&nbsp;&nbsp;&nbsp;ConfigurarOsciloscopioBackground
</UL>

<P><STRONG><a name="[f1]"></a>TimerDisable</STRONG> (Thumb, 16 bytes, Stack size 0 bytes, timer.o(i.TimerDisable))
<BR><BR>[Called By]<UL><LI><a href="#[f0]">&gt;&gt;</a>&nbsp;&nbsp;&nbsp;ConfigurarTimer1A
</UL>

<P><STRONG><a name="[ef]"></a>TimerEnable</STRONG> (Thumb, 14 bytes, Stack size 0 bytes, timer.o(i.TimerEnable))
<BR><BR>[Called By]<UL><LI><a href="#[e9]">&gt;&gt;</a>&nbsp;&nbsp;&nbsp;ConfigurarOsciloscopioBackground
<LI><a href="#[f0]">&gt;&gt;</a>&nbsp;&nbsp;&nbsp;ConfigurarTimer1A
</UL>

<P><STRONG><a name="[f2]"></a>TimerIntClear</STRONG> (Thumb, 4 bytes, Stack size 0 bytes, timer.o(i.TimerIntClear))
<BR><BR>[Called By]<UL><LI><a href="#[82]">&gt;&gt;</a>&nbsp;&nbsp;&nbsp;Timer1A_Handler
<LI><a href="#[f0]">&gt;&gt;</a>&nbsp;&nbsp;&nbsp;ConfigurarTimer1A
</UL>

<P><STRONG><a name="[f5]"></a>TimerIntEnable</STRONG> (Thumb, 8 bytes, Stack size 0 bytes, timer.o(i.TimerIntEnable))
<BR><BR>[Called By]<UL><LI><a href="#[f0]">&gt;&gt;</a>&nbsp;&nbsp;&nbsp;ConfigurarTimer1A
</UL>

<P><STRONG><a name="[f3]"></a>TimerIntRegister</STRONG> (Thumb, 88 bytes, Stack size 16 bytes, timer.o(i.TimerIntRegister))
<BR><BR>[Stack]<UL><LI>Max Depth = 24<LI>Call Chain = TimerIntRegister &rArr; IntRegister
</UL>
<BR>[Calls]<UL><LI><a href="#[118]">&gt;&gt;</a>&nbsp;&nbsp;&nbsp;IntRegister
<LI><a href="#[e5]">&gt;&gt;</a>&nbsp;&nbsp;&nbsp;IntEnable
</UL>
<BR>[Called By]<UL><LI><a href="#[f0]">&gt;&gt;</a>&nbsp;&nbsp;&nbsp;ConfigurarTimer1A
</UL>

<P><STRONG><a name="[ed]"></a>TimerLoadSet</STRONG> (Thumb, 18 bytes, Stack size 0 bytes, timer.o(i.TimerLoadSet))
<BR><BR>[Called By]<UL><LI><a href="#[e9]">&gt;&gt;</a>&nbsp;&nbsp;&nbsp;ConfigurarOsciloscopioBackground
<LI><a href="#[f0]">&gt;&gt;</a>&nbsp;&nbsp;&nbsp;ConfigurarTimer1A
</UL>

<P><STRONG><a name="[a0]"></a>_fp_init</STRONG> (Thumb, 26 bytes, Stack size 0 bytes, fpinit.o(x$fpl$fpinit))
<BR><BR>[Called By]<UL><LI><a href="#[9f]">&gt;&gt;</a>&nbsp;&nbsp;&nbsp;__rt_lib_init_fp_1
</UL>

<P><STRONG><a name="[157]"></a>__fplib_config_fpu_vfp</STRONG> (Thumb, 0 bytes, Stack size unknown bytes, fpinit.o(x$fpl$fpinit), UNUSED)

<P><STRONG><a name="[158]"></a>__fplib_config_pureend_doubles</STRONG> (Thumb, 0 bytes, Stack size unknown bytes, fpinit.o(x$fpl$fpinit), UNUSED)
<P>
<H3>
Local Symbols
</H3>
<P><STRONG><a name="[8d]"></a>Crystalfontz128x128_Flush</STRONG> (Thumb, 58 bytes, Stack size 16 bytes, crystalfontz128x128_st7735.o(.text.Crystalfontz128x128_Flush))
<BR><BR>[Stack]<UL><LI>Max Depth = 56<LI>Call Chain = Crystalfontz128x128_Flush &rArr; Crystalfontz128x128_SetDrawFrame &rArr; HAL_LCD_writeCommand
</UL>
<BR>[Calls]<UL><LI><a href="#[f6]">&gt;&gt;</a>&nbsp;&nbsp;&nbsp;Crystalfontz128x128_SetDrawFrame
<LI><a href="#[f8]">&gt;&gt;</a>&nbsp;&nbsp;&nbsp;HAL_LCD_writeData
<LI><a href="#[f7]">&gt;&gt;</a>&nbsp;&nbsp;&nbsp;HAL_LCD_writeCommand
</UL>
<BR>[Address Reference Count : 1]<UL><LI> crystalfontz128x128_st7735.o(.rodata.g_sCrystalfontz128x128)
</UL>
<P><STRONG><a name="[87]"></a>Crystalfontz128x128_PixelDraw</STRONG> (Thumb, 18 bytes, Stack size 0 bytes, crystalfontz128x128_st7735.o(.text.Crystalfontz128x128_PixelDraw))
<BR>[Address Reference Count : 1]<UL><LI> crystalfontz128x128_st7735.o(.rodata.g_sCrystalfontz128x128)
</UL>
<P><STRONG><a name="[88]"></a>Crystalfontz128x128_PixelDrawMultiple</STRONG> (Thumb, 738 bytes, Stack size 24 bytes, crystalfontz128x128_st7735.o(.text.Crystalfontz128x128_PixelDrawMultiple))
<BR><BR>[Stack]<UL><LI>Max Depth = 24<LI>Call Chain = Crystalfontz128x128_PixelDrawMultiple
</UL>
<BR>[Address Reference Count : 1]<UL><LI> crystalfontz128x128_st7735.o(.rodata.g_sCrystalfontz128x128)
</UL>
<P><STRONG><a name="[89]"></a>Crystalfontz128x128_LineDrawH</STRONG> (Thumb, 104 bytes, Stack size 8 bytes, crystalfontz128x128_st7735.o(.text.Crystalfontz128x128_LineDrawH))
<BR><BR>[Stack]<UL><LI>Max Depth = 8<LI>Call Chain = Crystalfontz128x128_LineDrawH
</UL>
<BR>[Address Reference Count : 1]<UL><LI> crystalfontz128x128_st7735.o(.rodata.g_sCrystalfontz128x128)
</UL>
<P><STRONG><a name="[8a]"></a>Crystalfontz128x128_LineDrawV</STRONG> (Thumb, 134 bytes, Stack size 16 bytes, crystalfontz128x128_st7735.o(.text.Crystalfontz128x128_LineDrawV))
<BR><BR>[Stack]<UL><LI>Max Depth = 16<LI>Call Chain = Crystalfontz128x128_LineDrawV
</UL>
<BR>[Address Reference Count : 1]<UL><LI> crystalfontz128x128_st7735.o(.rodata.g_sCrystalfontz128x128)
</UL>
<P><STRONG><a name="[8b]"></a>Crystalfontz128x128_RectFill</STRONG> (Thumb, 676 bytes, Stack size 28 bytes, crystalfontz128x128_st7735.o(.text.Crystalfontz128x128_RectFill))
<BR><BR>[Stack]<UL><LI>Max Depth = 28<LI>Call Chain = Crystalfontz128x128_RectFill
</UL>
<BR>[Address Reference Count : 1]<UL><LI> crystalfontz128x128_st7735.o(.rodata.g_sCrystalfontz128x128)
</UL>
<P><STRONG><a name="[8c]"></a>Crystalfontz128x128_ColorTranslate</STRONG> (Thumb, 32 bytes, Stack size 0 bytes, crystalfontz128x128_st7735.o(.text.Crystalfontz128x128_ColorTranslate))
<BR>[Address Reference Count : 1]<UL><LI> crystalfontz128x128_st7735.o(.rodata.g_sCrystalfontz128x128)
</UL>
<P><STRONG><a name="[119]"></a>_GPIOIntNumberGet</STRONG> (Thumb, 62 bytes, Stack size 0 bytes, gpio.o(i._GPIOIntNumberGet))
<BR><BR>[Called By]<UL><LI><a href="#[e3]">&gt;&gt;</a>&nbsp;&nbsp;&nbsp;GPIOIntRegister
</UL>

<P><STRONG><a name="[11b]"></a>UpdateContextCharMapping</STRONG> (Thumb, 108 bytes, Stack size 16 bytes, string.o(i.UpdateContextCharMapping))
<BR><BR>[Stack]<UL><LI>Max Depth = 16<LI>Call Chain = UpdateContextCharMapping
</UL>
<BR>[Called By]<UL><LI><a href="#[ff]">&gt;&gt;</a>&nbsp;&nbsp;&nbsp;GrContextFontSet
</UL>
<P>
<H3>
Undefined Global Symbols
</H3><HR></body></html>
